Archive member included to satisfy reference by file (symbol)

C:/ST/STM32CubeIDE_1.18.1/STM32CubeIDE/plugins/com.st.stm32cube.ide.mcu.externaltools.gnu-tools-for-stm32.13.3.rel1.win32_1.0.0.202411081344/tools/bin/../lib/gcc/arm-none-eabi/13.3.1/../../../../arm-none-eabi/lib/thumb/v7e-m+dp/hard\libc_nano.a(libc_a-abort.o)
                              ./mongoose/mongoose.o (abort)
C:/ST/STM32CubeIDE_1.18.1/STM32CubeIDE/plugins/com.st.stm32cube.ide.mcu.externaltools.gnu-tools-for-stm32.13.3.rel1.win32_1.0.0.202411081344/tools/bin/../lib/gcc/arm-none-eabi/13.3.1/../../../../arm-none-eabi/lib/thumb/v7e-m+dp/hard\libc_nano.a(libc_a-assert.o)
                              ./Core/Src/frozen.o (__assert_func)
C:/ST/STM32CubeIDE_1.18.1/STM32CubeIDE/plugins/com.st.stm32cube.ide.mcu.externaltools.gnu-tools-for-stm32.13.3.rel1.win32_1.0.0.202411081344/tools/bin/../lib/gcc/arm-none-eabi/13.3.1/../../../../arm-none-eabi/lib/thumb/v7e-m+dp/hard\libc_nano.a(libc_a-atof.o)
                              ./Core/Src/main.o (atof)
C:/ST/STM32CubeIDE_1.18.1/STM32CubeIDE/plugins/com.st.stm32cube.ide.mcu.externaltools.gnu-tools-for-stm32.13.3.rel1.win32_1.0.0.202411081344/tools/bin/../lib/gcc/arm-none-eabi/13.3.1/../../../../arm-none-eabi/lib/thumb/v7e-m+dp/hard\libc_nano.a(libc_a-atoi.o)
                              ./Core/Src/frozen.o (atoi)
C:/ST/STM32CubeIDE_1.18.1/STM32CubeIDE/plugins/com.st.stm32cube.ide.mcu.externaltools.gnu-tools-for-stm32.13.3.rel1.win32_1.0.0.202411081344/tools/bin/../lib/gcc/arm-none-eabi/13.3.1/../../../../arm-none-eabi/lib/thumb/v7e-m+dp/hard\libc_nano.a(libc_a-calloc.o)
                              ./mongoose/mongoose.o (calloc)
C:/ST/STM32CubeIDE_1.18.1/STM32CubeIDE/plugins/com.st.stm32cube.ide.mcu.externaltools.gnu-tools-for-stm32.13.3.rel1.win32_1.0.0.202411081344/tools/bin/../lib/gcc/arm-none-eabi/13.3.1/../../../../arm-none-eabi/lib/thumb/v7e-m+dp/hard\libc_nano.a(libc_a-callocr.o)
                              C:/ST/STM32CubeIDE_1.18.1/STM32CubeIDE/plugins/com.st.stm32cube.ide.mcu.externaltools.gnu-tools-for-stm32.13.3.rel1.win32_1.0.0.202411081344/tools/bin/../lib/gcc/arm-none-eabi/13.3.1/../../../../arm-none-eabi/lib/thumb/v7e-m+dp/hard\libc_nano.a(libc_a-calloc.o) (_calloc_r)
C:/ST/STM32CubeIDE_1.18.1/STM32CubeIDE/plugins/com.st.stm32cube.ide.mcu.externaltools.gnu-tools-for-stm32.13.3.rel1.win32_1.0.0.202411081344/tools/bin/../lib/gcc/arm-none-eabi/13.3.1/../../../../arm-none-eabi/lib/thumb/v7e-m+dp/hard\libc_nano.a(libc_a-exit.o)
                              C:/ST/STM32CubeIDE_1.18.1/STM32CubeIDE/plugins/com.st.stm32cube.ide.mcu.externaltools.gnu-tools-for-stm32.13.3.rel1.win32_1.0.0.202411081344/tools/bin/../lib/gcc/arm-none-eabi/13.3.1/../../../../arm-none-eabi/lib/thumb/v7e-m+dp/hard/crt0.o (exit)
C:/ST/STM32CubeIDE_1.18.1/STM32CubeIDE/plugins/com.st.stm32cube.ide.mcu.externaltools.gnu-tools-for-stm32.13.3.rel1.win32_1.0.0.202411081344/tools/bin/../lib/gcc/arm-none-eabi/13.3.1/../../../../arm-none-eabi/lib/thumb/v7e-m+dp/hard\libc_nano.a(libc_a-malloc.o)
                              ./Core/Src/frozen.o (malloc)
C:/ST/STM32CubeIDE_1.18.1/STM32CubeIDE/plugins/com.st.stm32cube.ide.mcu.externaltools.gnu-tools-for-stm32.13.3.rel1.win32_1.0.0.202411081344/tools/bin/../lib/gcc/arm-none-eabi/13.3.1/../../../../arm-none-eabi/lib/thumb/v7e-m+dp/hard\libc_nano.a(libc_a-mallocr.o)
                              C:/ST/STM32CubeIDE_1.18.1/STM32CubeIDE/plugins/com.st.stm32cube.ide.mcu.externaltools.gnu-tools-for-stm32.13.3.rel1.win32_1.0.0.202411081344/tools/bin/../lib/gcc/arm-none-eabi/13.3.1/../../../../arm-none-eabi/lib/thumb/v7e-m+dp/hard\libc_nano.a(libc_a-callocr.o) (_malloc_r)
C:/ST/STM32CubeIDE_1.18.1/STM32CubeIDE/plugins/com.st.stm32cube.ide.mcu.externaltools.gnu-tools-for-stm32.13.3.rel1.win32_1.0.0.202411081344/tools/bin/../lib/gcc/arm-none-eabi/13.3.1/../../../../arm-none-eabi/lib/thumb/v7e-m+dp/hard\libc_nano.a(libc_a-mlock.o)
                              C:/ST/STM32CubeIDE_1.18.1/STM32CubeIDE/plugins/com.st.stm32cube.ide.mcu.externaltools.gnu-tools-for-stm32.13.3.rel1.win32_1.0.0.202411081344/tools/bin/../lib/gcc/arm-none-eabi/13.3.1/../../../../arm-none-eabi/lib/thumb/v7e-m+dp/hard\libc_nano.a(libc_a-mallocr.o) (__malloc_lock)
C:/ST/STM32CubeIDE_1.18.1/STM32CubeIDE/plugins/com.st.stm32cube.ide.mcu.externaltools.gnu-tools-for-stm32.13.3.rel1.win32_1.0.0.202411081344/tools/bin/../lib/gcc/arm-none-eabi/13.3.1/../../../../arm-none-eabi/lib/thumb/v7e-m+dp/hard\libc_nano.a(libc_a-rand.o)
                              ./mongoose/mongoose.o (srand)
C:/ST/STM32CubeIDE_1.18.1/STM32CubeIDE/plugins/com.st.stm32cube.ide.mcu.externaltools.gnu-tools-for-stm32.13.3.rel1.win32_1.0.0.202411081344/tools/bin/../lib/gcc/arm-none-eabi/13.3.1/../../../../arm-none-eabi/lib/thumb/v7e-m+dp/hard\libc_nano.a(libc_a-realloc.o)
                              ./Core/Src/frozen.o (realloc)
[...]
Memory Configuration

Name             Origin             Length             Attributes
ITCMRAM          0x00000000         0x00010000         xrw
DTCMRAM          0x20000000         0x00020000         xrw
FLASH            0x08000000         0x00100000         xr
RAM_D1           0x24000000         0x00050000         xrw
RAM_D2           0x30000000         0x00008000         xrw
RAM_D3           0x38000000         0x00004000         xrw
*default*        0x00000000         0xffffffff

Linker script and memory map

LOAD C:/ST/STM32CubeIDE_1.18.1/STM32CubeIDE/plugins/com.st.stm32cube.ide.mcu.externaltools.gnu-tools-for-stm32.13.3.rel1.win32_1.0.0.202411081344/tools/bin/../lib/gcc/arm-none-eabi/13.3.1/thumb/v7e-m+dp/hard/crti.o
LOAD C:/ST/STM32CubeIDE_1.18.1/STM32CubeIDE/plugins/com.st.stm32cube.ide.mcu.externaltools.gnu-tools-for-stm32.13.3.rel1.win32_1.0.0.202411081344/tools/bin/../lib/gcc/arm-none-eabi/13.3.1/thumb/v7e-m+dp/hard/crtbegin.o
LOAD C:/ST/STM32CubeIDE_1.18.1/STM32CubeIDE/plugins/com.st.stm32cube.ide.mcu.externaltools.gnu-tools-for-stm32.13.3.rel1.win32_1.0.0.202411081344/tools/bin/../lib/gcc/arm-none-eabi/13.3.1/../../../../arm-none-eabi/lib/thumb/v7e-m+dp/hard/crt0.o
LOAD ./Core/Src/frozen.o
LOAD ./Core/Src/main.o
LOAD ./Core/Src/stm32h7xx_hal_msp.o
LOAD ./Core/Src/stm32h7xx_it.o
LOAD ./Core/Src/syscalls.o
LOAD ./Core/Src/sysmem.o
LOAD ./Core/Src/system_stm32h7xx.o
LOAD ./Core/Startup/startup_stm32h723zgtx.o
LOAD ./Drivers/STM32H7xx_HAL_Driver/Src/stm32h7xx_hal.o
LOAD ./Drivers/STM32H7xx_HAL_Driver/Src/stm32h7xx_hal_cortex.o
LOAD ./Drivers/STM32H7xx_HAL_Driver/Src/stm32h7xx_hal_dma.o
LOAD ./Drivers/STM32H7xx_HAL_Driver/Src/stm32h7xx_hal_dma_ex.o
LOAD ./Drivers/STM32H7xx_HAL_Driver/Src/stm32h7xx_hal_eth.o
LOAD ./Drivers/STM32H7xx_HAL_Driver/Src/stm32h7xx_hal_eth_ex.o
LOAD ./Drivers/STM32H7xx_HAL_Driver/Src/stm32h7xx_hal_exti.o
LOAD ./Drivers/STM32H7xx_HAL_Driver/Src/stm32h7xx_hal_flash.o
LOAD ./Drivers/STM32H7xx_HAL_Driver/Src/stm32h7xx_hal_flash_ex.o
LOAD ./Drivers/STM32H7xx_HAL_Driver/Src/stm32h7xx_hal_gpio.o
LOAD ./Drivers/STM32H7xx_HAL_Driver/Src/stm32h7xx_hal_hsem.o
LOAD ./Drivers/STM32H7xx_HAL_Driver/Src/stm32h7xx_hal_i2c.o
LOAD ./Drivers/STM32H7xx_HAL_Driver/Src/stm32h7xx_hal_i2c_ex.o
LOAD ./Drivers/STM32H7xx_HAL_Driver/Src/stm32h7xx_hal_mdma.o
LOAD ./Drivers/STM32H7xx_HAL_Driver/Src/stm32h7xx_hal_pwr.o
LOAD ./Drivers/STM32H7xx_HAL_Driver/Src/stm32h7xx_hal_pwr_ex.o
LOAD ./Drivers/STM32H7xx_HAL_Driver/Src/stm32h7xx_hal_rcc.o
LOAD ./Drivers/STM32H7xx_HAL_Driver/Src/stm32h7xx_hal_rcc_ex.o
LOAD ./Drivers/STM32H7xx_HAL_Driver/Src/stm32h7xx_hal_rng.o
LOAD ./Drivers/STM32H7xx_HAL_Driver/Src/stm32h7xx_hal_rng_ex.o
LOAD ./Drivers/STM32H7xx_HAL_Driver/Src/stm32h7xx_hal_uart.o
LOAD ./Drivers/STM32H7xx_HAL_Driver/Src/stm32h7xx_hal_uart_ex.o
LOAD ./mongoose/mongoose.o
LOAD ./mongoose/mongoose_fs.o
LOAD ./mongoose/mongoose_glue.o
LOAD ./mongoose/mongoose_impl.o
START GROUP
LOAD C:/ST/STM32CubeIDE_1.18.1/STM32CubeIDE/plugins/com.st.stm32cube.ide.mcu.externaltools.gnu-tools-for-stm32.13.3.rel1.win32_1.0.0.202411081344/tools/bin/../lib/gcc/arm-none-eabi/13.3.1/../../../../arm-none-eabi/lib/thumb/v7e-m+dp/hard\libc_nano.a
LOAD C:/ST/STM32CubeIDE_1.18.1/STM32CubeIDE/plugins/com.st.stm32cube.ide.mcu.externaltools.gnu-tools-for-stm32.13.3.rel1.win32_1.0.0.202411081344/tools/bin/../lib/gcc/arm-none-eabi/13.3.1/../../../../arm-none-eabi/lib/thumb/v7e-m+dp/hard\libm.a
END GROUP
START GROUP
LOAD C:/ST/STM32CubeIDE_1.18.1/STM32CubeIDE/plugins/com.st.stm32cube.ide.mcu.externaltools.gnu-tools-for-stm32.13.3.rel1.win32_1.0.0.202411081344/tools/bin/../lib/gcc/arm-none-eabi/13.3.1/thumb/v7e-m+dp/hard\libgcc.a
LOAD C:/ST/STM32CubeIDE_1.18.1/STM32CubeIDE/plugins/com.st.stm32cube.ide.mcu.externaltools.gnu-tools-for-stm32.13.3.rel1.win32_1.0.0.202411081344/tools/bin/../lib/gcc/arm-none-eabi/13.3.1/../../../../arm-none-eabi/lib/thumb/v7e-m+dp/hard\libc_nano.a
END GROUP
START GROUP
LOAD C:/ST/STM32CubeIDE_1.18.1/STM32CubeIDE/plugins/com.st.stm32cube.ide.mcu.externaltools.gnu-tools-for-stm32.13.3.rel1.win32_1.0.0.202411081344/tools/bin/../lib/gcc/arm-none-eabi/13.3.1/thumb/v7e-m+dp/hard\libgcc.a
LOAD C:/ST/STM32CubeIDE_1.18.1/STM32CubeIDE/plugins/com.st.stm32cube.ide.mcu.externaltools.gnu-tools-for-stm32.13.3.rel1.win32_1.0.0.202411081344/tools/bin/../lib/gcc/arm-none-eabi/13.3.1/../../../../arm-none-eabi/lib/thumb/v7e-m+dp/hard\libc_nano.a
LOAD C:/ST/STM32CubeIDE_1.18.1/STM32CubeIDE/plugins/com.st.stm32cube.ide.mcu.externaltools.gnu-tools-for-stm32.13.3.rel1.win32_1.0.0.202411081344/tools/bin/../lib/gcc/arm-none-eabi/13.3.1/../../../../arm-none-eabi/lib/thumb/v7e-m+dp/hard\libnosys.a
END GROUP
START GROUP
LOAD C:/ST/STM32CubeIDE_1.18.1/STM32CubeIDE/plugins/com.st.stm32cube.ide.mcu.externaltools.gnu-tools-for-stm32.13.3.rel1.win32_1.0.0.202411081344/tools/bin/../lib/gcc/arm-none-eabi/13.3.1/thumb/v7e-m+dp/hard\libgcc.a
LOAD C:/ST/STM32CubeIDE_1.18.1/STM32CubeIDE/plugins/com.st.stm32cube.ide.mcu.externaltools.gnu-tools-for-stm32.13.3.rel1.win32_1.0.0.202411081344/tools/bin/../lib/gcc/arm-none-eabi/13.3.1/../../../../arm-none-eabi/lib/thumb/v7e-m+dp/hard\libc_nano.a
LOAD C:/ST/STM32CubeIDE_1.18.1/STM32CubeIDE/plugins/com.st.stm32cube.ide.mcu.externaltools.gnu-tools-for-stm32.13.3.rel1.win32_1.0.0.202411081344/tools/bin/../lib/gcc/arm-none-eabi/13.3.1/../../../../arm-none-eabi/lib/thumb/v7e-m+dp/hard\libnosys.a
END GROUP
LOAD C:/ST/STM32CubeIDE_1.18.1/STM32CubeIDE/plugins/com.st.stm32cube.ide.mcu.externaltools.gnu-tools-for-stm32.13.3.rel1.win32_1.0.0.202411081344/tools/bin/../lib/gcc/arm-none-eabi/13.3.1/thumb/v7e-m+dp/hard/crtend.o
LOAD C:/ST/STM32CubeIDE_1.18.1/STM32CubeIDE/plugins/com.st.stm32cube.ide.mcu.externaltools.gnu-tools-for-stm32.13.3.rel1.win32_1.0.0.202411081344/tools/bin/../lib/gcc/arm-none-eabi/13.3.1/thumb/v7e-m+dp/hard/crtn.o
                0x24050000                        _estack = (ORIGIN (RAM_D1) + LENGTH (RAM_D1))
                0x00000200                        _Min_Heap_Size = 0x200
                0x00000400                        _Min_Stack_Size = 0x400

.isr_vector     0x08000000      0x2cc
                0x08000000                        . = ALIGN (0x4)
 *(.isr_vector)
 .isr_vector    0x08000000      0x2cc ./Core/Startup/startup_stm32h723zgtx.o
                0x08000000                g_pfnVectors
                0x080002cc                        . = ALIGN (0x4)

.text           0x080002d0    0x2c8b8
                0x080002d0                        . = ALIGN (0x4)
 *(.text)
 .text          0x080002d0       0x40 C:/ST/STM32CubeIDE_1.18.1/STM32CubeIDE/plugins/com.st.stm32cube.ide.mcu.externaltools.gnu-tools-for-stm32.13.3.rel1.win32_1.0.0.202411081344/tools/bin/../lib/gcc/arm-none-eabi/13.3.1/thumb/v7e-m+dp/hard/crtbegin.o
 .text          0x08000310       0x14 C:/ST/STM32CubeIDE_1.18.1/STM32CubeIDE/plugins/com.st.stm32cube.ide.mcu.externaltools.gnu-tools-for-stm32.13.3.rel1.win32_1.0.0.202411081344/tools/bin/../lib/gcc/arm-none-eabi/13.3.1/../../../../arm-none-eabi/lib/thumb/v7e-m+dp/hard\libc_nano.a(libc_a-strcmp.o)
                0x08000310                strcmp
 *fill*         0x08000324        0xc 
 .text          0x08000330       0xa0 C:/ST/STM32CubeIDE_1.18.1/STM32CubeIDE/plugins/com.st.stm32cube.ide.mcu.externaltools.gnu-tools-for-stm32.13.3.rel1.win32_1.0.0.202411081344/tools/bin/../lib/gcc/arm-none-eabi/13.3.1/../../../../arm-none-eabi/lib/thumb/v7e-m+dp/hard\libc_nano.a(libc_a-memchr.o)
                0x08000330                memchr
 .text          0x080003d0       0x10 C:/ST/STM32CubeIDE_1.18.1/STM32CubeIDE/plugins/com.st.stm32cube.ide.mcu.externaltools.gnu-tools-for-stm32.13.3.rel1.win32_1.0.0.202411081344/tools/bin/../lib/gcc/arm-none-eabi/13.3.1/../../../../arm-none-eabi/lib/thumb/v7e-m+dp/hard\libc_nano.a(libc_a-strlen.o)
                0x080003d0                strlen
 .text          0x080003e0      0x378 C:/ST/STM32CubeIDE_1.18.1/STM32CubeIDE/plugins/com.st.stm32cube.ide.mcu.externaltools.gnu-tools-for-stm32.13.3.rel1.win32_1.0.0.202411081344/tools/bin/../lib/gcc/arm-none-eabi/13.3.1/thumb/v7e-m+dp/hard\libgcc.a(_arm_addsubdf3.o)
                0x080003e0                __aeabi_drsub
                0x080003e8                __aeabi_dsub
                0x080003e8                __subdf3
                0x080003ec                __aeabi_dadd
                0x080003ec                __adddf3
                0x08000664                __floatunsidf
                0x08000664                __aeabi_ui2d
                0x08000684                __floatsidf
                0x08000684                __aeabi_i2d
                0x080006a8                __aeabi_f2d
                0x080006a8                __extendsfdf2
                0x080006ec                __floatundidf
                0x080006ec                __aeabi_ul2d
                0x080006fc                __floatdidf
                0x080006fc                __aeabi_l2d
 .text          0x08000758       0xa0 C:/ST/STM32CubeIDE_1.18.1/STM32CubeIDE/plugins/com.st.stm32cube.ide.mcu.externaltools.gnu-tools-for-stm32.13.3.rel1.win32_1.0.0.202411081344/tools/bin/../lib/gcc/arm-none-eabi/13.3.1/thumb/v7e-m+dp/hard\libgcc.a(_aeabi_ldivmod.o)
                0x08000758                __aeabi_ldivmod
 .text          0x080007f8       0x30 C:/ST/STM32CubeIDE_1.18.1/STM32CubeIDE/plugins/com.st.stm32cube.ide.mcu.externaltools.gnu-tools-for-stm32.13.3.rel1.win32_1.0.0.202411081344/tools/bin/../lib/gcc/arm-none-eabi/13.3.1/thumb/v7e-m+dp/hard\libgcc.a(_aeabi_uldivmod.o)
                0x080007f8                __aeabi_uldivmod
 .text          0x08000828       0x30 C:/ST/STM32CubeIDE_1.18.1/STM32CubeIDE/plugins/com.st.stm32cube.ide.mcu.externaltools.gnu-tools-for-stm32.13.3.rel1.win32_1.0.0.202411081344/tools/bin/../lib/gcc/arm-none-eabi/13.3.1/thumb/v7e-m+dp/hard\libgcc.a(_fixdfdi.o)
                0x08000828                __fixdfdi
                0x08000828                __aeabi_d2lz
 .text          0x08000858       0x40 C:/ST/STM32CubeIDE_1.18.1/STM32CubeIDE/plugins/com.st.stm32cube.ide.mcu.externaltools.gnu-tools-for-stm32.13.3.rel1.win32_1.0.0.202411081344/tools/bin/../lib/gcc/arm-none-eabi/13.3.1/thumb/v7e-m+dp/hard\libgcc.a(_fixunsdfdi.o)
                0x08000858                __fixunsdfdi
                0x08000858                __aeabi_d2ulz
 .text          0x08000898      0x2f8 C:/ST/STM32CubeIDE_1.18.1/STM32CubeIDE/plugins/com.st.stm32cube.ide.mcu.externaltools.gnu-tools-for-stm32.13.3.rel1.win32_1.0.0.202411081344/tools/bin/../lib/gcc/arm-none-eabi/13.3.1/thumb/v7e-m+dp/hard\libgcc.a(_udivmoddi4.o)
                0x08000898                __udivmoddi4
 .text          0x08000b90        0x4 C:/ST/STM32CubeIDE_1.18.1/STM32CubeIDE/plugins/com.st.stm32cube.ide.mcu.externaltools.gnu-tools-for-stm32.13.3.rel1.win32_1.0.0.202411081344/tools/bin/../lib/gcc/arm-none-eabi/13.3.1/thumb/v7e-m+dp/hard\libgcc.a(_dvmd_tls.o)
                0x08000b90                __aeabi_idiv0
                0x08000b90                __aeabi_ldiv0
 *(.text*)
 .text.mg_random
                0x08000b94       0x5c ./Core/Src/main.o
                0x08000b94                mg_random
 .text.mg_millis
                0x08000bf0       0x1a ./Core/Src/main.o
                0x08000bf0                mg_millis
 *fill*         0x08000c0a        0x2 
 .text._write   0x08000c0c       0x38 ./Core/Src/main.o
                0x08000c0c                _write
 .text.http_event_handler
                0x08000c44       0xec ./Core/Src/main.o
 .text.perform_http_data_read
                0x08000d30       0xa4 ./Core/Src/main.o
                0x08000d30                perform_http_data_read
 .text.wait_for_network_ready
                0x08000dd4       0x32 ./Core/Src/main.o
                0x08000dd4                wait_for_network_ready
 *fill*         0x08000e06        0x2 
 .text.write_json_to_nfc
                0x08000e08      0x474 ./Core/Src/main.o
                0x08000e08                write_json_to_nfc
 .text.parse_float_request_fields
                0x0800127c      0x2e0 ./Core/Src/main.o
                0x0800127c                parse_float_request_fields
 .text.copy_and_strip_quotes
                0x0800155c       0x68 ./Core/Src/main.o
                0x0800155c                copy_and_strip_quotes
 .text.read_phone_request_json
                0x080015c4      0x2c4 ./Core/Src/main.o
                0x080015c4                read_phone_request_json
 .text.perform_http_get
                0x08001888      0x180 ./Core/Src/main.o
                0x08001888                perform_http_get
 .text.parse_response_json
                0x08001a08      0x34c ./Core/Src/main.o
                0x08001a08                parse_response_json
 .text.make_compact_json
                0x08001d54       0xb0 ./Core/Src/main.o
                0x08001d54                make_compact_json
 .text.main     0x08001e04       0xa8 ./Core/Src/main.o
                0x08001e04                main
 .text.SystemClock_Config
                0x08001eac       0xe4 ./Core/Src/main.o
                0x08001eac                SystemClock_Config
 .text.MX_ETH_Init
                0x08001f90       0x98 ./Core/Src/main.o
 .text.MX_I2C1_Init
                0x08002028       0x80 ./Core/Src/main.o
 .text.MX_RNG_Init
                0x080020a8       0x2c ./Core/Src/main.o
 .text.MX_USART3_UART_Init
                0x080020d4       0x98 ./Core/Src/main.o
 .text.MX_GPIO_Init
                0x0800216c      0x1f4 ./Core/Src/main.o
 .text.Error_Handler
                0x08002360        0xc ./Core/Src/main.o
                0x08002360                Error_Handler
 .text.HAL_MspInit
                0x0800236c       0x34 ./Core/Src/stm32h7xx_hal_msp.o
                0x0800236c                HAL_MspInit
 .text.HAL_ETH_MspInit
                0x080023a0      0x1ac ./Core/Src/stm32h7xx_hal_msp.o
                0x080023a0                HAL_ETH_MspInit
 .text.HAL_I2C_MspInit
                0x0800254c       0xd4 ./Core/Src/stm32h7xx_hal_msp.o
                0x0800254c                HAL_I2C_MspInit
 .text.HAL_RNG_MspInit
                0x08002620       0x74 ./Core/Src/stm32h7xx_hal_msp.o
                0x08002620                HAL_RNG_MspInit
 .text.HAL_UART_MspInit
                0x08002694       0xd4 ./Core/Src/stm32h7xx_hal_msp.o
                0x08002694                HAL_UART_MspInit
 .text.NMI_Handler
                0x08002768        0x8 ./Core/Src/stm32h7xx_it.o
                0x08002768                NMI_Handler
 .text.HardFault_Handler
                0x08002770        0x8 ./Core/Src/stm32h7xx_it.o
                0x08002770                HardFault_Handler
 .text.MemManage_Handler
                0x08002778        0x8 ./Core/Src/stm32h7xx_it.o
                0x08002778                MemManage_Handler
 .text.BusFault_Handler
                0x08002780        0x8 ./Core/Src/stm32h7xx_it.o
                0x08002780                BusFault_Handler
 .text.UsageFault_Handler
                0x08002788        0x8 ./Core/Src/stm32h7xx_it.o
                0x08002788                UsageFault_Handler
 .text.SVC_Handler
                0x08002790        0xe ./Core/Src/stm32h7xx_it.o
                0x08002790                SVC_Handler
 .text.DebugMon_Handler
                0x0800279e        0xe ./Core/Src/stm32h7xx_it.o
                0x0800279e                DebugMon_Handler
 .text.PendSV_Handler
                0x080027ac        0xe ./Core/Src/stm32h7xx_it.o
                0x080027ac                PendSV_Handler
 .text.SysTick_Handler
                0x080027ba        0xc ./Core/Src/stm32h7xx_it.o
                0x080027ba                SysTick_Handler
 .text._getpid  0x080027c6       0x10 ./Core/Src/syscalls.o
                0x080027c6                _getpid
 .text._kill    0x080027d6       0x20 ./Core/Src/syscalls.o
                0x080027d6                _kill
 .text._exit    0x080027f6       0x16 ./Core/Src/syscalls.o
                0x080027f6                _exit
 .text._read    0x0800280c       0x3a ./Core/Src/syscalls.o
                0x0800280c                _read
 .text._close   0x08002846       0x18 ./Core/Src/syscalls.o
                0x08002846                _close
 .text._fstat   0x0800285e       0x20 ./Core/Src/syscalls.o
                0x0800285e                _fstat
 .text._isatty  0x0800287e       0x16 ./Core/Src/syscalls.o
                0x0800287e                _isatty
 .text._lseek   0x08002894       0x1a ./Core/Src/syscalls.o
                0x08002894                _lseek
 *fill*         0x080028ae        0x2 
 .text._sbrk    0x080028b0       0x6c ./Core/Src/sysmem.o
                0x080028b0                _sbrk
 .text.SystemInit
                0x0800291c       0xf0 ./Core/Src/system_stm32h7xx.o
                0x0800291c                SystemInit
 .text.Reset_Handler
                0x08002a0c       0x50 ./Core/Startup/startup_stm32h723zgtx.o
                0x08002a0c                Reset_Handler
 .text.Default_Handler
                0x08002a5c        0x2 ./Core/Startup/startup_stm32h723zgtx.o
                0x08002a5c                RTC_Alarm_IRQHandler
                0x08002a5c                EXTI2_IRQHandler
                0x08002a5c                TIM8_CC_IRQHandler
                0x08002a5c                UART8_IRQHandler
                0x08002a5c                SPI4_IRQHandler
                0x08002a5c                FDCAN3_IT0_IRQHandler
                0x08002a5c                TIM1_CC_IRQHandler
                0x08002a5c                BDMA_Channel6_IRQHandler
                0x08002a5c                DMA2_Stream5_IRQHandler
                0x08002a5c                DMA1_Stream5_IRQHandler
                0x08002a5c                CORDIC_IRQHandler
                0x08002a5c                BDMA_Channel1_IRQHandler
                0x08002a5c                TAMP_STAMP_IRQHandler
                0x08002a5c                EXTI3_IRQHandler
                0x08002a5c                LPTIM4_IRQHandler
                0x08002a5c                TIM8_TRG_COM_TIM14_IRQHandler
                0x08002a5c                LPTIM2_IRQHandler
                0x08002a5c                DFSDM1_FLT1_IRQHandler
                0x08002a5c                DMAMUX2_OVR_IRQHandler
                0x08002a5c                TIM8_UP_TIM13_IRQHandler
                0x08002a5c                I2C3_ER_IRQHandler
                0x08002a5c                DFSDM1_FLT2_IRQHandler
                0x08002a5c                I2C5_EV_IRQHandler
                0x08002a5c                USART10_IRQHandler
                0x08002a5c                MDMA_IRQHandler
                0x08002a5c                LPTIM3_IRQHandler
                0x08002a5c                HSEM1_IRQHandler
                0x08002a5c                EXTI0_IRQHandler
                0x08002a5c                I2C2_EV_IRQHandler
                0x08002a5c                DMA1_Stream2_IRQHandler
                0x08002a5c                FPU_IRQHandler
                0x08002a5c                OTG_HS_WKUP_IRQHandler
                0x08002a5c                FDCAN1_IT1_IRQHandler
                0x08002a5c                LTDC_ER_IRQHandler
                0x08002a5c                DMA2_Stream2_IRQHandler
                0x08002a5c                SPI1_IRQHandler
                0x08002a5c                OCTOSPI1_IRQHandler
                0x08002a5c                TIM6_DAC_IRQHandler
                0x08002a5c                DMA2_Stream3_IRQHandler
                0x08002a5c                OCTOSPI2_IRQHandler
                0x08002a5c                DFSDM1_FLT3_IRQHandler
                0x08002a5c                TIM23_IRQHandler
                0x08002a5c                USART6_IRQHandler
                0x08002a5c                TIM17_IRQHandler
                0x08002a5c                USART3_IRQHandler
                0x08002a5c                BDMA_Channel7_IRQHandler
                0x08002a5c                LPTIM5_IRQHandler
                0x08002a5c                UART5_IRQHandler
                0x08002a5c                ADC3_IRQHandler
                0x08002a5c                DMA2_Stream0_IRQHandler
                0x08002a5c                TIM4_IRQHandler
                0x08002a5c                BDMA_Channel2_IRQHandler
                0x08002a5c                I2C1_EV_IRQHandler
                0x08002a5c                DMA1_Stream6_IRQHandler
                0x08002a5c                DMAMUX1_OVR_IRQHandler
                0x08002a5c                DMA1_Stream1_IRQHandler
                0x08002a5c                TIM16_IRQHandler
                0x08002a5c                UART4_IRQHandler
                0x08002a5c                BDMA_Channel5_IRQHandler
                0x08002a5c                TIM3_IRQHandler
                0x08002a5c                RCC_IRQHandler
                0x08002a5c                UART9_IRQHandler
                0x08002a5c                TIM8_BRK_TIM12_IRQHandler
                0x08002a5c                TIM1_TRG_COM_IRQHandler
                0x08002a5c                Default_Handler
                0x08002a5c                ECC_IRQHandler
                0x08002a5c                FMAC_IRQHandler
                0x08002a5c                CEC_IRQHandler
                0x08002a5c                EXTI15_10_IRQHandler
                0x08002a5c                BDMA_Channel0_IRQHandler
                0x08002a5c                ADC_IRQHandler
                0x08002a5c                I2C5_ER_IRQHandler
                0x08002a5c                DMA1_Stream7_IRQHandler
                0x08002a5c                SPI5_IRQHandler
                0x08002a5c                TIM7_IRQHandler
                0x08002a5c                FDCAN3_IT1_IRQHandler
                0x08002a5c                SDMMC1_IRQHandler
                0x08002a5c                TIM5_IRQHandler
                0x08002a5c                DMA2_Stream7_IRQHandler
                0x08002a5c                TIM15_IRQHandler
                0x08002a5c                PVD_AVD_IRQHandler
                0x08002a5c                I2C3_EV_IRQHandler
                0x08002a5c                EXTI9_5_IRQHandler
                0x08002a5c                RTC_WKUP_IRQHandler
                0x08002a5c                LTDC_IRQHandler
                0x08002a5c                ETH_WKUP_IRQHandler
                0x08002a5c                SPDIF_RX_IRQHandler
                0x08002a5c                SPI2_IRQHandler
                0x08002a5c                OTG_HS_EP1_IN_IRQHandler
                0x08002a5c                DMA1_Stream0_IRQHandler
                0x08002a5c                TIM24_IRQHandler
                0x08002a5c                CRS_IRQHandler
                0x08002a5c                EXTI4_IRQHandler
                0x08002a5c                RNG_IRQHandler
                0x08002a5c                FDCAN2_IT1_IRQHandler
                0x08002a5c                TIM1_UP_IRQHandler
                0x08002a5c                BDMA_Channel4_IRQHandler
                0x08002a5c                OTG_HS_EP1_OUT_IRQHandler
                0x08002a5c                WWDG_IRQHandler
                0x08002a5c                SPI6_IRQHandler
                0x08002a5c                MDIOS_IRQHandler
                0x08002a5c                I2C4_EV_IRQHandler
                0x08002a5c                FDCAN2_IT0_IRQHandler
                0x08002a5c                LPUART1_IRQHandler
                0x08002a5c                FDCAN1_IT0_IRQHandler
                0x08002a5c                TIM2_IRQHandler
                0x08002a5c                OTG_HS_IRQHandler
                0x08002a5c                DMA2D_IRQHandler
                0x08002a5c                TIM1_BRK_IRQHandler
                0x08002a5c                EXTI1_IRQHandler
                0x08002a5c                SDMMC2_IRQHandler
                0x08002a5c                BDMA_Channel3_IRQHandler
                0x08002a5c                DTS_IRQHandler
                0x08002a5c                UART7_IRQHandler
                0x08002a5c                MDIOS_WKUP_IRQHandler
                0x08002a5c                USART2_IRQHandler
                0x08002a5c                DFSDM1_FLT0_IRQHandler
                0x08002a5c                SAI4_IRQHandler
                0x08002a5c                I2C2_ER_IRQHandler
                0x08002a5c                DMA2_Stream1_IRQHandler
                0x08002a5c                FLASH_IRQHandler
                0x08002a5c                DMA2_Stream4_IRQHandler
                0x08002a5c                USART1_IRQHandler
                0x08002a5c                SPI3_IRQHandler
                0x08002a5c                WAKEUP_PIN_IRQHandler
                0x08002a5c                DMA1_Stream4_IRQHandler
                0x08002a5c                I2C1_ER_IRQHandler
                0x08002a5c                FMC_IRQHandler
                0x08002a5c                FDCAN_CAL_IRQHandler
                0x08002a5c                SWPMI1_IRQHandler
                0x08002a5c                COMP1_IRQHandler
                0x08002a5c                LPTIM1_IRQHandler
                0x08002a5c                DCMI_PSSI_IRQHandler
                0x08002a5c                I2C4_ER_IRQHandler
                0x08002a5c                DMA2_Stream6_IRQHandler
                0x08002a5c                SAI1_IRQHandler
                0x08002a5c                DMA1_Stream3_IRQHandler
 *fill*         0x08002a5e        0x2 
 .text.HAL_Init
                0x08002a60       0x78 ./Drivers/STM32H7xx_HAL_Driver/Src/stm32h7xx_hal.o
                0x08002a60                HAL_Init
 .text.HAL_InitTick
                0x08002ad8       0x6c ./Drivers/STM32H7xx_HAL_Driver/Src/stm32h7xx_hal.o
                0x08002ad8                HAL_InitTick
 .text.HAL_IncTick
                0x08002b44       0x28 ./Drivers/STM32H7xx_HAL_Driver/Src/stm32h7xx_hal.o
                0x08002b44                HAL_IncTick
 .text.HAL_GetTick
                0x08002b6c       0x18 ./Drivers/STM32H7xx_HAL_Driver/Src/stm32h7xx_hal.o
                0x08002b6c                HAL_GetTick
 .text.HAL_Delay
                0x08002b84       0x48 ./Drivers/STM32H7xx_HAL_Driver/Src/stm32h7xx_hal.o
                0x08002b84                HAL_Delay
 .text.HAL_SYSCFG_ETHInterfaceSelect
                0x08002bcc       0x28 ./Drivers/STM32H7xx_HAL_Driver/Src/stm32h7xx_hal.o
                0x08002bcc                HAL_SYSCFG_ETHInterfaceSelect
 .text.__NVIC_SetPriorityGrouping
                0x08002bf4       0x48 ./Drivers/STM32H7xx_HAL_Driver/Src/stm32h7xx_hal_cortex.o
 .text.__NVIC_GetPriorityGrouping
                0x08002c3c       0x1c ./Drivers/STM32H7xx_HAL_Driver/Src/stm32h7xx_hal_cortex.o
 .text.__NVIC_EnableIRQ
                0x08002c58       0x3c ./Drivers/STM32H7xx_HAL_Driver/Src/stm32h7xx_hal_cortex.o
 .text.__NVIC_SetPriority
                0x08002c94       0x54 ./Drivers/STM32H7xx_HAL_Driver/Src/stm32h7xx_hal_cortex.o
 .text.NVIC_EncodePriority
                0x08002ce8       0x66 ./Drivers/STM32H7xx_HAL_Driver/Src/stm32h7xx_hal_cortex.o
 *fill*         0x08002d4e        0x2 
 .text.SysTick_Config
                0x08002d50       0x44 ./Drivers/STM32H7xx_HAL_Driver/Src/stm32h7xx_hal_cortex.o
 .text.HAL_NVIC_SetPriorityGrouping
                0x08002d94       0x16 ./Drivers/STM32H7xx_HAL_Driver/Src/stm32h7xx_hal_cortex.o
                0x08002d94                HAL_NVIC_SetPriorityGrouping
 .text.HAL_NVIC_SetPriority
                0x08002daa       0x34 ./Drivers/STM32H7xx_HAL_Driver/Src/stm32h7xx_hal_cortex.o
                0x08002daa                HAL_NVIC_SetPriority
 .text.HAL_NVIC_EnableIRQ
                0x08002dde       0x1c ./Drivers/STM32H7xx_HAL_Driver/Src/stm32h7xx_hal_cortex.o
                0x08002dde                HAL_NVIC_EnableIRQ
 .text.HAL_SYSTICK_Config
                0x08002dfa       0x18 ./Drivers/STM32H7xx_HAL_Driver/Src/stm32h7xx_hal_cortex.o
                0x08002dfa                HAL_SYSTICK_Config
 *fill*         0x08002e12        0x2 
 .text.HAL_ETH_Init
                0x08002e14      0x1fc ./Drivers/STM32H7xx_HAL_Driver/Src/stm32h7xx_hal_eth.o
                0x08002e14                HAL_ETH_Init
 .text.HAL_ETH_SetMDIOClockRange
                0x08003010       0xa0 ./Drivers/STM32H7xx_HAL_Driver/Src/stm32h7xx_hal_eth.o
                0x08003010                HAL_ETH_SetMDIOClockRange
 .text.ETH_SetMACConfig
                0x080030b0      0x238 ./Drivers/STM32H7xx_HAL_Driver/Src/stm32h7xx_hal_eth.o
 .text.ETH_SetDMAConfig
                0x080032e8      0x10c ./Drivers/STM32H7xx_HAL_Driver/Src/stm32h7xx_hal_eth.o
 .text.ETH_MACDMAConfig
                0x080033f4      0x13a ./Drivers/STM32H7xx_HAL_Driver/Src/stm32h7xx_hal_eth.o
 .text.ETH_DMATxDescListInit
                0x0800352e       0x92 ./Drivers/STM32H7xx_HAL_Driver/Src/stm32h7xx_hal_eth.o
 .text.ETH_DMARxDescListInit
                0x080035c0       0xba ./Drivers/STM32H7xx_HAL_Driver/Src/stm32h7xx_hal_eth.o
 *fill*         0x0800367a        0x2 
 .text.HAL_GPIO_Init
                0x0800367c      0x350 ./Drivers/STM32H7xx_HAL_Driver/Src/stm32h7xx_hal_gpio.o
                0x0800367c                HAL_GPIO_Init
 .text.HAL_GPIO_ReadPin
                0x080039cc       0x30 ./Drivers/STM32H7xx_HAL_Driver/Src/stm32h7xx_hal_gpio.o
                0x080039cc                HAL_GPIO_ReadPin
 .text.HAL_GPIO_WritePin
                0x080039fc       0x32 ./Drivers/STM32H7xx_HAL_Driver/Src/stm32h7xx_hal_gpio.o
                0x080039fc                HAL_GPIO_WritePin
 *fill*         0x08003a2e        0x2 
 .text.HAL_I2C_Init
                0x08003a30      0x138 ./Drivers/STM32H7xx_HAL_Driver/Src/stm32h7xx_hal_i2c.o
                0x08003a30                HAL_I2C_Init
 .text.HAL_I2C_Mem_Write
                0x08003b68      0x228 ./Drivers/STM32H7xx_HAL_Driver/Src/stm32h7xx_hal_i2c.o
                0x08003b68                HAL_I2C_Mem_Write
 .text.HAL_I2C_Mem_Read
                0x08003d90      0x234 ./Drivers/STM32H7xx_HAL_Driver/Src/stm32h7xx_hal_i2c.o
                0x08003d90                HAL_I2C_Mem_Read
 .text.I2C_RequestMemoryWrite
                0x08003fc4       0xa8 ./Drivers/STM32H7xx_HAL_Driver/Src/stm32h7xx_hal_i2c.o
 .text.I2C_RequestMemoryRead
                0x0800406c       0xa8 ./Drivers/STM32H7xx_HAL_Driver/Src/stm32h7xx_hal_i2c.o
 .text.I2C_Flush_TXDR
                0x08004114       0x48 ./Drivers/STM32H7xx_HAL_Driver/Src/stm32h7xx_hal_i2c.o
 .text.I2C_WaitOnFlagUntilTimeout
                0x0800415c       0xb2 ./Drivers/STM32H7xx_HAL_Driver/Src/stm32h7xx_hal_i2c.o
 .text.I2C_WaitOnTXISFlagUntilTimeout
                0x0800420e       0x8e ./Drivers/STM32H7xx_HAL_Driver/Src/stm32h7xx_hal_i2c.o
 .text.I2C_WaitOnSTOPFlagUntilTimeout
                0x0800429c       0x86 ./Drivers/STM32H7xx_HAL_Driver/Src/stm32h7xx_hal_i2c.o
 *fill*         0x08004322        0x2 
 .text.I2C_IsErrorOccurred
                0x08004324      0x1c0 ./Drivers/STM32H7xx_HAL_Driver/Src/stm32h7xx_hal_i2c.o
 .text.I2C_TransferConfig
                0x080044e4       0x64 ./Drivers/STM32H7xx_HAL_Driver/Src/stm32h7xx_hal_i2c.o
 .text.HAL_I2CEx_ConfigAnalogFilter
                0x08004548       0x96 ./Drivers/STM32H7xx_HAL_Driver/Src/stm32h7xx_hal_i2c_ex.o
                0x08004548                HAL_I2CEx_ConfigAnalogFilter
 .text.HAL_I2CEx_ConfigDigitalFilter
                0x080045de       0x98 ./Drivers/STM32H7xx_HAL_Driver/Src/stm32h7xx_hal_i2c_ex.o
                0x080045de                HAL_I2CEx_ConfigDigitalFilter
 *fill*         0x08004676        0x2 
 .text.HAL_PWREx_ConfigSupply
                0x08004678       0x74 ./Drivers/STM32H7xx_HAL_Driver/Src/stm32h7xx_hal_pwr_ex.o
                0x08004678                HAL_PWREx_ConfigSupply
 .text.HAL_RCC_OscConfig
                0x080046ec      0x7b4 ./Drivers/STM32H7xx_HAL_Driver/Src/stm32h7xx_hal_rcc.o
                0x080046ec                HAL_RCC_OscConfig
 .text.HAL_RCC_ClockConfig
                0x08004ea0      0x36c ./Drivers/STM32H7xx_HAL_Driver/Src/stm32h7xx_hal_rcc.o
                0x08004ea0                HAL_RCC_ClockConfig
 .text.HAL_RCC_GetSysClockFreq
                0x0800520c      0x2f4 ./Drivers/STM32H7xx_HAL_Driver/Src/stm32h7xx_hal_rcc.o
                0x0800520c                HAL_RCC_GetSysClockFreq
 .text.HAL_RCC_GetHCLKFreq
                0x08005500       0x60 ./Drivers/STM32H7xx_HAL_Driver/Src/stm32h7xx_hal_rcc.o
                0x08005500                HAL_RCC_GetHCLKFreq
 .text.HAL_RCC_GetPCLK1Freq
                0x08005560       0x2c ./Drivers/STM32H7xx_HAL_Driver/Src/stm32h7xx_hal_rcc.o
                0x08005560                HAL_RCC_GetPCLK1Freq
 .text.HAL_RCC_GetPCLK2Freq
                0x0800558c       0x2c ./Drivers/STM32H7xx_HAL_Driver/Src/stm32h7xx_hal_rcc.o
                0x0800558c                HAL_RCC_GetPCLK2Freq
 .text.HAL_RCCEx_PeriphCLKConfig
                0x080055b8     0x1340 ./Drivers/STM32H7xx_HAL_Driver/Src/stm32h7xx_hal_rcc_ex.o
                0x080055b8                HAL_RCCEx_PeriphCLKConfig
 .text.HAL_RCCEx_GetD3PCLK1Freq
                0x080068f8       0x2c ./Drivers/STM32H7xx_HAL_Driver/Src/stm32h7xx_hal_rcc_ex.o
                0x080068f8                HAL_RCCEx_GetD3PCLK1Freq
 .text.HAL_RCCEx_GetPLL2ClockFreq
                0x08006924      0x2a8 ./Drivers/STM32H7xx_HAL_Driver/Src/stm32h7xx_hal_rcc_ex.o
                0x08006924                HAL_RCCEx_GetPLL2ClockFreq
 .text.HAL_RCCEx_GetPLL3ClockFreq
                0x08006bcc      0x2a8 ./Drivers/STM32H7xx_HAL_Driver/Src/stm32h7xx_hal_rcc_ex.o
                0x08006bcc                HAL_RCCEx_GetPLL3ClockFreq
 .text.RCCEx_PLL2_Config
                0x08006e74      0x164 ./Drivers/STM32H7xx_HAL_Driver/Src/stm32h7xx_hal_rcc_ex.o
 .text.RCCEx_PLL3_Config
                0x08006fd8      0x164 ./Drivers/STM32H7xx_HAL_Driver/Src/stm32h7xx_hal_rcc_ex.o
 .text.HAL_RNG_Init
                0x0800713c      0x148 ./Drivers/STM32H7xx_HAL_Driver/Src/stm32h7xx_hal_rng.o
                0x0800713c                HAL_RNG_Init
 .text.HAL_RNG_GenerateRandomNumber
                0x08007284       0xf4 ./Drivers/STM32H7xx_HAL_Driver/Src/stm32h7xx_hal_rng.o
                0x08007284                HAL_RNG_GenerateRandomNumber
 .text.HAL_RNG_ErrorCallback
                0x08007378       0x14 ./Drivers/STM32H7xx_HAL_Driver/Src/stm32h7xx_hal_rng.o
                0x08007378                HAL_RNG_ErrorCallback
 .text.RNG_RecoverSeedError
                0x0800738c      0x102 ./Drivers/STM32H7xx_HAL_Driver/Src/stm32h7xx_hal_rng.o
                0x0800738c                RNG_RecoverSeedError
 .text.HAL_UART_Init
                0x0800748e       0xa0 ./Drivers/STM32H7xx_HAL_Driver/Src/stm32h7xx_hal_uart.o
                0x0800748e                HAL_UART_Init
 .text.HAL_UART_Transmit
                0x0800752e      0x11c ./Drivers/STM32H7xx_HAL_Driver/Src/stm32h7xx_hal_uart.o
                0x0800752e                HAL_UART_Transmit
 *fill*         0x0800764a        0x2 
 .text.UART_SetConfig
                0x0800764c      0xcd8 ./Drivers/STM32H7xx_HAL_Driver/Src/stm32h7xx_hal_uart.o
                0x0800764c                UART_SetConfig
 .text.UART_AdvFeatureConfig
                0x08008324      0x144 ./Drivers/STM32H7xx_HAL_Driver/Src/stm32h7xx_hal_uart.o
                0x08008324                UART_AdvFeatureConfig
 .text.UART_CheckIdleState
                0x08008468      0x154 ./Drivers/STM32H7xx_HAL_Driver/Src/stm32h7xx_hal_uart.o
                0x08008468                UART_CheckIdleState
 .text.UART_WaitOnFlagUntilTimeout
                0x080085bc       0xda ./Drivers/STM32H7xx_HAL_Driver/Src/stm32h7xx_hal_uart.o
                0x080085bc                UART_WaitOnFlagUntilTimeout
 *fill*         0x08008696        0x2 
 .text.UART_EndRxTransfer
                0x08008698       0xcc ./Drivers/STM32H7xx_HAL_Driver/Src/stm32h7xx_hal_uart.o
 .text.HAL_UARTEx_DisableFifoMode
                0x08008764       0x72 ./Drivers/STM32H7xx_HAL_Driver/Src/stm32h7xx_hal_uart_ex.o
                0x08008764                HAL_UARTEx_DisableFifoMode
 .text.HAL_UARTEx_SetTxFifoThreshold
                0x080087d6       0x7c ./Drivers/STM32H7xx_HAL_Driver/Src/stm32h7xx_hal_uart_ex.o
                0x080087d6                HAL_UARTEx_SetTxFifoThreshold
 .text.HAL_UARTEx_SetRxFifoThreshold
                0x08008852       0x7c ./Drivers/STM32H7xx_HAL_Driver/Src/stm32h7xx_hal_uart_ex.o
                0x08008852                HAL_UARTEx_SetRxFifoThreshold
 *fill*         0x080088ce        0x2 
 .text.UARTEx_SetNbDataToProcess
                0x080088d0       0x9c ./Drivers/STM32H7xx_HAL_Driver/Src/stm32h7xx_hal_uart_ex.o
 .text.mg_base64_encode_single
                0x0800896c       0x44 ./mongoose/mongoose.o
 .text.mg_base64_decode_single
                0x080089b0       0x6c ./mongoose/mongoose.o
 .text.mg_base64_update
                0x08008a1c       0xfc ./mongoose/mongoose.o
                0x08008a1c                mg_base64_update
 .text.mg_base64_final
                0x08008b18       0x62 ./mongoose/mongoose.o
                0x08008b18                mg_base64_final
 *fill*         0x08008b7a        0x2 
 .text.mg_base64_encode
                0x08008b7c       0x94 ./mongoose/mongoose.o
                0x08008b7c                mg_base64_encode
 .text.mg_base64_decode
                0x08008c10      0x144 ./mongoose/mongoose.o
                0x08008c10                mg_base64_decode
 .text.mg_dns_free
                0x08008d54       0x36 ./mongoose/mongoose.o
 .text.mg_resolve_cancel
                0x08008d8a       0x44 ./mongoose/mongoose.o
                0x08008d8a                mg_resolve_cancel
 .text.mg_dns_parse_name_depth
                0x08008dce      0x160 ./mongoose/mongoose.o
 .text.mg_dns_parse_name
                0x08008f2e       0x30 ./mongoose/mongoose.o
 .text.mg_dns_parse_rr
                0x08008f5e      0x12a ./mongoose/mongoose.o
                0x08008f5e                mg_dns_parse_rr
 .text.mg_dns_parse
                0x08009088      0x1d4 ./mongoose/mongoose.o
                0x08009088                mg_dns_parse
 .text.dns_cb   0x0800925c      0x2fc ./mongoose/mongoose.o
 .text.mg_dns_send
                0x08009558      0x1c0 ./mongoose/mongoose.o
 .text.mg_sendnsreq
                0x08009718      0x178 ./mongoose/mongoose.o
 .text.mg_resolve
                0x08009890       0x88 ./mongoose/mongoose.o
                0x08009890                mg_resolve
 .text.mg_call  0x08009918       0x40 ./mongoose/mongoose.o
                0x08009918                mg_call
 .text.mg_error
                0x08009958       0x84 ./mongoose/mongoose.o
                0x08009958                mg_error
 .text.mg_ota_flash_begin
                0x080099dc       0xf8 ./mongoose/mongoose.o
                0x080099dc                mg_ota_flash_begin
 .text.mg_ota_flash_write
                0x08009ad4      0x188 ./mongoose/mongoose.o
                0x08009ad4                mg_ota_flash_write
 .text.mg_ota_flash_end
                0x08009c5c      0x100 ./mongoose/mongoose.o
                0x08009c5c                mg_ota_flash_end
 .text.is_digit
                0x08009d5c       0x2c ./mongoose/mongoose.o
 .text.addexp   0x08009d88      0x104 ./mongoose/mongoose.o
 .text.xisinf   0x08009e8c       0x50 ./mongoose/mongoose.o
 .text.xisnan   0x08009edc       0x58 ./mongoose/mongoose.o
 *fill*         0x08009f34        0x4 
 .text.mg_dtoa  0x08009f38      0x56c ./mongoose/mongoose.o
 .text.mg_lld   0x0800a4a4      0x160 ./mongoose/mongoose.o
 .text.scpy     0x0800a604       0x46 ./mongoose/mongoose.o
 .text.mg_xprintf
                0x0800a64a       0x36 ./mongoose/mongoose.o
                0x0800a64a                mg_xprintf
 .text.mg_vxprintf
                0x0800a680      0x748 ./mongoose/mongoose.o
                0x0800a680                mg_vxprintf
 .text.mg_fs_open
                0x0800adc8       0x50 ./mongoose/mongoose.o
                0x0800adc8                mg_fs_open
 .text.mg_fs_close
                0x0800ae18       0x2a ./mongoose/mongoose.o
                0x0800ae18                mg_fs_close
 .text.is_dir_prefix
                0x0800ae42       0x58 ./mongoose/mongoose.o
 .text.packed_stat
                0x0800ae9a       0x60 ./mongoose/mongoose.o
 *fill*         0x0800aefa        0x2 
 .text.packed_list
                0x0800aefc       0xfc ./mongoose/mongoose.o
 .text.packed_open
                0x0800aff8       0x62 ./mongoose/mongoose.o
 .text.packed_close
                0x0800b05a       0x1c ./mongoose/mongoose.o
 .text.packed_read
                0x0800b076       0x56 ./mongoose/mongoose.o
 .text.packed_write
                0x0800b0cc       0x1a ./mongoose/mongoose.o
 .text.packed_seek
                0x0800b0e6       0x38 ./mongoose/mongoose.o
 .text.packed_rename
                0x0800b11e       0x18 ./mongoose/mongoose.o
 .text.packed_remove
                0x0800b136       0x16 ./mongoose/mongoose.o
 .text.packed_mkdir
                0x0800b14c       0x16 ./mongoose/mongoose.o
 .text.p_stat   0x0800b162       0x1a ./mongoose/mongoose.o
 .text.p_list   0x0800b17c       0x18 ./mongoose/mongoose.o
 .text.p_open   0x0800b194       0x18 ./mongoose/mongoose.o
 .text.p_close  0x0800b1ac       0x14 ./mongoose/mongoose.o
 .text.p_read   0x0800b1c0       0x1a ./mongoose/mongoose.o
 .text.p_write  0x0800b1da       0x1a ./mongoose/mongoose.o
 .text.p_seek   0x0800b1f4       0x1a ./mongoose/mongoose.o
 .text.p_rename
                0x0800b20e       0x18 ./mongoose/mongoose.o
 .text.p_remove
                0x0800b226       0x16 ./mongoose/mongoose.o
 .text.p_mkdir  0x0800b23c       0x16 ./mongoose/mongoose.o
 .text.mg_ncasecmp
                0x0800b252       0x80 ./mongoose/mongoose.o
 *fill*         0x0800b2d2        0x2 
 .text.mg_to_size_t
                0x0800b2d4      0x12c ./mongoose/mongoose.o
                0x0800b2d4                mg_to_size_t
 .text.mg_http_var
                0x0800b400       0xa0 ./mongoose/mongoose.o
                0x0800b400                mg_http_var
 .text.mg_http_get_var
                0x0800b4a0       0xa6 ./mongoose/mongoose.o
                0x0800b4a0                mg_http_get_var
 .text.isx      0x0800b546       0x44 ./mongoose/mongoose.o
 .text.mg_url_decode
                0x0800b58a      0x110 ./mongoose/mongoose.o
                0x0800b58a                mg_url_decode
 .text.isok     0x0800b69a       0x3a ./mongoose/mongoose.o
 .text.mg_http_get_request_len
                0x0800b6d4       0x9c ./mongoose/mongoose.o
                0x0800b6d4                mg_http_get_request_len
 .text.mg_http_get_header
                0x0800b770       0x80 ./mongoose/mongoose.o
                0x0800b770                mg_http_get_header
 .text.vcb      0x0800b7f0       0x26 ./mongoose/mongoose.o
 .text.clen     0x0800b816       0xde ./mongoose/mongoose.o
 .text.skiptorn
                0x0800b8f4       0x96 ./mongoose/mongoose.o
 .text.mg_http_parse_headers
                0x0800b98a      0x15e ./mongoose/mongoose.o
 .text.mg_http_parse
                0x0800bae8      0x37c ./mongoose/mongoose.o
                0x0800bae8                mg_http_parse
 .text.mg_http_status_code_str
                0x0800be64      0x9f8 ./mongoose/mongoose.o
 .text.mg_http_reply
                0x0800c85c       0xb0 ./mongoose/mongoose.o
                0x0800c85c                mg_http_reply
 .text.restore_http_cb
                0x0800c90c       0x40 ./mongoose/mongoose.o
 .text.mg_http_etag
                0x0800c94c       0x38 ./mongoose/mongoose.o
                0x0800c94c                mg_http_etag
 .text.static_cb
                0x0800c984       0xc4 ./mongoose/mongoose.o
 .text.guess_content_type
                0x0800ca48      0x13c ./mongoose/mongoose.o
 .text.getrange
                0x0800cb84       0xe8 ./mongoose/mongoose.o
 .text.mg_http_serve_file
                0x0800cc6c      0x5a4 ./mongoose/mongoose.o
                0x0800cc6c                mg_http_serve_file
 .text.uri_to_path2
                0x0800d210      0x2dc ./mongoose/mongoose.o
 .text.uri_to_path
                0x0800d4ec      0x194 ./mongoose/mongoose.o
 .text.mg_http_serve_dir
                0x0800d680       0xc8 ./mongoose/mongoose.o
                0x0800d680                mg_http_serve_dir
 .text.mg_http_creds
                0x0800d748      0x238 ./mongoose/mongoose.o
                0x0800d748                mg_http_creds
 .text.stripquotes
                0x0800d980       0x52 ./mongoose/mongoose.o
 .text.mg_http_get_header_var
                0x0800d9d2      0x12c ./mongoose/mongoose.o
                0x0800d9d2                mg_http_get_header_var
 .text.mg_http_status
                0x0800dafe       0x1c ./mongoose/mongoose.o
                0x0800dafe                mg_http_status
 .text.is_hex_digit
                0x0800db1a       0x44 ./mongoose/mongoose.o
 .text.skip_chunk
                0x0800db5e      0x11e ./mongoose/mongoose.o
 .text.http_cb  0x0800dc7c      0x838 ./mongoose/mongoose.o
 .text.mg_http_connect
                0x0800e4b4       0x38 ./mongoose/mongoose.o
                0x0800e4b4                mg_http_connect
 .text.mg_http_listen
                0x0800e4ec       0x38 ./mongoose/mongoose.o
                0x0800e4ec                mg_http_listen
 .text.roundup  0x0800e524       0x34 ./mongoose/mongoose.o
 .text.mg_iobuf_resize
                0x0800e558      0x118 ./mongoose/mongoose.o
                0x0800e558                mg_iobuf_resize
 .text.mg_iobuf_add
                0x0800e670       0xa4 ./mongoose/mongoose.o
                0x0800e670                mg_iobuf_add
 .text.mg_iobuf_del
                0x0800e714       0x96 ./mongoose/mongoose.o
                0x0800e714                mg_iobuf_del
 .text.mg_iobuf_free
                0x0800e7aa       0x18 ./mongoose/mongoose.o
                0x0800e7aa                mg_iobuf_free
 *fill*         0x0800e7c2        0x2 
 .text.escapeseq
                0x0800e7c4       0x28 ./mongoose/mongoose.o
 .text.json_esc
                0x0800e7ec       0x60 ./mongoose/mongoose.o
 .text.mg_pass_string
                0x0800e84c       0x82 ./mongoose/mongoose.o
 *fill*         0x0800e8ce        0x2 
 .text.mg_atod  0x0800e8d0      0x2a0 ./mongoose/mongoose.o
 .text.mg_json_next
                0x0800eb70      0x298 ./mongoose/mongoose.o
                0x0800eb70                mg_json_next
 .text.mg_json_get
                0x0800ee08      0x674 ./mongoose/mongoose.o
                0x0800ee08                mg_json_get
 .text.mg_json_get_tok
                0x0800f47c       0x4a ./mongoose/mongoose.o
                0x0800f47c                mg_json_get_tok
 .text.mg_json_get_num
                0x0800f4c6       0x8a ./mongoose/mongoose.o
                0x0800f4c6                mg_json_get_num
 .text.mg_json_get_bool
                0x0800f550       0x78 ./mongoose/mongoose.o
                0x0800f550                mg_json_get_bool
 .text.mg_json_unescape
                0x0800f5c8      0x11c ./mongoose/mongoose.o
                0x0800f5c8                mg_json_unescape
 .text.logc     0x0800f6e4       0x28 ./mongoose/mongoose.o
 .text.logs     0x0800f70c       0x36 ./mongoose/mongoose.o
 *fill*         0x0800f742        0x2 
 .text.mg_log_prefix
                0x0800f744       0xa0 ./mongoose/mongoose.o
                0x0800f744                mg_log_prefix
 .text.mg_log   0x0800f7e4       0x40 ./mongoose/mongoose.o
                0x0800f7e4                mg_log
 .text.nibble   0x0800f824       0x2c ./mongoose/mongoose.o
 .text.mg_hexdump
                0x0800f850      0x174 ./mongoose/mongoose.o
                0x0800f850                mg_hexdump
 .text.mg_vprintf
                0x0800f9c4       0x38 ./mongoose/mongoose.o
                0x0800f9c4                mg_vprintf
 .text.mg_printf
                0x0800f9fc       0x34 ./mongoose/mongoose.o
                0x0800f9fc                mg_printf
 .text.mg_atonl
                0x0800fa30       0x60 ./mongoose/mongoose.o
 .text.mg_atone
                0x0800fa90       0x36 ./mongoose/mongoose.o
 .text.mg_aton4
                0x0800fac6       0xec ./mongoose/mongoose.o
 .text.mg_v4mapped
                0x0800fbb2       0xd0 ./mongoose/mongoose.o
 .text.mg_aton6
                0x0800fc82      0x220 ./mongoose/mongoose.o
 .text.mg_aton  0x0800fea2       0x74 ./mongoose/mongoose.o
                0x0800fea2                mg_aton
 .text.mg_alloc_conn
                0x0800ff16       0x5a ./mongoose/mongoose.o
                0x0800ff16                mg_alloc_conn
 .text.mg_close_conn
                0x0800ff70       0xd0 ./mongoose/mongoose.o
                0x0800ff70                mg_close_conn
 .text.mg_connect
                0x08010040      0x13c ./mongoose/mongoose.o
                0x08010040                mg_connect
 .text.mg_listen
                0x0801017c      0x14c ./mongoose/mongoose.o
                0x0801017c                mg_listen
 .text.mg_timer_add
                0x080102c8       0x4c ./mongoose/mongoose.o
                0x080102c8                mg_timer_add
 .text.mg_mgr_init
                0x08010314      0x12c ./mongoose/mongoose.o
                0x08010314                mg_mgr_init
 .text.mg_tcpip_call
                0x08010440       0x28 ./mongoose/mongoose.o
 .text.mkpay    0x08010468       0x3c ./mongoose/mongoose.o
 .text.csumup   0x080104a4       0x56 ./mongoose/mongoose.o
 .text.csumfin  0x080104fa       0x36 ./mongoose/mongoose.o
 .text.ipcsum   0x08010530       0x26 ./mongoose/mongoose.o
 *fill*         0x08010556        0x2 
 .text.settmout
                0x08010558       0xc8 ./mongoose/mongoose.o
 .text.ether_output
                0x08010620       0x38 ./mongoose/mongoose.o
 .text.mg_tcpip_arp_request
                0x08010658       0xd0 ./mongoose/mongoose.o
                0x08010658                mg_tcpip_arp_request
 .text.onstatechange
                0x08010728      0x154 ./mongoose/mongoose.o
 .text.tx_ip    0x0801087c       0xae ./mongoose/mongoose.o
 .text.tx_udp   0x0801092a       0xd2 ./mongoose/mongoose.o
 .text.tx_dhcp  0x080109fc      0x120 ./mongoose/mongoose.o
 .text.tx_dhcp_request_sel
                0x08010b1c      0x1b0 ./mongoose/mongoose.o
 .text.tx_dhcp_request_re
                0x08010ccc       0x64 ./mongoose/mongoose.o
 .text.tx_dhcp_discover
                0x08010d30       0x78 ./mongoose/mongoose.o
 .text.getpeer  0x08010da8       0xe2 ./mongoose/mongoose.o
 *fill*         0x08010e8a        0x2 
 .text.rx_arp   0x08010e8c      0x224 ./mongoose/mongoose.o
 .text.rx_icmp  0x080110b0       0xb8 ./mongoose/mongoose.o
 .text.rx_dhcp_client
                0x08011168      0x3d0 ./mongoose/mongoose.o
 .text.rx_dhcp_server
                0x08011538      0x3dc ./mongoose/mongoose.o
 .text.rx_udp   0x08011914       0xe4 ./mongoose/mongoose.o
 .text.tx_tcp   0x080119f8      0x1e4 ./mongoose/mongoose.o
 .text.tx_tcp_pkt
                0x08011bdc       0x8c ./mongoose/mongoose.o
 .text.accept_conn
                0x08011c68      0x1b0 ./mongoose/mongoose.o
 .text.trim_len
                0x08011e18      0x11c ./mongoose/mongoose.o
 .text.mg_io_send
                0x08011f34      0x102 ./mongoose/mongoose.o
                0x08011f34                mg_io_send
 *fill*         0x08012036        0x2 
 .text.handle_tls_recv
                0x08012038       0xc4 ./mongoose/mongoose.o
 .text.read_conn
                0x080120fc      0x430 ./mongoose/mongoose.o
 .text.handle_opt
                0x0801252c       0xbc ./mongoose/mongoose.o
 .text.rx_tcp   0x080125e8      0x290 ./mongoose/mongoose.o
 .text.rx_ip    0x08012878      0x2dc ./mongoose/mongoose.o
 .text.rx_ip6   0x08012b54       0x84 ./mongoose/mongoose.o
 .text.mg_tcpip_rx
                0x08012bd8      0x228 ./mongoose/mongoose.o
 .text.mg_tcpip_poll
                0x08012e00      0x4c0 ./mongoose/mongoose.o
 .text.mg_tcpip_qwrite
                0x080132c0       0x5a ./mongoose/mongoose.o
                0x080132c0                mg_tcpip_qwrite
 *fill*         0x0801331a        0x2 
 .text.mg_tcpip_init
                0x0801331c      0x1d8 ./mongoose/mongoose.o
                0x0801331c                mg_tcpip_init
 .text.send_syn
                0x080134f4       0x66 ./mongoose/mongoose.o
 .text.mac_resolved
                0x0801355a       0x48 ./mongoose/mongoose.o
 *fill*         0x080135a2        0x2 
 .text.ip4_mcastmac
                0x080135a4       0x5c ./mongoose/mongoose.o
 .text.mg_connect_resolved
                0x08013600      0x1d0 ./mongoose/mongoose.o
                0x08013600                mg_connect_resolved
 .text.mg_open_listener
                0x080137d0       0x88 ./mongoose/mongoose.o
                0x080137d0                mg_open_listener
 .text.write_conn
                0x08013858       0x80 ./mongoose/mongoose.o
 .text.init_closure
                0x080138d8       0xa8 ./mongoose/mongoose.o
 .text.close_conn
                0x08013980       0x26 ./mongoose/mongoose.o
 .text.can_write
                0x080139a6       0x68 ./mongoose/mongoose.o
 *fill*         0x08013a0e        0x2 
 .text.mg_mgr_poll
                0x08013a10      0x264 ./mongoose/mongoose.o
                0x08013a10                mg_mgr_poll
 .text.mg_send  0x08013c74      0x118 ./mongoose/mongoose.o
                0x08013c74                mg_send
 .text.mg_ota_begin
                0x08013d8c       0x2c ./mongoose/mongoose.o
                0x08013d8c                mg_ota_begin
 .text.mg_ota_write
                0x08013db8       0x24 ./mongoose/mongoose.o
                0x08013db8                mg_ota_write
 .text.mg_ota_end
                0x08013ddc       0xc0 ./mongoose/mongoose.o
                0x08013ddc                mg_ota_end
 .text.mg_pfn_iobuf_private
                0x08013e9c       0x90 ./mongoose/mongoose.o
 .text.mg_putchar_iobuf_static
                0x08013f2c       0x20 ./mongoose/mongoose.o
 .text.mg_pfn_iobuf
                0x08013f4c       0x20 ./mongoose/mongoose.o
                0x08013f4c                mg_pfn_iobuf
 .text.mg_vsnprintf
                0x08013f6c       0x50 ./mongoose/mongoose.o
                0x08013f6c                mg_vsnprintf
 .text.mg_snprintf
                0x08013fbc       0x32 ./mongoose/mongoose.o
                0x08013fbc                mg_snprintf
 *fill*         0x08013fee        0x2 
 .text.mg_vmprintf
                0x08013ff0       0x38 ./mongoose/mongoose.o
                0x08013ff0                mg_vmprintf
 .text.mg_mprintf
                0x08014028       0x2a ./mongoose/mongoose.o
                0x08014028                mg_mprintf
 .text.mg_pfn_stdout
                0x08014052       0x1c ./mongoose/mongoose.o
                0x08014052                mg_pfn_stdout
 *fill*         0x0801406e        0x2 
 .text.print_ip4
                0x08014070       0x48 ./mongoose/mongoose.o
 .text.print_ip6
                0x080140b8       0xbc ./mongoose/mongoose.o
 .text.mg_print_ip4
                0x08014174       0x2e ./mongoose/mongoose.o
                0x08014174                mg_print_ip4
 .text.mg_print_ip
                0x080141a2       0x48 ./mongoose/mongoose.o
                0x080141a2                mg_print_ip
 *fill*         0x080141ea        0x2 
 .text.mg_print_ip_port
                0x080141ec       0x4c ./mongoose/mongoose.o
                0x080141ec                mg_print_ip_port
 .text.mg_print_mac
                0x08014238       0x6c ./mongoose/mongoose.o
                0x08014238                mg_print_mac
 .text.mg_esc   0x080142a4       0x7c ./mongoose/mongoose.o
 .text.mg_escape
                0x08014320       0x1a ./mongoose/mongoose.o
 .text.qcpy     0x0801433a       0x86 ./mongoose/mongoose.o
 .text.mg_print_hex
                0x080143c0       0x88 ./mongoose/mongoose.o
                0x080143c0                mg_print_hex
 .text.mg_print_esc
                0x08014448       0x58 ./mongoose/mongoose.o
                0x08014448                mg_print_esc
 .text.mg_queue_read_len
                0x080144a0       0x54 ./mongoose/mongoose.o
 .text.mg_queue_write_len
                0x080144f4       0x2c ./mongoose/mongoose.o
 .text.mg_queue_book
                0x08014520       0xae ./mongoose/mongoose.o
                0x08014520                mg_queue_book
 *fill*         0x080145ce        0x2 
 .text.mg_queue_next
                0x080145d0       0x8c ./mongoose/mongoose.o
                0x080145d0                mg_queue_next
 .text.mg_queue_add
                0x0801465c       0x70 ./mongoose/mongoose.o
                0x0801465c                mg_queue_add
 .text.mg_queue_del
                0x080146cc       0x48 ./mongoose/mongoose.o
                0x080146cc                mg_queue_del
 .text.blk0     0x08014714       0x58 ./mongoose/mongoose.o
 .text.mg_sha1_transform
                0x0801476c     0x143c ./mongoose/mongoose.o
 .text.mg_sha1_init
                0x08015ba8       0x54 ./mongoose/mongoose.o
                0x08015ba8                mg_sha1_init
 .text.mg_sha1_update
                0x08015bfc       0xcc ./mongoose/mongoose.o
                0x08015bfc                mg_sha1_update
 .text.mg_sha1_final
                0x08015cc8       0xe4 ./mongoose/mongoose.o
                0x08015cc8                mg_sha1_final
 .text.mg_sha256_init
                0x08015dac       0x78 ./mongoose/mongoose.o
                0x08015dac                mg_sha256_init
 .text.mg_sha256_chunk
                0x08015e24      0x410 ./mongoose/mongoose.o
 .text.mg_sha256_update
                0x08016234       0x72 ./mongoose/mongoose.o
                0x08016234                mg_sha256_update
 .text.mg_sha256_final
                0x080162a6      0x270 ./mongoose/mongoose.o
                0x080162a6                mg_sha256_final
 .text.mg_sha256
                0x08016516       0x38 ./mongoose/mongoose.o
                0x08016516                mg_sha256
 .text.mg_hmac_sha256
                0x0801654e      0x1ce ./mongoose/mongoose.o
                0x0801654e                mg_hmac_sha256
 .text.mg_sha384_transform
                0x0801671c      0xa44 ./mongoose/mongoose.o
 .text.mg_sha384_init
                0x08017160       0xd8 ./mongoose/mongoose.o
                0x08017160                mg_sha384_init
 .text.mg_sha384_update
                0x08017238       0xaa ./mongoose/mongoose.o
                0x08017238                mg_sha384_update
 .text.mg_sha384_final
                0x080172e2      0x3dc ./mongoose/mongoose.o
                0x080172e2                mg_sha384_final
 .text.mg_sha384
                0x080176be       0x38 ./mongoose/mongoose.o
                0x080176be                mg_sha384
 *fill*         0x080176f6        0x2 
 .text.mg_now   0x080176f8       0x24 ./mongoose/mongoose.o
                0x080176f8                mg_now
 .text.mg_http_serve_ssi
                0x0801771c       0x28 ./mongoose/mongoose.o
                0x0801771c                mg_http_serve_ssi
 .text.mg_str_s
                0x08017744       0x3a ./mongoose/mongoose.o
                0x08017744                mg_str_s
 .text.mg_str_n
                0x0801777e       0x30 ./mongoose/mongoose.o
                0x0801777e                mg_str_n
 .text.mg_tolc  0x080177ae       0x2a ./mongoose/mongoose.o
 .text.mg_strdup
                0x080177d8       0x6e ./mongoose/mongoose.o
                0x080177d8                mg_strdup
 .text.mg_strcmp
                0x08017846       0x84 ./mongoose/mongoose.o
                0x08017846                mg_strcmp
 .text.mg_strcasecmp
                0x080178ca       0x8e ./mongoose/mongoose.o
                0x080178ca                mg_strcasecmp
 .text.mg_match
                0x08017958      0x1e8 ./mongoose/mongoose.o
                0x08017958                mg_match
 .text.mg_span  0x08017b40       0xba ./mongoose/mongoose.o
                0x08017b40                mg_span
 .text.mg_str_to_num
                0x08017bfa      0x466 ./mongoose/mongoose.o
                0x08017bfa                mg_str_to_num
 .text.mg_timer_init
                0x08018060       0x52 ./mongoose/mongoose.o
                0x08018060                mg_timer_init
 .text.mg_timer_free
                0x080180b2       0x42 ./mongoose/mongoose.o
                0x080180b2                mg_timer_free
 .text.mg_timer_expired
                0x080180f4       0xc8 ./mongoose/mongoose.o
                0x080180f4                mg_timer_expired
 .text.mg_timer_poll
                0x080181bc       0xf4 ./mongoose/mongoose.o
                0x080181bc                mg_timer_poll
 .text.mg_tls_hexdump
                0x080182b0       0x50 ./mongoose/mongoose.o
 .text.mg_der_parse
                0x08018300       0xc0 ./mongoose/mongoose.o
 .text.mg_der_next
                0x080183c0       0x56 ./mongoose/mongoose.o
 .text.mg_der_find_oid
                0x08018416       0xa0 ./mongoose/mongoose.o
 .text.mg_der_to_tlv
                0x080184b6       0xa8 ./mongoose/mongoose.o
 .text.mg_tls_got_record
                0x0801855e       0x50 ./mongoose/mongoose.o
 .text.mg_tls_drop_record
                0x080185ae       0x44 ./mongoose/mongoose.o
 *fill*         0x080185f2        0x2 
 .text.mg_tls_drop_message
                0x080185f4       0x98 ./mongoose/mongoose.o
 .text.mg_tls_derive_secret
                0x0801868c      0x138 ./mongoose/mongoose.o
 .text.mg_tls_generate_handshake_keys
                0x080187c4      0x2a0 ./mongoose/mongoose.o
 .text.mg_tls_generate_application_keys
                0x08018a64      0x230 ./mongoose/mongoose.o
 .text.mg_tls_encrypt
                0x08018c94      0x1f8 ./mongoose/mongoose.o
 .text.mg_tls_recv_record
                0x08018e8c      0x238 ./mongoose/mongoose.o
 .text.mg_tls_calc_cert_verify_hash
                0x080190c4      0x144 ./mongoose/mongoose.o
 .text.mg_tls_server_recv_hello
                0x08019208      0x318 ./mongoose/mongoose.o
 .text.mg_tls_server_send_hello
                0x08019520      0x168 ./mongoose/mongoose.o
 .text.mg_tls_server_send_ext
                0x08019688       0x44 ./mongoose/mongoose.o
 .text.mg_tls_server_send_cert
                0x080196cc      0x1e4 ./mongoose/mongoose.o
 .text.init_SHA256
                0x080198b0       0x1e ./mongoose/mongoose.o
 .text.update_SHA256
                0x080198ce       0x26 ./mongoose/mongoose.o
 .text.finish_SHA256
                0x080198f4       0x22 ./mongoose/mongoose.o
 *fill*         0x08019916        0x2 
 .text.mg_tls_send_cert_verify
                0x08019918      0x268 ./mongoose/mongoose.o
 .text.mg_tls_server_send_finish
                0x08019b80       0x90 ./mongoose/mongoose.o
 .text.mg_tls_server_recv_finish
                0x08019c10       0x80 ./mongoose/mongoose.o
 .text.mg_tls_client_send_hello
                0x08019c90      0x3c4 ./mongoose/mongoose.o
 .text.mg_tls_client_recv_hello
                0x0801a054      0x274 ./mongoose/mongoose.o
 .text.mg_tls_client_recv_ext
                0x0801a2c8       0x60 ./mongoose/mongoose.o
 .text.mg_der_debug_cert_name
                0x0801a328      0x14c ./mongoose/mongoose.o
 .text.mg_tls_parse_cert_der
                0x0801a474      0x768 ./mongoose/mongoose.o
 .text.mg_tls_verify_cert_san
                0x0801abdc      0x100 ./mongoose/mongoose.o
 .text.mg_tls_verify_cert_signature
                0x0801acdc      0x318 ./mongoose/mongoose.o
 .text.mg_tls_client_recv_cert
                0x0801aff4      0x4fc ./mongoose/mongoose.o
 .text.mg_tls_client_recv_cert_verify
                0x0801b4f0      0x450 ./mongoose/mongoose.o
 .text.mg_tls_client_recv_finish
                0x0801b940       0x60 ./mongoose/mongoose.o
 .text.mg_tls_client_send_finish
                0x0801b9a0       0x80 ./mongoose/mongoose.o
 .text.mg_tls_client_handshake
                0x0801ba20      0x21c ./mongoose/mongoose.o
 .text.mg_tls_server_handshake
                0x0801bc3c       0xa0 ./mongoose/mongoose.o
 .text.mg_tls_handshake
                0x0801bcdc       0x66 ./mongoose/mongoose.o
                0x0801bcdc                mg_tls_handshake
 *fill*         0x0801bd42        0x2 
 .text.mg_parse_pem
                0x0801bd44      0x140 ./mongoose/mongoose.o
 .text.mg_tls_init
                0x0801be84      0x2f8 ./mongoose/mongoose.o
                0x0801be84                mg_tls_init
 .text.mg_tls_free
                0x0801c17c       0x54 ./mongoose/mongoose.o
                0x0801c17c                mg_tls_free
 .text.mg_tls_send
                0x0801c1d0      0x148 ./mongoose/mongoose.o
                0x0801c1d0                mg_tls_send
 .text.mg_tls_recv
                0x0801c318       0xa8 ./mongoose/mongoose.o
                0x0801c318                mg_tls_recv
 .text.mg_tls_pending
                0x0801c3c0       0x2a ./mongoose/mongoose.o
                0x0801c3c0                mg_tls_pending
 .text.mg_tls_flush
                0x0801c3ea       0x48 ./mongoose/mongoose.o
                0x0801c3ea                mg_tls_flush
 .text.mg_tls_ctx_init
                0x0801c432       0x14 ./mongoose/mongoose.o
                0x0801c432                mg_tls_ctx_init
 *fill*         0x0801c446        0x2 
 .text.initialize_state
                0x0801c448       0xd0 ./mongoose/mongoose.o
 .text.core_block
                0x0801c518      0x4a4 ./mongoose/mongoose.o
 .text.xor_block
                0x0801c9bc      0x116 ./mongoose/mongoose.o
 .text.chacha20_xor_stream
                0x0801cad2       0xf0 ./mongoose/mongoose.o
 .text.rfc8439_keygen
                0x0801cbc2       0x40 ./mongoose/mongoose.o
 .text.U8TO32   0x0801cc02       0x38 ./mongoose/mongoose.o
 .text.U32TO8   0x0801cc3a       0x42 ./mongoose/mongoose.o
 .text.poly1305_init
                0x0801cc7c       0xf8 ./mongoose/mongoose.o
 .text.poly1305_blocks
                0x0801cd74      0xe06 ./mongoose/mongoose.o
 .text.poly1305_finish
                0x0801db7a      0x4b8 ./mongoose/mongoose.o
 .text.poly1305_update
                0x0801e032      0x106 ./mongoose/mongoose.o
 .text.pad_if_needed
                0x0801e138       0x34 ./mongoose/mongoose.o
 .text.write_64bit_int
                0x0801e16c       0xbe ./mongoose/mongoose.o
 .text.poly1305_calculate_mac
                0x0801e22a       0xcc ./mongoose/mongoose.o
 .text.mg_chacha20_poly1305_encrypt
                0x0801e2f6       0x70 ./mongoose/mongoose.o
                0x0801e2f6                mg_chacha20_poly1305_encrypt
 .text.mg_chacha20_poly1305_decrypt
                0x0801e366       0x54 ./mongoose/mongoose.o
                0x0801e366                mg_chacha20_poly1305_decrypt
 .text.bi_initialize
                0x0801e3ba       0x4a ./mongoose/mongoose.o
 .text.bi_copy  0x0801e404       0x30 ./mongoose/mongoose.o
 .text.bi_permanent
                0x0801e434       0x28 ./mongoose/mongoose.o
 .text.bi_depermanent
                0x0801e45c       0x28 ./mongoose/mongoose.o
 .text.bi_free  0x0801e484       0x64 ./mongoose/mongoose.o
 .text.int_to_bi
                0x0801e4e8       0x26 ./mongoose/mongoose.o
 .text.bi_clone
                0x0801e50e       0x3a ./mongoose/mongoose.o
 .text.bi_add   0x0801e548       0xba ./mongoose/mongoose.o
 .text.bi_subtract
                0x0801e602       0xb0 ./mongoose/mongoose.o
 .text.bi_int_multiply
                0x0801e6b2      0x106 ./mongoose/mongoose.o
 .text.bi_divide
                0x0801e7b8      0x46c ./mongoose/mongoose.o
 .text.bi_int_divide
                0x0801ec24       0xb2 ./mongoose/mongoose.o
 .text.bi_import
                0x0801ecd6       0xa2 ./mongoose/mongoose.o
 .text.bi_export
                0x0801ed78       0xa0 ./mongoose/mongoose.o
 .text.bi_set_mod
                0x0801ee18       0x94 ./mongoose/mongoose.o
 .text.regular_multiply
                0x0801eeac      0x19c ./mongoose/mongoose.o
 .text.bi_multiply
                0x0801f048       0x26 ./mongoose/mongoose.o
 .text.bi_compare
                0x0801f06e       0xaa ./mongoose/mongoose.o
 .text.more_comps
                0x0801f118       0xb8 ./mongoose/mongoose.o
 .text.alloc    0x0801f1d0       0x90 ./mongoose/mongoose.o
 .text.find_max_exp_index
                0x0801f260       0x66 ./mongoose/mongoose.o
 .text.exp_bit_is_one
                0x0801f2c6       0x6c ./mongoose/mongoose.o
 .text.trim     0x0801f332       0x50 ./mongoose/mongoose.o
 .text.bi_mod_power
                0x0801f382      0x1d8 ./mongoose/mongoose.o
 .text.mg_rsa_mod_pow
                0x0801f55a       0x8a ./mongoose/mongoose.o
                0x0801f55a                mg_rsa_mod_pow
 .text.mg_uecc_vli_clear
                0x0801f5e4       0x42 ./mongoose/mongoose.o
 .text.mg_uecc_vli_isZero
                0x0801f626       0x54 ./mongoose/mongoose.o
 .text.mg_uecc_vli_testBit
                0x0801f67a       0x36 ./mongoose/mongoose.o
 .text.vli_numDigits
                0x0801f6b0       0x4a ./mongoose/mongoose.o
 .text.mg_uecc_vli_numBits
                0x0801f6fa       0x72 ./mongoose/mongoose.o
 .text.mg_uecc_vli_set
                0x0801f76c       0x4e ./mongoose/mongoose.o
 .text.mg_uecc_vli_cmp_unsafe
                0x0801f7ba       0x78 ./mongoose/mongoose.o
 .text.mg_uecc_vli_equal
                0x0801f832       0x64 ./mongoose/mongoose.o
 .text.mg_uecc_vli_cmp
                0x0801f896       0x62 ./mongoose/mongoose.o
 .text.mg_uecc_vli_rshift1
                0x0801f8f8       0x54 ./mongoose/mongoose.o
 .text.mg_uecc_vli_add
                0x0801f94c       0x94 ./mongoose/mongoose.o
 .text.mg_uecc_vli_sub
                0x0801f9e0       0x94 ./mongoose/mongoose.o
 .text.muladd   0x0801fa74       0xd4 ./mongoose/mongoose.o
 .text.mg_uecc_vli_mult
                0x0801fb48      0x140 ./mongoose/mongoose.o
 .text.mg_uecc_vli_modAdd
                0x0801fc88       0x4e ./mongoose/mongoose.o
 .text.mg_uecc_vli_modSub
                0x0801fcd6       0x3a ./mongoose/mongoose.o
 .text.mg_uecc_vli_mmod
                0x0801fd10      0x278 ./mongoose/mongoose.o
 .text.mg_uecc_vli_modMult
                0x0801ff88       0x36 ./mongoose/mongoose.o
 .text.mg_uecc_vli_modMult_fast
                0x0801ffbe       0x38 ./mongoose/mongoose.o
 .text.mg_uecc_vli_modSquare_fast
                0x0801fff6       0x20 ./mongoose/mongoose.o
 .text.vli_modInv_update
                0x08020016       0x70 ./mongoose/mongoose.o
 .text.mg_uecc_vli_modInv
                0x08020086      0x1f2 ./mongoose/mongoose.o
 .text.double_jacobian_default
                0x08020278      0x1fe ./mongoose/mongoose.o
 .text.x_side_default
                0x08020476       0x76 ./mongoose/mongoose.o
 .text.mod_sqrt_default
                0x080204ec       0xca ./mongoose/mongoose.o
 *fill*         0x080205b6        0x2 
 .text.mg_uecc_secp256r1
                0x080205b8       0x14 ./mongoose/mongoose.o
                0x080205b8                mg_uecc_secp256r1
 .text.vli_mmod_fast_secp256r1
                0x080205cc      0x2b4 ./mongoose/mongoose.o
 .text.apply_z  0x08020880       0x50 ./mongoose/mongoose.o
 .text.XYcZ_initial_double
                0x080208d0       0x94 ./mongoose/mongoose.o
 .text.XYcZ_add
                0x08020964      0x134 ./mongoose/mongoose.o
 .text.XYcZ_addC
                0x08020a98      0x1e2 ./mongoose/mongoose.o
 .text.EccPoint_mult
                0x08020c7a      0x2c2 ./mongoose/mongoose.o
 .text.regularize_k
                0x08020f3c       0x82 ./mongoose/mongoose.o
 *fill*         0x08020fbe        0x2 
 .text.mg_uecc_generate_random_int
                0x08020fc0       0xd4 ./mongoose/mongoose.o
 .text.mg_uecc_vli_nativeToBytes
                0x08021094       0x5a ./mongoose/mongoose.o
 .text.mg_uecc_vli_bytesToNative
                0x080210ee       0x78 ./mongoose/mongoose.o
 .text.bits2int
                0x08021166       0xe4 ./mongoose/mongoose.o
 *fill*         0x0802124a        0x2 
 .text.mg_uecc_sign_with_k_internal
                0x0802124c      0x2d8 ./mongoose/mongoose.o
 .text.HMAC_init
                0x08021524       0x7e ./mongoose/mongoose.o
 .text.HMAC_update
                0x080215a2       0x20 ./mongoose/mongoose.o
 .text.HMAC_finish
                0x080215c2       0xa2 ./mongoose/mongoose.o
 .text.update_V
                0x08021664       0x34 ./mongoose/mongoose.o
 .text.mg_uecc_sign_deterministic
                0x08021698      0x22c ./mongoose/mongoose.o
                0x08021698                mg_uecc_sign_deterministic
 .text.smax     0x080218c4       0x2c ./mongoose/mongoose.o
 .text.mg_uecc_verify
                0x080218f0      0x598 ./mongoose/mongoose.o
                0x080218f0                mg_uecc_verify
 .text.umaal    0x08021e88       0x9c ./mongoose/mongoose.o
 .text.adc      0x08021f24       0x6e ./mongoose/mongoose.o
 .text.adc0     0x08021f92       0x4c ./mongoose/mongoose.o
 .text.propagate
                0x08021fde       0x74 ./mongoose/mongoose.o
 .text.add      0x08022052       0x60 ./mongoose/mongoose.o
 .text.sub      0x080220b2       0xa2 ./mongoose/mongoose.o
 .text.mul      0x08022154       0xfa ./mongoose/mongoose.o
 .text.sqr      0x0802224e       0x1e ./mongoose/mongoose.o
 .text.mul1     0x0802226c       0x1e ./mongoose/mongoose.o
 .text.sqr1     0x0802228a       0x18 ./mongoose/mongoose.o
 .text.condswap
                0x080222a2       0x78 ./mongoose/mongoose.o
 .text.canon    0x0802231a       0xe4 ./mongoose/mongoose.o
 *fill*         0x080223fe        0x2 
 .text.ladder_part1
                0x08022400       0xa8 ./mongoose/mongoose.o
 .text.ladder_part2
                0x080224a8       0x5c ./mongoose/mongoose.o
 .text.x25519_core
                0x08022504      0x15c ./mongoose/mongoose.o
 .text.mg_tls_x25519
                0x08022660      0x198 ./mongoose/mongoose.o
                0x08022660                mg_tls_x25519
 .text.mg_url_is_ssl
                0x080227f8       0x90 ./mongoose/mongoose.o
                0x080227f8                mg_url_is_ssl
 .text.urlparse
                0x08022888      0x102 ./mongoose/mongoose.o
 .text.mg_url_host
                0x0802298a       0x66 ./mongoose/mongoose.o
                0x0802298a                mg_url_host
 .text.mg_url_port
                0x080229f0       0xc8 ./mongoose/mongoose.o
                0x080229f0                mg_url_port
 .text.mg_bzero
                0x08022ab8       0x32 ./mongoose/mongoose.o
                0x08022ab8                mg_bzero
 *fill*         0x08022aea        0x2 
 .text.mg_random_str
                0x08022aec       0x8c ./mongoose/mongoose.o
                0x08022aec                mg_random_str
 .text.mg_crc32
                0x08022b78       0x74 ./mongoose/mongoose.o
                0x08022b78                mg_crc32
 .text.mg_path_is_sane
                0x08022bec       0x8c ./mongoose/mongoose.o
                0x08022bec                mg_path_is_sane
 .text.mg_ntohs
                0x08022c78       0x2e ./mongoose/mongoose.o
                0x08022c78                mg_ntohs
 .text.mg_ntohl
                0x08022ca6       0x36 ./mongoose/mongoose.o
                0x08022ca6                mg_ntohl
 .text.ws_handshake
                0x08022cdc       0xc8 ./mongoose/mongoose.o
 .text.be32     0x08022da4       0x38 ./mongoose/mongoose.o
 .text.ws_process
                0x08022ddc      0x150 ./mongoose/mongoose.o
 .text.mkhdr    0x08022f2c       0xe2 ./mongoose/mongoose.o
 .text.mg_ws_mask
                0x0802300e       0x78 ./mongoose/mongoose.o
 *fill*         0x08023086        0x2 
 .text.mg_ws_send
                0x08023088       0xb4 ./mongoose/mongoose.o
                0x08023088                mg_ws_send
 .text.mg_ws_client_handshake
                0x0802313c      0x12c ./mongoose/mongoose.o
 .text.mg_ws_cb
                0x08023268      0x2b8 ./mongoose/mongoose.o
 .text.mg_ws_upgrade
                0x08023520       0xb4 ./mongoose/mongoose.o
                0x08023520                mg_ws_upgrade
 .text.mg_phy_id_to_str
                0x080235d4      0x114 ./mongoose/mongoose.o
 .text.mg_phy_init
                0x080236e8      0x170 ./mongoose/mongoose.o
                0x080236e8                mg_phy_init
 .text.mg_phy_up
                0x08023858      0x22a ./mongoose/mongoose.o
                0x08023858                mg_phy_up
 *fill*         0x08023a82        0x2 
 .text.eth_read_phy
                0x08023a84       0x74 ./mongoose/mongoose.o
 .text.eth_write_phy
                0x08023af8       0x78 ./mongoose/mongoose.o
 .text.mg_tcpip_driver_stm32h_init
                0x08023b70      0x270 ./mongoose/mongoose.o
 .text.mg_tcpip_driver_stm32h_tx
                0x08023de0      0x1b8 ./mongoose/mongoose.o
 .text.mg_tcpip_driver_stm32h_update_hash_table
                0x08023f98       0x64 ./mongoose/mongoose.o
 .text.mg_tcpip_driver_stm32h_poll
                0x08023ffc      0x124 ./mongoose/mongoose.o
 .text.ETH_IRQHandler
                0x08024120      0x120 ./mongoose/mongoose.o
                0x08024120                ETH_IRQHandler
 .text.scmp     0x08024240       0x44 ./mongoose/mongoose_fs.o
 .text.mg_unlist
                0x08024284       0x28 ./mongoose/mongoose_fs.o
                0x08024284                mg_unlist
 .text.mg_unpack
                0x080242ac       0x6c ./mongoose/mongoose_fs.o
                0x080242ac                mg_unpack
 .text.glue_modbus_read_reg
                0x08024318       0x9c ./mongoose/mongoose_glue.o
                0x08024318                glue_modbus_read_reg
 .text.glue_modbus_write_reg
                0x080243b4       0x9c ./mongoose/mongoose_glue.o
                0x080243b4                glue_modbus_write_reg
 .text.glue_get_local_reg
                0x08024450       0x50 ./mongoose/mongoose_glue.o
                0x08024450                glue_get_local_reg
 .text.glue_authenticate
                0x080244a0       0x64 ./mongoose/mongoose_glue.o
                0x080244a0                glue_authenticate
 .text.glue_check_reboot
                0x08024504       0x24 ./mongoose/mongoose_glue.o
                0x08024504                glue_check_reboot
 .text.glue_start_reboot
                0x08024528       0x60 ./mongoose/mongoose_glue.o
                0x08024528                glue_start_reboot
 .text.glue_check_reformat
                0x08024588       0x24 ./mongoose/mongoose_glue.o
                0x08024588                glue_check_reformat
 .text.glue_start_reformat
                0x080245ac       0x60 ./mongoose/mongoose_glue.o
                0x080245ac                glue_start_reformat
 .text.glue_ota_begin_firmware_update
                0x0802460c       0x58 ./mongoose/mongoose_glue.o
                0x0802460c                glue_ota_begin_firmware_update
 .text.glue_ota_end_firmware_update
                0x08024664       0x34 ./mongoose/mongoose_glue.o
                0x08024664                glue_ota_end_firmware_update
 .text.glue_ota_write_firmware_update
                0x08024698       0x50 ./mongoose/mongoose_glue.o
                0x08024698                glue_ota_write_firmware_update
 .text.glue_upload_open_file_upload
                0x080246e8       0x84 ./mongoose/mongoose_glue.o
                0x080246e8                glue_upload_open_file_upload
 .text.glue_upload_close_file_upload
                0x0802476c       0x40 ./mongoose/mongoose_glue.o
                0x0802476c                glue_upload_close_file_upload
 .text.glue_upload_write_file_upload
                0x080247ac       0x48 ./mongoose/mongoose_glue.o
                0x080247ac                glue_upload_write_file_upload
 .text.glue_reply_graph_data
                0x080247f4       0x38 ./mongoose/mongoose_glue.o
                0x080247f4                glue_reply_graph_data
 .text.glue_get_state
                0x0802482c       0x6c ./mongoose/mongoose_glue.o
                0x0802482c                glue_get_state
 .text.glue_get_leds
                0x08024898       0x74 ./mongoose/mongoose_glue.o
                0x08024898                glue_get_leds
 .text.glue_set_leds
                0x0802490c       0x54 ./mongoose/mongoose_glue.o
                0x0802490c                glue_set_leds
 .text.glue_get_network_settings
                0x08024960       0x48 ./mongoose/mongoose_glue.o
                0x08024960                glue_get_network_settings
 .text.glue_set_network_settings
                0x080249a8       0x48 ./mongoose/mongoose_glue.o
                0x080249a8                glue_set_network_settings
 .text.glue_get_settings
                0x080249f0       0x24 ./mongoose/mongoose_glue.o
                0x080249f0                glue_get_settings
 .text.glue_set_settings
                0x08024a14       0x24 ./mongoose/mongoose_glue.o
                0x08024a14                glue_set_settings
 .text.glue_get_security
                0x08024a38       0x24 ./mongoose/mongoose_glue.o
                0x08024a38                glue_get_security
 .text.glue_set_security
                0x08024a5c       0x24 ./mongoose/mongoose_glue.o
                0x08024a5c                glue_set_security
 .text.glue_reply_loglevels
                0x08024a80       0x38 ./mongoose/mongoose_glue.o
                0x08024a80                glue_reply_loglevels
 .text.glue_reply_events
                0x08024ab8       0x38 ./mongoose/mongoose_glue.o
                0x08024ab8                glue_reply_events
 .text.get_api_handler
                0x08024af0       0x9c ./mongoose/mongoose_impl.o
 .text.find_handler
                0x08024b8c       0x58 ./mongoose/mongoose_impl.o
 .text.mg_json_get_str2
                0x08024be4       0x58 ./mongoose/mongoose_impl.o
                0x08024be4                mg_json_get_str2
 .text.authenticate
                0x08024c3c      0x1c8 ./mongoose/mongoose_impl.o
 .text.handle_login
                0x08024e04       0xdc ./mongoose/mongoose_impl.o
 .text.handle_logout
                0x08024ee0       0x70 ./mongoose/mongoose_impl.o
 .text.close_uploaded_file
                0x08024f50       0x42 ./mongoose/mongoose_impl.o
 *fill*         0x08024f92        0x2 
 .text.file_closer
                0x08024f94       0x48 ./mongoose/mongoose_impl.o
 .text.file_writer
                0x08024fdc       0x68 ./mongoose/mongoose_impl.o
 .text.upload_handler
                0x08025044      0x1b4 ./mongoose/mongoose_impl.o
 .text.get_file_name_from_uri
                0x080251f8       0x60 ./mongoose/mongoose_impl.o
 .text.prep_upload
                0x08025258      0x108 ./mongoose/mongoose_impl.o
 .text.handle_uploads
                0x08025360       0xe4 ./mongoose/mongoose_impl.o
 .text.handle_action
                0x08025444       0x88 ./mongoose/mongoose_impl.o
 .text.print_struct
                0x080254cc      0x210 ./mongoose/mongoose_impl.o
                0x080254cc                print_struct
 .text.handle_object
                0x080256dc      0x238 ./mongoose/mongoose_impl.o
 .text.print_array
                0x08025914      0x108 ./mongoose/mongoose_impl.o
 .text.handle_array
                0x08025a1c       0xfc ./mongoose/mongoose_impl.o
 .text.handle_file
                0x08025b18       0x32 ./mongoose/mongoose_impl.o
 *fill*         0x08025b4a        0x2 
 .text.handle_api_call
                0x08025b4c       0xfc ./mongoose/mongoose_impl.o
 .text.glue_update_state
                0x08025c48       0x1c ./mongoose/mongoose_impl.o
                0x08025c48                glue_update_state
 .text.http_ev_handler
                0x08025c64      0x46c ./mongoose/mongoose_impl.o
 .text.send_websocket_data
                0x080260d0       0xc4 ./mongoose/mongoose_impl.o
 .text.handle_modbus_pdu
                0x08026194      0x4a0 ./mongoose/mongoose_impl.o
 .text.modbus_ev_handler
                0x08026634       0xa0 ./mongoose/mongoose_impl.o
 .text.mongoose_init
                0x080266d4       0xc4 ./mongoose/mongoose_impl.o
                0x080266d4                mongoose_init
 .text.mongoose_poll
                0x08026798       0x18 ./mongoose/mongoose_impl.o
                0x08026798                mongoose_poll
 .text.abort    0x080267b0        0xe C:/ST/STM32CubeIDE_1.18.1/STM32CubeIDE/plugins/com.st.stm32cube.ide.mcu.externaltools.gnu-tools-for-stm32.13.3.rel1.win32_1.0.0.202411081344/tools/bin/../lib/gcc/arm-none-eabi/13.3.1/../../../../arm-none-eabi/lib/thumb/v7e-m+dp/hard\libc_nano.a(libc_a-abort.o)
                0x080267b0                abort
 *fill*         0x080267be        0x2 
 .text.__assert_func
                0x080267c0       0x3c C:/ST/STM32CubeIDE_1.18.1/STM32CubeIDE/plugins/com.st.stm32cube.ide.mcu.externaltools.gnu-tools-for-stm32.13.3.rel1.win32_1.0.0.202411081344/tools/bin/../lib/gcc/arm-none-eabi/13.3.1/../../../../arm-none-eabi/lib/thumb/v7e-m+dp/hard\libc_nano.a(libc_a-assert.o)
                0x080267c0                __assert_func
 .text.atof     0x080267fc        0x6 C:/ST/STM32CubeIDE_1.18.1/STM32CubeIDE/plugins/com.st.stm32cube.ide.mcu.externaltools.gnu-tools-for-stm32.13.3.rel1.win32_1.0.0.202411081344/tools/bin/../lib/gcc/arm-none-eabi/13.3.1/../../../../arm-none-eabi/lib/thumb/v7e-m+dp/hard\libc_nano.a(libc_a-atof.o)
                0x080267fc                atof
 .text.atoi     0x08026802        0x8 C:/ST/STM32CubeIDE_1.18.1/STM32CubeIDE/plugins/com.st.stm32cube.ide.mcu.externaltools.gnu-tools-for-stm32.13.3.rel1.win32_1.0.0.202411081344/tools/bin/../lib/gcc/arm-none-eabi/13.3.1/../../../../arm-none-eabi/lib/thumb/v7e-m+dp/hard\libc_nano.a(libc_a-atoi.o)
                0x08026802                atoi
 *fill*         0x0802680a        0x2 
 .text.calloc   0x0802680c       0x10 C:/ST/STM32CubeIDE_1.18.1/STM32CubeIDE/plugins/com.st.stm32cube.ide.mcu.externaltools.gnu-tools-for-stm32.13.3.rel1.win32_1.0.0.202411081344/tools/bin/../lib/gcc/arm-none-eabi/13.3.1/../../../../arm-none-eabi/lib/thumb/v7e-m+dp/hard\libc_nano.a(libc_a-calloc.o)
                0x0802680c                calloc
 .text._calloc_r
                0x0802681c       0x28 C:/ST/STM32CubeIDE_1.18.1/STM32CubeIDE/plugins/com.st.stm32cube.ide.mcu.externaltools.gnu-tools-for-stm32.13.3.rel1.win32_1.0.0.202411081344/tools/bin/../lib/gcc/arm-none-eabi/13.3.1/../../../../arm-none-eabi/lib/thumb/v7e-m+dp/hard\libc_nano.a(libc_a-callocr.o)
                0x0802681c                _calloc_r
 .text.malloc   0x08026844       0x10 C:/ST/STM32CubeIDE_1.18.1/STM32CubeIDE/plugins/com.st.stm32cube.ide.mcu.externaltools.gnu-tools-for-stm32.13.3.rel1.win32_1.0.0.202411081344/tools/bin/../lib/gcc/arm-none-eabi/13.3.1/../../../../arm-none-eabi/lib/thumb/v7e-m+dp/hard\libc_nano.a(libc_a-malloc.o)
                0x08026844                malloc
 .text.free     0x08026854       0x10 C:/ST/STM32CubeIDE_1.18.1/STM32CubeIDE/plugins/com.st.stm32cube.ide.mcu.externaltools.gnu-tools-for-stm32.13.3.rel1.win32_1.0.0.202411081344/tools/bin/../lib/gcc/arm-none-eabi/13.3.1/../../../../arm-none-eabi/lib/thumb/v7e-m+dp/hard\libc_nano.a(libc_a-malloc.o)
                0x08026854                free
 .text.sbrk_aligned
                0x08026864       0x44 C:/ST/STM32CubeIDE_1.18.1/STM32CubeIDE/plugins/com.st.stm32cube.ide.mcu.externaltools.gnu-tools-for-stm32.13.3.rel1.win32_1.0.0.202411081344/tools/bin/../lib/gcc/arm-none-eabi/13.3.1/../../../../arm-none-eabi/lib/thumb/v7e-m+dp/hard\libc_nano.a(libc_a-mallocr.o)
 .text._malloc_r
                0x080268a8      0x100 C:/ST/STM32CubeIDE_1.18.1/STM32CubeIDE/plugins/com.st.stm32cube.ide.mcu.externaltools.gnu-tools-for-stm32.13.3.rel1.win32_1.0.0.202411081344/tools/bin/../lib/gcc/arm-none-eabi/13.3.1/../../../../arm-none-eabi/lib/thumb/v7e-m+dp/hard\libc_nano.a(libc_a-mallocr.o)
                0x080268a8                _malloc_r
 .text.__malloc_lock
                0x080269a8        0xc C:/ST/STM32CubeIDE_1.18.1/STM32CubeIDE/plugins/com.st.stm32cube.ide.mcu.externaltools.gnu-tools-for-stm32.13.3.rel1.win32_1.0.0.202411081344/tools/bin/../lib/gcc/arm-none-eabi/13.3.1/../../../../arm-none-eabi/lib/thumb/v7e-m+dp/hard\libc_nano.a(libc_a-mlock.o)
                0x080269a8                __malloc_lock
 .text.__malloc_unlock
                0x080269b4        0xc C:/ST/STM32CubeIDE_1.18.1/STM32CubeIDE/plugins/com.st.stm32cube.ide.mcu.externaltools.gnu-tools-for-stm32.13.3.rel1.win32_1.0.0.202411081344/tools/bin/../lib/gcc/arm-none-eabi/13.3.1/../../../../arm-none-eabi/lib/thumb/v7e-m+dp/hard\libc_nano.a(libc_a-mlock.o)
                0x080269b4                __malloc_unlock
 .text.srand    0x080269c0       0x5c C:/ST/STM32CubeIDE_1.18.1/STM32CubeIDE/plugins/com.st.stm32cube.ide.mcu.externaltools.gnu-tools-for-stm32.13.3.rel1.win32_1.0.0.202411081344/tools/bin/../lib/gcc/arm-none-eabi/13.3.1/../../../../arm-none-eabi/lib/thumb/v7e-m+dp/hard\libc_nano.a(libc_a-rand.o)
                0x080269c0                srand
 .text._realloc_r
                0x08026a1c       0x5c C:/ST/STM32CubeIDE_1.18.1/STM32CubeIDE/plugins/com.st.stm32cube.ide.mcu.externaltools.gnu-tools-for-stm32.13.3.rel1.win32_1.0.0.202411081344/tools/bin/../lib/gcc/arm-none-eabi/13.3.1/../../../../arm-none-eabi/lib/thumb/v7e-m+dp/hard\libc_nano.a(libc_a-reallocr.o)
                0x08026a1c                _realloc_r
 .text.sulp     0x08026a78       0x34 C:/ST/STM32CubeIDE_1.18.1/STM32CubeIDE/plugins/com.st.stm32cube.ide.mcu.externaltools.gnu-tools-for-stm32.13.3.rel1.win32_1.0.0.202411081344/tools/bin/../lib/gcc/arm-none-eabi/13.3.1/../../../../arm-none-eabi/lib/thumb/v7e-m+dp/hard\libc_nano.a(libc_a-strtod.o)
 *fill*         0x08026aac        0x4 
 .text._strtod_l
                0x08026ab0      0xb34 C:/ST/STM32CubeIDE_1.18.1/STM32CubeIDE/plugins/com.st.stm32cube.ide.mcu.externaltools.gnu-tools-for-stm32.13.3.rel1.win32_1.0.0.202411081344/tools/bin/../lib/gcc/arm-none-eabi/13.3.1/../../../../arm-none-eabi/lib/thumb/v7e-m+dp/hard\libc_nano.a(libc_a-strtod.o)
                0x08026ab0                _strtod_l
 .text.strtod   0x080275e4       0x18 C:/ST/STM32CubeIDE_1.18.1/STM32CubeIDE/plugins/com.st.stm32cube.ide.mcu.externaltools.gnu-tools-for-stm32.13.3.rel1.win32_1.0.0.202411081344/tools/bin/../lib/gcc/arm-none-eabi/13.3.1/../../../../arm-none-eabi/lib/thumb/v7e-m+dp/hard\libc_nano.a(libc_a-strtod.o)
                0x080275e4                strtod
 .text._strtol_l.isra.0
                0x080275fc       0xf4 C:/ST/STM32CubeIDE_1.18.1/STM32CubeIDE/plugins/com.st.stm32cube.ide.mcu.externaltools.gnu-tools-for-stm32.13.3.rel1.win32_1.0.0.202411081344/tools/bin/../lib/gcc/arm-none-eabi/13.3.1/../../../../arm-none-eabi/lib/thumb/v7e-m+dp/hard\libc_nano.a(libc_a-strtol.o)
 .text._strtol_r
                0x080276f0        0x4 C:/ST/STM32CubeIDE_1.18.1/STM32CubeIDE/plugins/com.st.stm32cube.ide.mcu.externaltools.gnu-tools-for-stm32.13.3.rel1.win32_1.0.0.202411081344/tools/bin/../lib/gcc/arm-none-eabi/13.3.1/../../../../arm-none-eabi/lib/thumb/v7e-m+dp/hard\libc_nano.a(libc_a-strtol.o)
                0x080276f0                _strtol_r
 .text.strtol_l
                0x080276f4       0x14 C:/ST/STM32CubeIDE_1.18.1/STM32CubeIDE/plugins/com.st.stm32cube.ide.mcu.externaltools.gnu-tools-for-stm32.13.3.rel1.win32_1.0.0.202411081344/tools/bin/../lib/gcc/arm-none-eabi/13.3.1/../../../../arm-none-eabi/lib/thumb/v7e-m+dp/hard\libc_nano.a(libc_a-strtol.o)
                0x080276f4                strtol_l
 .text.strtol   0x08027708       0x14 C:/ST/STM32CubeIDE_1.18.1/STM32CubeIDE/plugins/com.st.stm32cube.ide.mcu.externaltools.gnu-tools-for-stm32.13.3.rel1.win32_1.0.0.202411081344/tools/bin/../lib/gcc/arm-none-eabi/13.3.1/../../../../arm-none-eabi/lib/thumb/v7e-m+dp/hard\libc_nano.a(libc_a-strtol.o)
                0x08027708                strtol
 .text._strtoul_l.isra.0
                0x0802771c       0xdc C:/ST/STM32CubeIDE_1.18.1/STM32CubeIDE/plugins/com.st.stm32cube.ide.mcu.externaltools.gnu-tools-for-stm32.13.3.rel1.win32_1.0.0.202411081344/tools/bin/../lib/gcc/arm-none-eabi/13.3.1/../../../../arm-none-eabi/lib/thumb/v7e-m+dp/hard\libc_nano.a(libc_a-strtoul.o)
 .text._strtoul_r
                0x080277f8        0x4 C:/ST/STM32CubeIDE_1.18.1/STM32CubeIDE/plugins/com.st.stm32cube.ide.mcu.externaltools.gnu-tools-for-stm32.13.3.rel1.win32_1.0.0.202411081344/tools/bin/../lib/gcc/arm-none-eabi/13.3.1/../../../../arm-none-eabi/lib/thumb/v7e-m+dp/hard\libc_nano.a(libc_a-strtoul.o)
                0x080277f8                _strtoul_r
 .text.strtoul  0x080277fc       0x14 C:/ST/STM32CubeIDE_1.18.1/STM32CubeIDE/plugins/com.st.stm32cube.ide.mcu.externaltools.gnu-tools-for-stm32.13.3.rel1.win32_1.0.0.202411081344/tools/bin/../lib/gcc/arm-none-eabi/13.3.1/../../../../arm-none-eabi/lib/thumb/v7e-m+dp/hard\libc_nano.a(libc_a-strtoul.o)
                0x080277fc                strtoul
 .text.__cvt    0x08027810       0xa8 C:/ST/STM32CubeIDE_1.18.1/STM32CubeIDE/plugins/com.st.stm32cube.ide.mcu.externaltools.gnu-tools-for-stm32.13.3.rel1.win32_1.0.0.202411081344/tools/bin/../lib/gcc/arm-none-eabi/13.3.1/../../../../arm-none-eabi/lib/thumb/v7e-m+dp/hard\libc_nano.a(libc_a-nano-vfprintf_float.o)
                0x08027810                __cvt
 .text.__exponent
                0x080278b8       0x74 C:/ST/STM32CubeIDE_1.18.1/STM32CubeIDE/plugins/com.st.stm32cube.ide.mcu.externaltools.gnu-tools-for-stm32.13.3.rel1.win32_1.0.0.202411081344/tools/bin/../lib/gcc/arm-none-eabi/13.3.1/../../../../arm-none-eabi/lib/thumb/v7e-m+dp/hard\libc_nano.a(libc_a-nano-vfprintf_float.o)
                0x080278b8                __exponent
 *fill*         0x0802792c        0x4 
 .text._printf_float
                0x08027930      0x434 C:/ST/STM32CubeIDE_1.18.1/STM32CubeIDE/plugins/com.st.stm32cube.ide.mcu.externaltools.gnu-tools-for-stm32.13.3.rel1.win32_1.0.0.202411081344/tools/bin/../lib/gcc/arm-none-eabi/13.3.1/../../../../arm-none-eabi/lib/thumb/v7e-m+dp/hard\libc_nano.a(libc_a-nano-vfprintf_float.o)
                0x08027930                _printf_float
 .text._printf_common
                0x08027d64       0xda C:/ST/STM32CubeIDE_1.18.1/STM32CubeIDE/plugins/com.st.stm32cube.ide.mcu.externaltools.gnu-tools-for-stm32.13.3.rel1.win32_1.0.0.202411081344/tools/bin/../lib/gcc/arm-none-eabi/13.3.1/../../../../arm-none-eabi/lib/thumb/v7e-m+dp/hard\libc_nano.a(libc_a-nano-vfprintf_i.o)
                0x08027d64                _printf_common
 *fill*         0x08027e3e        0x2 
 .text._printf_i