Archive member included to satisfy reference by file (symbol)

C:/ST/STM32CubeIDE_1.18.1/STM32CubeIDE/plugins/com.st.stm32cube.ide.mcu.externaltools.gnu-tools-for-stm32.13.3.rel1.win32_1.0.0.202411081344/tools/bin/../lib/gcc/arm-none-eabi/13.3.1/../../../../arm-none-eabi/lib/thumb/v7e-m+dp/hard\libc_nano.a(libc_a-abort.o)
                              ./mongoose/mongoose.o (abort)
C:/ST/STM32CubeIDE_1.18.1/STM32CubeIDE/plugins/com.st.stm32cube.ide.mcu.externaltools.gnu-tools-for-stm32.13.3.rel1.win32_1.0.0.202411081344/tools/bin/../lib/gcc/arm-none-eabi/13.3.1/../../../../arm-none-eabi/lib/thumb/v7e-m+dp/hard\libc_nano.a(libc_a-assert.o)
                              ./Core/Src/frozen.o (__assert_func)
C:/ST/STM32CubeIDE_1.18.1/STM32CubeIDE/plugins/com.st.stm32cube.ide.mcu.externaltools.gnu-tools-for-stm32.13.3.rel1.win32_1.0.0.202411081344/tools/bin/../lib/gcc/arm-none-eabi/13.3.1/../../../../arm-none-eabi/lib/thumb/v7e-m+dp/hard\libc_nano.a(libc_a-atof.o)
                              ./Core/Src/main.o (atof)
C:/ST/STM32CubeIDE_1.18.1/STM32CubeIDE/plugins/com.st.stm32cube.ide.mcu.externaltools.gnu-tools-for-stm32.13.3.rel1.win32_1.0.0.202411081344/tools/bin/../lib/gcc/arm-none-eabi/13.3.1/../../../../arm-none-eabi/lib/thumb/v7e-m+dp/hard\libc_nano.a(libc_a-atoi.o)
                              ./Core/Src/frozen.o (atoi)
C:/ST/STM32CubeIDE_1.18.1/STM32CubeIDE/plugins/com.st.stm32cube.ide.mcu.externaltools.gnu-tools-for-stm32.13.3.rel1.win32_1.0.0.202411081344/tools/bin/../lib/gcc/arm-none-eabi/13.3.1/../../../../arm-none-eabi/lib/thumb/v7e-m+dp/hard\libc_nano.a(libc_a-calloc.o)
                              ./mongoose/mongoose.o (calloc)
C:/ST/STM32CubeIDE_1.18.1/STM32CubeIDE/plugins/com.st.stm32cube.ide.mcu.externaltools.gnu-tools-for-stm32.13.3.rel1.win32_1.0.0.202411081344/tools/bin/../lib/gcc/arm-none-eabi/13.3.1/../../../../arm-none-eabi/lib/thumb/v7e-m+dp/hard\libc_nano.a(libc_a-callocr.o)
                              C:/ST/STM32CubeIDE_1.18.1/STM32CubeIDE/plugins/com.st.stm32cube.ide.mcu.externaltools.gnu-tools-for-stm32.13.3.rel1.win32_1.0.0.202411081344/tools/bin/../lib/gcc/arm-none-eabi/13.3.1/../../../../arm-none-eabi/lib/thumb/v7e-m+dp/hard\libc_nano.a(libc_a-calloc.o) (_calloc_r)
C:/ST/STM32CubeIDE_1.18.1/STM32CubeIDE/plugins/com.st.stm32cube.ide.mcu.externaltools.gnu-tools-for-stm32.13.3.rel1.win32_1.0.0.202411081344/tools/bin/../lib/gcc/arm-none-eabi/13.3.1/../../../../arm-none-eabi/lib/thumb/v7e-m+dp/hard\libc_nano.a(libc_a-exit.o)
                              C:/ST/STM32CubeIDE_1.18.1/STM32CubeIDE/plugins/com.st.stm32cube.ide.mcu.externaltools.gnu-tools-for-stm32.13.3.rel1.win32_1.0.0.202411081344/tools/bin/../lib/gcc/arm-none-eabi/13.3.1/../../../../arm-none-eabi/lib/thumb/v7e-m+dp/hard/crt0.o (exit)
C:/ST/STM32CubeIDE_1.18.1/STM32CubeIDE/plugins/com.st.stm32cube.ide.mcu.externaltools.gnu-tools-for-stm32.13.3.rel1.win32_1.0.0.202411081344/tools/bin/../lib/gcc/arm-none-eabi/13.3.1/../../../../arm-none-eabi/lib/thumb/v7e-m+dp/hard\libc_nano.a(libc_a-malloc.o)
                              ./Core/Src/frozen.o (malloc)
C:/ST/STM32CubeIDE_1.18.1/STM32CubeIDE/plugins/com.st.stm32cube.ide.mcu.externaltools.gnu-tools-for-stm32.13.3.rel1.win32_1.0.0.202411081344/tools/bin/../lib/gcc/arm-none-eabi/13.3.1/../../../../arm-none-eabi/lib/thumb/v7e-m+dp/hard\libc_nano.a(libc_a-mallocr.o)
                              C:/ST/STM32CubeIDE_1.18.1/STM32CubeIDE/plugins/com.st.stm32cube.ide.mcu.externaltools.gnu-tools-for-stm32.13.3.rel1.win32_1.0.0.202411081344/tools/bin/../lib/gcc/arm-none-eabi/13.3.1/../../../../arm-none-eabi/lib/thumb/v7e-m+dp/hard\libc_nano.a(libc_a-callocr.o) (_malloc_r)
C:/ST/STM32CubeIDE_1.18.1/STM32CubeIDE/plugins/com.st.stm32cube.ide.mcu.externaltools.gnu-tools-for-stm32.13.3.rel1.win32_1.0.0.202411081344/tools/bin/../lib/gcc/arm-none-eabi/13.3.1/../../../../arm-none-eabi/lib/thumb/v7e-m+dp/hard\libc_nano.a(libc_a-mlock.o)
                              C:/ST/STM32CubeIDE_1.18.1/STM32CubeIDE/plugins/com.st.stm32cube.ide.mcu.externaltools.gnu-tools-for-stm32.13.3.rel1.win32_1.0.0.202411081344/tools/bin/../lib/gcc/arm-none-eabi/13.3.1/../../../../arm-none-eabi/lib/thumb/v7e-m+dp/hard\libc_nano.a(libc_a-mallocr.o) (__malloc_lock)
C:/ST/STM32CubeIDE_1.18.1/STM32CubeIDE/plugins/com.st.stm32cube.ide.mcu.externaltools.gnu-tools-for-stm32.13.3.rel1.win32_1.0.0.202411081344/tools/bin/../lib/gcc/arm-none-eabi/13.3.1/../../../../arm-none-eabi/lib/thumb/v7e-m+dp/hard\libc_nano.a(libc_a-rand.o)
                              ./mongoose/mongoose.o (srand)
C:/ST/STM32CubeIDE_1.18.1/STM32CubeIDE/plugins/com.st.stm32cube.ide.mcu.externaltools.gnu-tools-for-stm32.13.3.rel1.win32_1.0.0.202411081344/tools/bin/../lib/gcc/arm-none-eabi/13.3.1/../../../../arm-none-eabi/lib/thumb/v7e-m+dp/hard\libc_nano.a(libc_a-realloc.o)
                              ./Core/Src/frozen.o (realloc)
[...]
Memory Configuration

Name             Origin             Length             Attributes
ITCMRAM          0x00000000         0x00010000         xrw
DTCMRAM          0x20000000         0x00020000         xrw
FLASH            0x08000000         0x00100000         xr
RAM_D1           0x24000000         0x00050000         xrw
RAM_D2           0x30000000         0x00008000         xrw
RAM_D3           0x38000000         0x00004000         xrw
*default*        0x00000000         0xffffffff

Linker script and memory map

LOAD C:/ST/STM32CubeIDE_1.18.1/STM32CubeIDE/plugins/com.st.stm32cube.ide.mcu.externaltools.gnu-tools-for-stm32.13.3.rel1.win32_1.0.0.202411081344/tools/bin/../lib/gcc/arm-none-eabi/13.3.1/thumb/v7e-m+dp/hard/crti.o
LOAD C:/ST/STM32CubeIDE_1.18.1/STM32CubeIDE/plugins/com.st.stm32cube.ide.mcu.externaltools.gnu-tools-for-stm32.13.3.rel1.win32_1.0.0.202411081344/tools/bin/../lib/gcc/arm-none-eabi/13.3.1/thumb/v7e-m+dp/hard/crtbegin.o
LOAD C:/ST/STM32CubeIDE_1.18.1/STM32CubeIDE/plugins/com.st.stm32cube.ide.mcu.externaltools.gnu-tools-for-stm32.13.3.rel1.win32_1.0.0.202411081344/tools/bin/../lib/gcc/arm-none-eabi/13.3.1/../../../../arm-none-eabi/lib/thumb/v7e-m+dp/hard/crt0.o
LOAD ./Core/Src/frozen.o
LOAD ./Core/Src/main.o
LOAD ./Core/Src/stm32h7xx_hal_msp.o
LOAD ./Core/Src/stm32h7xx_it.o
LOAD ./Core/Src/syscalls.o
LOAD ./Core/Src/sysmem.o
LOAD ./Core/Src/system_stm32h7xx.o
LOAD ./Core/Startup/startup_stm32h723zgtx.o
LOAD ./Drivers/STM32H7xx_HAL_Driver/Src/stm32h7xx_hal.o
LOAD ./Drivers/STM32H7xx_HAL_Driver/Src/stm32h7xx_hal_cortex.o
LOAD ./Drivers/STM32H7xx_HAL_Driver/Src/stm32h7xx_hal_dma.o
LOAD ./Drivers/STM32H7xx_HAL_Driver/Src/stm32h7xx_hal_dma_ex.o
LOAD ./Drivers/STM32H7xx_HAL_Driver/Src/stm32h7xx_hal_eth.o
LOAD ./Drivers/STM32H7xx_HAL_Driver/Src/stm32h7xx_hal_eth_ex.o
LOAD ./Drivers/STM32H7xx_HAL_Driver/Src/stm32h7xx_hal_exti.o
LOAD ./Drivers/STM32H7xx_HAL_Driver/Src/stm32h7xx_hal_flash.o
LOAD ./Drivers/STM32H7xx_HAL_Driver/Src/stm32h7xx_hal_flash_ex.o
LOAD ./Drivers/STM32H7xx_HAL_Driver/Src/stm32h7xx_hal_gpio.o
LOAD ./Drivers/STM32H7xx_HAL_Driver/Src/stm32h7xx_hal_hsem.o
LOAD ./Drivers/STM32H7xx_HAL_Driver/Src/stm32h7xx_hal_i2c.o
LOAD ./Drivers/STM32H7xx_HAL_Driver/Src/stm32h7xx_hal_i2c_ex.o
LOAD ./Drivers/STM32H7xx_HAL_Driver/Src/stm32h7xx_hal_mdma.o
LOAD ./Drivers/STM32H7xx_HAL_Driver/Src/stm32h7xx_hal_pwr.o
LOAD ./Drivers/STM32H7xx_HAL_Driver/Src/stm32h7xx_hal_pwr_ex.o
LOAD ./Drivers/STM32H7xx_HAL_Driver/Src/stm32h7xx_hal_rcc.o
LOAD ./Drivers/STM32H7xx_HAL_Driver/Src/stm32h7xx_hal_rcc_ex.o
LOAD ./Drivers/STM32H7xx_HAL_Driver/Src/stm32h7xx_hal_rng.o
LOAD ./Drivers/STM32H7xx_HAL_Driver/Src/stm32h7xx_hal_rng_ex.o
LOAD ./Drivers/STM32H7xx_HAL_Driver/Src/stm32h7xx_hal_uart.o
LOAD ./Drivers/STM32H7xx_HAL_Driver/Src/stm32h7xx_hal_uart_ex.o
LOAD ./mongoose/mongoose.o
LOAD ./mongoose/mongoose_fs.o
LOAD ./mongoose/mongoose_glue.o
LOAD ./mongoose/mongoose_impl.o
START GROUP
LOAD C:/ST/STM32CubeIDE_1.18.1/STM32CubeIDE/plugins/com.st.stm32cube.ide.mcu.externaltools.gnu-tools-for-stm32.13.3.rel1.win32_1.0.0.202411081344/tools/bin/../lib/gcc/arm-none-eabi/13.3.1/../../../../arm-none-eabi/lib/thumb/v7e-m+dp/hard\libc_nano.a
LOAD C:/ST/STM32CubeIDE_1.18.1/STM32CubeIDE/plugins/com.st.stm32cube.ide.mcu.externaltools.gnu-tools-for-stm32.13.3.rel1.win32_1.0.0.202411081344/tools/bin/../lib/gcc/arm-none-eabi/13.3.1/../../../../arm-none-eabi/lib/thumb/v7e-m+dp/hard\libm.a
END GROUP
START GROUP
LOAD C:/ST/STM32CubeIDE_1.18.1/STM32CubeIDE/plugins/com.st.stm32cube.ide.mcu.externaltools.gnu-tools-for-stm32.13.3.rel1.win32_1.0.0.202411081344/tools/bin/../lib/gcc/arm-none-eabi/13.3.1/thumb/v7e-m+dp/hard\libgcc.a
LOAD C:/ST/STM32CubeIDE_1.18.1/STM32CubeIDE/plugins/com.st.stm32cube.ide.mcu.externaltools.gnu-tools-for-stm32.13.3.rel1.win32_1.0.0.202411081344/tools/bin/../lib/gcc/arm-none-eabi/13.3.1/../../../../arm-none-eabi/lib/thumb/v7e-m+dp/hard\libc_nano.a
END GROUP
START GROUP
LOAD C:/ST/STM32CubeIDE_1.18.1/STM32CubeIDE/plugins/com.st.stm32cube.ide.mcu.externaltools.gnu-tools-for-stm32.13.3.rel1.win32_1.0.0.202411081344/tools/bin/../lib/gcc/arm-none-eabi/13.3.1/thumb/v7e-m+dp/hard\libgcc.a
LOAD C:/ST/STM32CubeIDE_1.18.1/STM32CubeIDE/plugins/com.st.stm32cube.ide.mcu.externaltools.gnu-tools-for-stm32.13.3.rel1.win32_1.0.0.202411081344/tools/bin/../lib/gcc/arm-none-eabi/13.3.1/../../../../arm-none-eabi/lib/thumb/v7e-m+dp/hard\libc_nano.a
LOAD C:/ST/STM32CubeIDE_1.18.1/STM32CubeIDE/plugins/com.st.stm32cube.ide.mcu.externaltools.gnu-tools-for-stm32.13.3.rel1.win32_1.0.0.202411081344/tools/bin/../lib/gcc/arm-none-eabi/13.3.1/../../../../arm-none-eabi/lib/thumb/v7e-m+dp/hard\libnosys.a
END GROUP
START GROUP
LOAD C:/ST/STM32CubeIDE_1.18.1/STM32CubeIDE/plugins/com.st.stm32cube.ide.mcu.externaltools.gnu-tools-for-stm32.13.3.rel1.win32_1.0.0.202411081344/tools/bin/../lib/gcc/arm-none-eabi/13.3.1/thumb/v7e-m+dp/hard\libgcc.a
LOAD C:/ST/STM32CubeIDE_1.18.1/STM32CubeIDE/plugins/com.st.stm32cube.ide.mcu.externaltools.gnu-tools-for-stm32.13.3.rel1.win32_1.0.0.202411081344/tools/bin/../lib/gcc/arm-none-eabi/13.3.1/../../../../arm-none-eabi/lib/thumb/v7e-m+dp/hard\libc_nano.a
LOAD C:/ST/STM32CubeIDE_1.18.1/STM32CubeIDE/plugins/com.st.stm32cube.ide.mcu.externaltools.gnu-tools-for-stm32.13.3.rel1.win32_1.0.0.202411081344/tools/bin/../lib/gcc/arm-none-eabi/13.3.1/../../../../arm-none-eabi/lib/thumb/v7e-m+dp/hard\libnosys.a
END GROUP
LOAD C:/ST/STM32CubeIDE_1.18.1/STM32CubeIDE/plugins/com.st.stm32cube.ide.mcu.externaltools.gnu-tools-for-stm32.13.3.rel1.win32_1.0.0.202411081344/tools/bin/../lib/gcc/arm-none-eabi/13.3.1/thumb/v7e-m+dp/hard/crtend.o
LOAD C:/ST/STM32CubeIDE_1.18.1/STM32CubeIDE/plugins/com.st.stm32cube.ide.mcu.externaltools.gnu-tools-for-stm32.13.3.rel1.win32_1.0.0.202411081344/tools/bin/../lib/gcc/arm-none-eabi/13.3.1/thumb/v7e-m+dp/hard/crtn.o
                0x24050000                        _estack = (ORIGIN (RAM_D1) + LENGTH (RAM_D1))
                0x00000200                        _Min_Heap_Size = 0x200
                0x00000400                        _Min_Stack_Size = 0x400

.isr_vector     0x08000000      0x2cc
                0x08000000                        . = ALIGN (0x4)
 *(.isr_vector)
 .isr_vector    0x08000000      0x2cc ./Core/Startup/startup_stm32h723zgtx.o
                0x08000000                g_pfnVectors
                0x080002cc                        . = ALIGN (0x4)

.text           0x080002d0    0x29778
                0x080002d0                        . = ALIGN (0x4)
 *(.text)
 .text          0x080002d0       0x40 C:/ST/STM32CubeIDE_1.18.1/STM32CubeIDE/plugins/com.st.stm32cube.ide.mcu.externaltools.gnu-tools-for-stm32.13.3.rel1.win32_1.0.0.202411081344/tools/bin/../lib/gcc/arm-none-eabi/13.3.1/thumb/v7e-m+dp/hard/crtbegin.o
 .text          0x08000310       0x14 C:/ST/STM32CubeIDE_1.18.1/STM32CubeIDE/plugins/com.st.stm32cube.ide.mcu.externaltools.gnu-tools-for-stm32.13.3.rel1.win32_1.0.0.202411081344/tools/bin/../lib/gcc/arm-none-eabi/13.3.1/../../../../arm-none-eabi/lib/thumb/v7e-m+dp/hard\libc_nano.a(libc_a-strcmp.o)
                0x08000310                strcmp
 *fill*         0x08000324        0xc 
 .text          0x08000330       0xa0 C:/ST/STM32CubeIDE_1.18.1/STM32CubeIDE/plugins/com.st.stm32cube.ide.mcu.externaltools.gnu-tools-for-stm32.13.3.rel1.win32_1.0.0.202411081344/tools/bin/../lib/gcc/arm-none-eabi/13.3.1/../../../../arm-none-eabi/lib/thumb/v7e-m+dp/hard\libc_nano.a(libc_a-memchr.o)
                0x08000330                memchr
 .text          0x080003d0       0x10 C:/ST/STM32CubeIDE_1.18.1/STM32CubeIDE/plugins/com.st.stm32cube.ide.mcu.externaltools.gnu-tools-for-stm32.13.3.rel1.win32_1.0.0.202411081344/tools/bin/../lib/gcc/arm-none-eabi/13.3.1/../../../../arm-none-eabi/lib/thumb/v7e-m+dp/hard\libc_nano.a(libc_a-strlen.o)
                0x080003d0                strlen
 .text          0x080003e0      0x378 C:/ST/STM32CubeIDE_1.18.1/STM32CubeIDE/plugins/com.st.stm32cube.ide.mcu.externaltools.gnu-tools-for-stm32.13.3.rel1.win32_1.0.0.202411081344/tools/bin/../lib/gcc/arm-none-eabi/13.3.1/thumb/v7e-m+dp/hard\libgcc.a(_arm_addsubdf3.o)
                0x080003e0                __aeabi_drsub
                0x080003e8                __aeabi_dsub
                0x080003e8                __subdf3
                0x080003ec                __aeabi_dadd
                0x080003ec                __adddf3
                0x08000664                __floatunsidf
                0x08000664                __aeabi_ui2d
                0x08000684                __floatsidf
                0x08000684                __aeabi_i2d
                0x080006a8                __aeabi_f2d
                0x080006a8                __extendsfdf2
                0x080006ec                __floatundidf
                0x080006ec                __aeabi_ul2d
                0x080006fc                __floatdidf
                0x080006fc                __aeabi_l2d
 .text          0x08000758       0x30 C:/ST/STM32CubeIDE_1.18.1/STM32CubeIDE/plugins/com.st.stm32cube.ide.mcu.externaltools.gnu-tools-for-stm32.13.3.rel1.win32_1.0.0.202411081344/tools/bin/../lib/gcc/arm-none-eabi/13.3.1/thumb/v7e-m+dp/hard\libgcc.a(_aeabi_uldivmod.o)
                0x08000758                __aeabi_uldivmod
 .text          0x08000788       0x30 C:/ST/STM32CubeIDE_1.18.1/STM32CubeIDE/plugins/com.st.stm32cube.ide.mcu.externaltools.gnu-tools-for-stm32.13.3.rel1.win32_1.0.0.202411081344/tools/bin/../lib/gcc/arm-none-eabi/13.3.1/thumb/v7e-m+dp/hard\libgcc.a(_fixdfdi.o)
                0x08000788                __fixdfdi
                0x08000788                __aeabi_d2lz
 .text          0x080007b8       0x40 C:/ST/STM32CubeIDE_1.18.1/STM32CubeIDE/plugins/com.st.stm32cube.ide.mcu.externaltools.gnu-tools-for-stm32.13.3.rel1.win32_1.0.0.202411081344/tools/bin/../lib/gcc/arm-none-eabi/13.3.1/thumb/v7e-m+dp/hard\libgcc.a(_fixunsdfdi.o)
                0x080007b8                __fixunsdfdi
                0x080007b8                __aeabi_d2ulz
 .text          0x080007f8      0x2f8 C:/ST/STM32CubeIDE_1.18.1/STM32CubeIDE/plugins/com.st.stm32cube.ide.mcu.externaltools.gnu-tools-for-stm32.13.3.rel1.win32_1.0.0.202411081344/tools/bin/../lib/gcc/arm-none-eabi/13.3.1/thumb/v7e-m+dp/hard\libgcc.a(_udivmoddi4.o)
                0x080007f8                __udivmoddi4
 .text          0x08000af0        0x4 C:/ST/STM32CubeIDE_1.18.1/STM32CubeIDE/plugins/com.st.stm32cube.ide.mcu.externaltools.gnu-tools-for-stm32.13.3.rel1.win32_1.0.0.202411081344/tools/bin/../lib/gcc/arm-none-eabi/13.3.1/thumb/v7e-m+dp/hard\libgcc.a(_dvmd_tls.o)
                0x08000af0                __aeabi_idiv0
                0x08000af0                __aeabi_ldiv0
 *(.text*)
 .text.mg_random
                0x08000af4       0x5c ./Core/Src/main.o
                0x08000af4                mg_random
 .text.mg_millis
                0x08000b50       0x1a ./Core/Src/main.o
                0x08000b50                mg_millis
 *fill*         0x08000b6a        0x2 
 .text._write   0x08000b6c       0x38 ./Core/Src/main.o
                0x08000b6c                _write
 .text.http_event_handler
                0x08000ba4       0xa4 ./Core/Src/main.o
 .text.perform_http_data_read
                0x08000c48       0xa4 ./Core/Src/main.o
                0x08000c48                perform_http_data_read
 .text.wait_for_network_ready
                0x08000cec       0x32 ./Core/Src/main.o
                0x08000cec                wait_for_network_ready
 *fill*         0x08000d1e        0x2 
 .text.collect_plc_data
                0x08000d20      0x100 ./Core/Src/main.o
                0x08000d20                collect_plc_data
 .text.write_snapshot_to_nfc
                0x08000e20      0x408 ./Core/Src/main.o
                0x08000e20                write_snapshot_to_nfc
 .text.mg_str_to_d
                0x08001228       0x48 ./Core/Src/main.o
                0x08001228                mg_str_to_d
 .text.parse_numbers_recursive
                0x08001270       0xd0 ./Core/Src/main.o
                0x08001270                parse_numbers_recursive
 .text.parse_and_store_numbers
                0x08001340       0x64 ./Core/Src/main.o
                0x08001340                parse_and_store_numbers
 .text.main     0x080013a4      0x120 ./Core/Src/main.o
                0x080013a4                main
 .text.SystemClock_Config
                0x080014c4       0xe4 ./Core/Src/main.o
                0x080014c4                SystemClock_Config
 .text.MX_ETH_Init
                0x080015a8       0x98 ./Core/Src/main.o
 .text.MX_I2C1_Init
                0x08001640       0x80 ./Core/Src/main.o
 .text.MX_RNG_Init
                0x080016c0       0x2c ./Core/Src/main.o
 .text.MX_USART3_UART_Init
                0x080016ec       0x98 ./Core/Src/main.o
 .text.MX_GPIO_Init
                0x08001784      0x1dc ./Core/Src/main.o
 .text.Error_Handler
                0x08001960        0xc ./Core/Src/main.o
                0x08001960                Error_Handler
 .text.HAL_MspInit
                0x0800196c       0x34 ./Core/Src/stm32h7xx_hal_msp.o
                0x0800196c                HAL_MspInit
 .text.HAL_ETH_MspInit
                0x080019a0      0x1ac ./Core/Src/stm32h7xx_hal_msp.o
                0x080019a0                HAL_ETH_MspInit
 .text.HAL_I2C_MspInit
                0x08001b4c       0xd4 ./Core/Src/stm32h7xx_hal_msp.o
                0x08001b4c                HAL_I2C_MspInit
 .text.HAL_RNG_MspInit
                0x08001c20       0x74 ./Core/Src/stm32h7xx_hal_msp.o
                0x08001c20                HAL_RNG_MspInit
 .text.HAL_UART_MspInit
                0x08001c94       0xd4 ./Core/Src/stm32h7xx_hal_msp.o
                0x08001c94                HAL_UART_MspInit
 .text.NMI_Handler
                0x08001d68        0x8 ./Core/Src/stm32h7xx_it.o
                0x08001d68                NMI_Handler
 .text.HardFault_Handler
                0x08001d70        0x8 ./Core/Src/stm32h7xx_it.o
                0x08001d70                HardFault_Handler
 .text.MemManage_Handler
                0x08001d78        0x8 ./Core/Src/stm32h7xx_it.o
                0x08001d78                MemManage_Handler
 .text.BusFault_Handler
                0x08001d80        0x8 ./Core/Src/stm32h7xx_it.o
                0x08001d80                BusFault_Handler
 .text.UsageFault_Handler
                0x08001d88        0x8 ./Core/Src/stm32h7xx_it.o
                0x08001d88                UsageFault_Handler
 .text.SVC_Handler
                0x08001d90        0xe ./Core/Src/stm32h7xx_it.o
                0x08001d90                SVC_Handler
 .text.DebugMon_Handler
                0x08001d9e        0xe ./Core/Src/stm32h7xx_it.o
                0x08001d9e                DebugMon_Handler
 .text.PendSV_Handler
                0x08001dac        0xe ./Core/Src/stm32h7xx_it.o
                0x08001dac                PendSV_Handler
 .text.SysTick_Handler
                0x08001dba        0xc ./Core/Src/stm32h7xx_it.o
                0x08001dba                SysTick_Handler
 .text._getpid  0x08001dc6       0x10 ./Core/Src/syscalls.o
                0x08001dc6                _getpid
 .text._kill    0x08001dd6       0x20 ./Core/Src/syscalls.o
                0x08001dd6                _kill
 .text._exit    0x08001df6       0x16 ./Core/Src/syscalls.o
                0x08001df6                _exit
 .text._read    0x08001e0c       0x3a ./Core/Src/syscalls.o
                0x08001e0c                _read
 .text._close   0x08001e46       0x18 ./Core/Src/syscalls.o
                0x08001e46                _close
 .text._fstat   0x08001e5e       0x20 ./Core/Src/syscalls.o
                0x08001e5e                _fstat
 .text._isatty  0x08001e7e       0x16 ./Core/Src/syscalls.o
                0x08001e7e                _isatty
 .text._lseek   0x08001e94       0x1a ./Core/Src/syscalls.o
                0x08001e94                _lseek
 *fill*         0x08001eae        0x2 
 .text._sbrk    0x08001eb0       0x6c ./Core/Src/sysmem.o
                0x08001eb0                _sbrk
 .text.SystemInit
                0x08001f1c       0xf0 ./Core/Src/system_stm32h7xx.o
                0x08001f1c                SystemInit
 .text.Reset_Handler
                0x0800200c       0x50 ./Core/Startup/startup_stm32h723zgtx.o
                0x0800200c                Reset_Handler
 .text.Default_Handler
                0x0800205c        0x2 ./Core/Startup/startup_stm32h723zgtx.o
                0x0800205c                RTC_Alarm_IRQHandler
                0x0800205c                EXTI2_IRQHandler
                0x0800205c                TIM8_CC_IRQHandler
                0x0800205c                UART8_IRQHandler
                0x0800205c                SPI4_IRQHandler
                0x0800205c                FDCAN3_IT0_IRQHandler
                0x0800205c                TIM1_CC_IRQHandler
                0x0800205c                BDMA_Channel6_IRQHandler
                0x0800205c                DMA2_Stream5_IRQHandler
                0x0800205c                DMA1_Stream5_IRQHandler
                0x0800205c                CORDIC_IRQHandler
                0x0800205c                BDMA_Channel1_IRQHandler
                0x0800205c                TAMP_STAMP_IRQHandler
                0x0800205c                EXTI3_IRQHandler
                0x0800205c                LPTIM4_IRQHandler
                0x0800205c                TIM8_TRG_COM_TIM14_IRQHandler
                0x0800205c                LPTIM2_IRQHandler
                0x0800205c                DFSDM1_FLT1_IRQHandler
                0x0800205c                DMAMUX2_OVR_IRQHandler
                0x0800205c                TIM8_UP_TIM13_IRQHandler
                0x0800205c                I2C3_ER_IRQHandler
                0x0800205c                DFSDM1_FLT2_IRQHandler
                0x0800205c                I2C5_EV_IRQHandler
                0x0800205c                USART10_IRQHandler
                0x0800205c                MDMA_IRQHandler
                0x0800205c                LPTIM3_IRQHandler
                0x0800205c                HSEM1_IRQHandler
                0x0800205c                EXTI0_IRQHandler
                0x0800205c                I2C2_EV_IRQHandler
                0x0800205c                DMA1_Stream2_IRQHandler
                0x0800205c                FPU_IRQHandler
                0x0800205c                OTG_HS_WKUP_IRQHandler
                0x0800205c                FDCAN1_IT1_IRQHandler
                0x0800205c                LTDC_ER_IRQHandler
                0x0800205c                DMA2_Stream2_IRQHandler
                0x0800205c                SPI1_IRQHandler
                0x0800205c                OCTOSPI1_IRQHandler
                0x0800205c                TIM6_DAC_IRQHandler
                0x0800205c                DMA2_Stream3_IRQHandler
                0x0800205c                OCTOSPI2_IRQHandler
                0x0800205c                DFSDM1_FLT3_IRQHandler
                0x0800205c                TIM23_IRQHandler
                0x0800205c                USART6_IRQHandler
                0x0800205c                TIM17_IRQHandler
                0x0800205c                USART3_IRQHandler
                0x0800205c                BDMA_Channel7_IRQHandler
                0x0800205c                LPTIM5_IRQHandler
                0x0800205c                UART5_IRQHandler
                0x0800205c                ADC3_IRQHandler
                0x0800205c                DMA2_Stream0_IRQHandler
                0x0800205c                TIM4_IRQHandler
                0x0800205c                BDMA_Channel2_IRQHandler
                0x0800205c                I2C1_EV_IRQHandler
                0x0800205c                DMA1_Stream6_IRQHandler
                0x0800205c                DMAMUX1_OVR_IRQHandler
                0x0800205c                DMA1_Stream1_IRQHandler
                0x0800205c                TIM16_IRQHandler
                0x0800205c                UART4_IRQHandler
                0x0800205c                BDMA_Channel5_IRQHandler
                0x0800205c                TIM3_IRQHandler
                0x0800205c                RCC_IRQHandler
                0x0800205c                UART9_IRQHandler
                0x0800205c                TIM8_BRK_TIM12_IRQHandler
                0x0800205c                TIM1_TRG_COM_IRQHandler
                0x0800205c                Default_Handler
                0x0800205c                ECC_IRQHandler
                0x0800205c                FMAC_IRQHandler
                0x0800205c                CEC_IRQHandler
                0x0800205c                EXTI15_10_IRQHandler
                0x0800205c                BDMA_Channel0_IRQHandler
                0x0800205c                ADC_IRQHandler
                0x0800205c                I2C5_ER_IRQHandler
                0x0800205c                DMA1_Stream7_IRQHandler
                0x0800205c                SPI5_IRQHandler
                0x0800205c                TIM7_IRQHandler
                0x0800205c                FDCAN3_IT1_IRQHandler
                0x0800205c                SDMMC1_IRQHandler
                0x0800205c                TIM5_IRQHandler
                0x0800205c                DMA2_Stream7_IRQHandler
                0x0800205c                TIM15_IRQHandler
                0x0800205c                PVD_AVD_IRQHandler
                0x0800205c                I2C3_EV_IRQHandler
                0x0800205c                EXTI9_5_IRQHandler
                0x0800205c                RTC_WKUP_IRQHandler
                0x0800205c                LTDC_IRQHandler
                0x0800205c                ETH_WKUP_IRQHandler
                0x0800205c                SPDIF_RX_IRQHandler
                0x0800205c                SPI2_IRQHandler
                0x0800205c                OTG_HS_EP1_IN_IRQHandler
                0x0800205c                DMA1_Stream0_IRQHandler
                0x0800205c                TIM24_IRQHandler
                0x0800205c                CRS_IRQHandler
                0x0800205c                EXTI4_IRQHandler
                0x0800205c                RNG_IRQHandler
                0x0800205c                FDCAN2_IT1_IRQHandler
                0x0800205c                TIM1_UP_IRQHandler
                0x0800205c                BDMA_Channel4_IRQHandler
                0x0800205c                OTG_HS_EP1_OUT_IRQHandler
                0x0800205c                WWDG_IRQHandler
                0x0800205c                SPI6_IRQHandler
                0x0800205c                MDIOS_IRQHandler
                0x0800205c                I2C4_EV_IRQHandler
                0x0800205c                FDCAN2_IT0_IRQHandler
                0x0800205c                LPUART1_IRQHandler
                0x0800205c                FDCAN1_IT0_IRQHandler
                0x0800205c                TIM2_IRQHandler
                0x0800205c                OTG_HS_IRQHandler
                0x0800205c                DMA2D_IRQHandler
                0x0800205c                TIM1_BRK_IRQHandler
                0x0800205c                EXTI1_IRQHandler
                0x0800205c                SDMMC2_IRQHandler
                0x0800205c                BDMA_Channel3_IRQHandler
                0x0800205c                DTS_IRQHandler
                0x0800205c                UART7_IRQHandler
                0x0800205c                MDIOS_WKUP_IRQHandler
                0x0800205c                USART2_IRQHandler
                0x0800205c                DFSDM1_FLT0_IRQHandler
                0x0800205c                SAI4_IRQHandler
                0x0800205c                I2C2_ER_IRQHandler
                0x0800205c                DMA2_Stream1_IRQHandler
                0x0800205c                FLASH_IRQHandler
                0x0800205c                DMA2_Stream4_IRQHandler
                0x0800205c                USART1_IRQHandler
                0x0800205c                SPI3_IRQHandler
                0x0800205c                WAKEUP_PIN_IRQHandler
                0x0800205c                DMA1_Stream4_IRQHandler
                0x0800205c                I2C1_ER_IRQHandler
                0x0800205c                FMC_IRQHandler
                0x0800205c                FDCAN_CAL_IRQHandler
                0x0800205c                SWPMI1_IRQHandler
                0x0800205c                COMP1_IRQHandler
                0x0800205c                LPTIM1_IRQHandler
                0x0800205c                DCMI_PSSI_IRQHandler
                0x0800205c                I2C4_ER_IRQHandler
                0x0800205c                DMA2_Stream6_IRQHandler
                0x0800205c                SAI1_IRQHandler
                0x0800205c                DMA1_Stream3_IRQHandler
 *fill*         0x0800205e        0x2 
 .text.HAL_Init
                0x08002060       0x78 ./Drivers/STM32H7xx_HAL_Driver/Src/stm32h7xx_hal.o
                0x08002060                HAL_Init
 .text.HAL_InitTick
                0x080020d8       0x6c ./Drivers/STM32H7xx_HAL_Driver/Src/stm32h7xx_hal.o
                0x080020d8                HAL_InitTick
 .text.HAL_IncTick
                0x08002144       0x28 ./Drivers/STM32H7xx_HAL_Driver/Src/stm32h7xx_hal.o
                0x08002144                HAL_IncTick
 .text.HAL_GetTick
                0x0800216c       0x18 ./Drivers/STM32H7xx_HAL_Driver/Src/stm32h7xx_hal.o
                0x0800216c                HAL_GetTick
 .text.HAL_Delay
                0x08002184       0x48 ./Drivers/STM32H7xx_HAL_Driver/Src/stm32h7xx_hal.o
                0x08002184                HAL_Delay
 .text.HAL_SYSCFG_ETHInterfaceSelect
                0x080021cc       0x28 ./Drivers/STM32H7xx_HAL_Driver/Src/stm32h7xx_hal.o
                0x080021cc                HAL_SYSCFG_ETHInterfaceSelect
 .text.__NVIC_SetPriorityGrouping
                0x080021f4       0x48 ./Drivers/STM32H7xx_HAL_Driver/Src/stm32h7xx_hal_cortex.o
 .text.__NVIC_GetPriorityGrouping
                0x0800223c       0x1c ./Drivers/STM32H7xx_HAL_Driver/Src/stm32h7xx_hal_cortex.o
 .text.__NVIC_EnableIRQ
                0x08002258       0x3c ./Drivers/STM32H7xx_HAL_Driver/Src/stm32h7xx_hal_cortex.o
 .text.__NVIC_SetPriority
                0x08002294       0x54 ./Drivers/STM32H7xx_HAL_Driver/Src/stm32h7xx_hal_cortex.o
 .text.NVIC_EncodePriority
                0x080022e8       0x66 ./Drivers/STM32H7xx_HAL_Driver/Src/stm32h7xx_hal_cortex.o
 *fill*         0x0800234e        0x2 
 .text.SysTick_Config
                0x08002350       0x44 ./Drivers/STM32H7xx_HAL_Driver/Src/stm32h7xx_hal_cortex.o
 .text.HAL_NVIC_SetPriorityGrouping
                0x08002394       0x16 ./Drivers/STM32H7xx_HAL_Driver/Src/stm32h7xx_hal_cortex.o
                0x08002394                HAL_NVIC_SetPriorityGrouping
 .text.HAL_NVIC_SetPriority
                0x080023aa       0x34 ./Drivers/STM32H7xx_HAL_Driver/Src/stm32h7xx_hal_cortex.o
                0x080023aa                HAL_NVIC_SetPriority
 .text.HAL_NVIC_EnableIRQ
                0x080023de       0x1c ./Drivers/STM32H7xx_HAL_Driver/Src/stm32h7xx_hal_cortex.o
                0x080023de                HAL_NVIC_EnableIRQ
 .text.HAL_SYSTICK_Config
                0x080023fa       0x18 ./Drivers/STM32H7xx_HAL_Driver/Src/stm32h7xx_hal_cortex.o
                0x080023fa                HAL_SYSTICK_Config
 *fill*         0x08002412        0x2 
 .text.HAL_ETH_Init
                0x08002414      0x1fc ./Drivers/STM32H7xx_HAL_Driver/Src/stm32h7xx_hal_eth.o
                0x08002414                HAL_ETH_Init
 .text.HAL_ETH_SetMDIOClockRange
                0x08002610       0xa0 ./Drivers/STM32H7xx_HAL_Driver/Src/stm32h7xx_hal_eth.o
                0x08002610                HAL_ETH_SetMDIOClockRange
 .text.ETH_SetMACConfig
                0x080026b0      0x238 ./Drivers/STM32H7xx_HAL_Driver/Src/stm32h7xx_hal_eth.o
 .text.ETH_SetDMAConfig
                0x080028e8      0x10c ./Drivers/STM32H7xx_HAL_Driver/Src/stm32h7xx_hal_eth.o
 .text.ETH_MACDMAConfig
                0x080029f4      0x13a ./Drivers/STM32H7xx_HAL_Driver/Src/stm32h7xx_hal_eth.o
 .text.ETH_DMATxDescListInit
                0x08002b2e       0x92 ./Drivers/STM32H7xx_HAL_Driver/Src/stm32h7xx_hal_eth.o
 .text.ETH_DMARxDescListInit
                0x08002bc0       0xba ./Drivers/STM32H7xx_HAL_Driver/Src/stm32h7xx_hal_eth.o
 *fill*         0x08002c7a        0x2 
 .text.HAL_GPIO_Init
                0x08002c7c      0x350 ./Drivers/STM32H7xx_HAL_Driver/Src/stm32h7xx_hal_gpio.o
                0x08002c7c                HAL_GPIO_Init
 .text.HAL_GPIO_ReadPin
                0x08002fcc       0x30 ./Drivers/STM32H7xx_HAL_Driver/Src/stm32h7xx_hal_gpio.o
                0x08002fcc                HAL_GPIO_ReadPin
 .text.HAL_GPIO_WritePin
                0x08002ffc       0x32 ./Drivers/STM32H7xx_HAL_Driver/Src/stm32h7xx_hal_gpio.o
                0x08002ffc                HAL_GPIO_WritePin
 *fill*         0x0800302e        0x2 
 .text.HAL_I2C_Init
                0x08003030      0x138 ./Drivers/STM32H7xx_HAL_Driver/Src/stm32h7xx_hal_i2c.o
                0x08003030                HAL_I2C_Init
 .text.HAL_I2C_Mem_Write
                0x08003168      0x228 ./Drivers/STM32H7xx_HAL_Driver/Src/stm32h7xx_hal_i2c.o
                0x08003168                HAL_I2C_Mem_Write
 .text.I2C_RequestMemoryWrite
                0x08003390       0xa8 ./Drivers/STM32H7xx_HAL_Driver/Src/stm32h7xx_hal_i2c.o
 .text.I2C_Flush_TXDR
                0x08003438       0x48 ./Drivers/STM32H7xx_HAL_Driver/Src/stm32h7xx_hal_i2c.o
 .text.I2C_WaitOnFlagUntilTimeout
                0x08003480       0xb2 ./Drivers/STM32H7xx_HAL_Driver/Src/stm32h7xx_hal_i2c.o
 .text.I2C_WaitOnTXISFlagUntilTimeout
                0x08003532       0x8e ./Drivers/STM32H7xx_HAL_Driver/Src/stm32h7xx_hal_i2c.o
 .text.I2C_WaitOnSTOPFlagUntilTimeout
                0x080035c0       0x86 ./Drivers/STM32H7xx_HAL_Driver/Src/stm32h7xx_hal_i2c.o
 *fill*         0x08003646        0x2 
 .text.I2C_IsErrorOccurred
                0x08003648      0x1c0 ./Drivers/STM32H7xx_HAL_Driver/Src/stm32h7xx_hal_i2c.o
 .text.I2C_TransferConfig
                0x08003808       0x64 ./Drivers/STM32H7xx_HAL_Driver/Src/stm32h7xx_hal_i2c.o
 .text.HAL_I2CEx_ConfigAnalogFilter
                0x0800386c       0x96 ./Drivers/STM32H7xx_HAL_Driver/Src/stm32h7xx_hal_i2c_ex.o
                0x0800386c                HAL_I2CEx_ConfigAnalogFilter
 .text.HAL_I2CEx_ConfigDigitalFilter
                0x08003902       0x98 ./Drivers/STM32H7xx_HAL_Driver/Src/stm32h7xx_hal_i2c_ex.o
                0x08003902                HAL_I2CEx_ConfigDigitalFilter
 *fill*         0x0800399a        0x2 
 .text.HAL_PWREx_ConfigSupply
                0x0800399c       0x74 ./Drivers/STM32H7xx_HAL_Driver/Src/stm32h7xx_hal_pwr_ex.o
                0x0800399c                HAL_PWREx_ConfigSupply
 .text.HAL_RCC_OscConfig
                0x08003a10      0x7b4 ./Drivers/STM32H7xx_HAL_Driver/Src/stm32h7xx_hal_rcc.o
                0x08003a10                HAL_RCC_OscConfig
 .text.HAL_RCC_ClockConfig
                0x080041c4      0x36c ./Drivers/STM32H7xx_HAL_Driver/Src/stm32h7xx_hal_rcc.o
                0x080041c4                HAL_RCC_ClockConfig
 .text.HAL_RCC_GetSysClockFreq
                0x08004530      0x2f4 ./Drivers/STM32H7xx_HAL_Driver/Src/stm32h7xx_hal_rcc.o
                0x08004530                HAL_RCC_GetSysClockFreq
 .text.HAL_RCC_GetHCLKFreq
                0x08004824       0x60 ./Drivers/STM32H7xx_HAL_Driver/Src/stm32h7xx_hal_rcc.o
                0x08004824                HAL_RCC_GetHCLKFreq
 .text.HAL_RCC_GetPCLK1Freq
                0x08004884       0x2c ./Drivers/STM32H7xx_HAL_Driver/Src/stm32h7xx_hal_rcc.o
                0x08004884                HAL_RCC_GetPCLK1Freq
 .text.HAL_RCC_GetPCLK2Freq
                0x080048b0       0x2c ./Drivers/STM32H7xx_HAL_Driver/Src/stm32h7xx_hal_rcc.o
                0x080048b0                HAL_RCC_GetPCLK2Freq
 .text.HAL_RCCEx_PeriphCLKConfig
                0x080048dc     0x1340 ./Drivers/STM32H7xx_HAL_Driver/Src/stm32h7xx_hal_rcc_ex.o
                0x080048dc                HAL_RCCEx_PeriphCLKConfig
 .text.HAL_RCCEx_GetD3PCLK1Freq
                0x08005c1c       0x2c ./Drivers/STM32H7xx_HAL_Driver/Src/stm32h7xx_hal_rcc_ex.o
                0x08005c1c                HAL_RCCEx_GetD3PCLK1Freq
 .text.HAL_RCCEx_GetPLL2ClockFreq
                0x08005c48      0x2a8 ./Drivers/STM32H7xx_HAL_Driver/Src/stm32h7xx_hal_rcc_ex.o
                0x08005c48                HAL_RCCEx_GetPLL2ClockFreq
 .text.HAL_RCCEx_GetPLL3ClockFreq
                0x08005ef0      0x2a8 ./Drivers/STM32H7xx_HAL_Driver/Src/stm32h7xx_hal_rcc_ex.o
                0x08005ef0                HAL_RCCEx_GetPLL3ClockFreq
 .text.RCCEx_PLL2_Config
                0x08006198      0x164 ./Drivers/STM32H7xx_HAL_Driver/Src/stm32h7xx_hal_rcc_ex.o
 .text.RCCEx_PLL3_Config
                0x080062fc      0x164 ./Drivers/STM32H7xx_HAL_Driver/Src/stm32h7xx_hal_rcc_ex.o
 .text.HAL_RNG_Init
                0x08006460      0x148 ./Drivers/STM32H7xx_HAL_Driver/Src/stm32h7xx_hal_rng.o
                0x08006460                HAL_RNG_Init
 .text.HAL_RNG_GenerateRandomNumber
                0x080065a8       0xf4 ./Drivers/STM32H7xx_HAL_Driver/Src/stm32h7xx_hal_rng.o
                0x080065a8                HAL_RNG_GenerateRandomNumber
 .text.HAL_RNG_ErrorCallback
                0x0800669c       0x14 ./Drivers/STM32H7xx_HAL_Driver/Src/stm32h7xx_hal_rng.o
                0x0800669c                HAL_RNG_ErrorCallback
 .text.RNG_RecoverSeedError
                0x080066b0      0x102 ./Drivers/STM32H7xx_HAL_Driver/Src/stm32h7xx_hal_rng.o
                0x080066b0                RNG_RecoverSeedError
 .text.HAL_UART_Init
                0x080067b2       0xa0 ./Drivers/STM32H7xx_HAL_Driver/Src/stm32h7xx_hal_uart.o
                0x080067b2                HAL_UART_Init
 .text.HAL_UART_Transmit
                0x08006852      0x11c ./Drivers/STM32H7xx_HAL_Driver/Src/stm32h7xx_hal_uart.o
                0x08006852                HAL_UART_Transmit
 *fill*         0x0800696e        0x2 
 .text.UART_SetConfig
                0x08006970      0xcd8 ./Drivers/STM32H7xx_HAL_Driver/Src/stm32h7xx_hal_uart.o
                0x08006970                UART_SetConfig
 .text.UART_AdvFeatureConfig
                0x08007648      0x144 ./Drivers/STM32H7xx_HAL_Driver/Src/stm32h7xx_hal_uart.o
                0x08007648                UART_AdvFeatureConfig
 .text.UART_CheckIdleState
                0x0800778c      0x154 ./Drivers/STM32H7xx_HAL_Driver/Src/stm32h7xx_hal_uart.o
                0x0800778c                UART_CheckIdleState
 .text.UART_WaitOnFlagUntilTimeout
                0x080078e0       0xda ./Drivers/STM32H7xx_HAL_Driver/Src/stm32h7xx_hal_uart.o
                0x080078e0                UART_WaitOnFlagUntilTimeout
 *fill*         0x080079ba        0x2 
 .text.UART_EndRxTransfer
                0x080079bc       0xcc ./Drivers/STM32H7xx_HAL_Driver/Src/stm32h7xx_hal_uart.o
 .text.HAL_UARTEx_DisableFifoMode
                0x08007a88       0x72 ./Drivers/STM32H7xx_HAL_Driver/Src/stm32h7xx_hal_uart_ex.o
                0x08007a88                HAL_UARTEx_DisableFifoMode
 .text.HAL_UARTEx_SetTxFifoThreshold
                0x08007afa       0x7c ./Drivers/STM32H7xx_HAL_Driver/Src/stm32h7xx_hal_uart_ex.o
                0x08007afa                HAL_UARTEx_SetTxFifoThreshold
 .text.HAL_UARTEx_SetRxFifoThreshold
                0x08007b76       0x7c ./Drivers/STM32H7xx_HAL_Driver/Src/stm32h7xx_hal_uart_ex.o
                0x08007b76                HAL_UARTEx_SetRxFifoThreshold
 *fill*         0x08007bf2        0x2 
 .text.UARTEx_SetNbDataToProcess
                0x08007bf4       0x9c ./Drivers/STM32H7xx_HAL_Driver/Src/stm32h7xx_hal_uart_ex.o
 .text.mg_base64_encode_single
                0x08007c90       0x44 ./mongoose/mongoose.o
 .text.mg_base64_decode_single
                0x08007cd4       0x6c ./mongoose/mongoose.o
 .text.mg_base64_update
                0x08007d40       0xfc ./mongoose/mongoose.o
                0x08007d40                mg_base64_update
 .text.mg_base64_final
                0x08007e3c       0x62 ./mongoose/mongoose.o
                0x08007e3c                mg_base64_final
 *fill*         0x08007e9e        0x2 
 .text.mg_base64_encode
                0x08007ea0       0x94 ./mongoose/mongoose.o
                0x08007ea0                mg_base64_encode
 .text.mg_base64_decode
                0x08007f34      0x144 ./mongoose/mongoose.o
                0x08007f34                mg_base64_decode
 .text.mg_dns_free
                0x08008078       0x36 ./mongoose/mongoose.o
 .text.mg_resolve_cancel
                0x080080ae       0x44 ./mongoose/mongoose.o
                0x080080ae                mg_resolve_cancel
 .text.mg_dns_parse_name_depth
                0x080080f2      0x160 ./mongoose/mongoose.o
 .text.mg_dns_parse_name
                0x08008252       0x30 ./mongoose/mongoose.o
 .text.mg_dns_parse_rr
                0x08008282      0x12a ./mongoose/mongoose.o
                0x08008282                mg_dns_parse_rr
 .text.mg_dns_parse
                0x080083ac      0x1d4 ./mongoose/mongoose.o
                0x080083ac                mg_dns_parse
 .text.dns_cb   0x08008580      0x2fc ./mongoose/mongoose.o
 .text.mg_dns_send
                0x0800887c      0x1c0 ./mongoose/mongoose.o
 .text.mg_sendnsreq
                0x08008a3c      0x178 ./mongoose/mongoose.o
 .text.mg_resolve
                0x08008bb4       0x88 ./mongoose/mongoose.o
                0x08008bb4                mg_resolve
 .text.mg_call  0x08008c3c       0x40 ./mongoose/mongoose.o
                0x08008c3c                mg_call
 .text.mg_error
                0x08008c7c       0x84 ./mongoose/mongoose.o
                0x08008c7c                mg_error
 .text.mg_ota_flash_begin
                0x08008d00       0xf8 ./mongoose/mongoose.o
                0x08008d00                mg_ota_flash_begin
 .text.mg_ota_flash_write
                0x08008df8      0x188 ./mongoose/mongoose.o
                0x08008df8                mg_ota_flash_write
 .text.mg_ota_flash_end
                0x08008f80      0x100 ./mongoose/mongoose.o
                0x08008f80                mg_ota_flash_end
 .text.is_digit
                0x08009080       0x2c ./mongoose/mongoose.o
 .text.addexp   0x080090ac      0x104 ./mongoose/mongoose.o
 .text.xisinf   0x080091b0       0x50 ./mongoose/mongoose.o
 .text.xisnan   0x08009200       0x58 ./mongoose/mongoose.o
 .text.mg_dtoa  0x08009258      0x56c ./mongoose/mongoose.o
 .text.mg_lld   0x080097c4      0x160 ./mongoose/mongoose.o
 .text.scpy     0x08009924       0x46 ./mongoose/mongoose.o
 .text.mg_xprintf
                0x0800996a       0x36 ./mongoose/mongoose.o
                0x0800996a                mg_xprintf
 .text.mg_vxprintf
                0x080099a0      0x748 ./mongoose/mongoose.o
                0x080099a0                mg_vxprintf
 .text.mg_fs_open
                0x0800a0e8       0x50 ./mongoose/mongoose.o
                0x0800a0e8                mg_fs_open
 .text.mg_fs_close
                0x0800a138       0x2a ./mongoose/mongoose.o
                0x0800a138                mg_fs_close
 .text.is_dir_prefix
                0x0800a162       0x58 ./mongoose/mongoose.o
 .text.packed_stat
                0x0800a1ba       0x60 ./mongoose/mongoose.o
 *fill*         0x0800a21a        0x2 
 .text.packed_list
                0x0800a21c       0xfc ./mongoose/mongoose.o
 .text.packed_open
                0x0800a318       0x62 ./mongoose/mongoose.o
 .text.packed_close
                0x0800a37a       0x1c ./mongoose/mongoose.o
 .text.packed_read
                0x0800a396       0x56 ./mongoose/mongoose.o
 .text.packed_write
                0x0800a3ec       0x1a ./mongoose/mongoose.o
 .text.packed_seek
                0x0800a406       0x38 ./mongoose/mongoose.o
 .text.packed_rename
                0x0800a43e       0x18 ./mongoose/mongoose.o
 .text.packed_remove
                0x0800a456       0x16 ./mongoose/mongoose.o
 .text.packed_mkdir
                0x0800a46c       0x16 ./mongoose/mongoose.o
 .text.p_stat   0x0800a482       0x1a ./mongoose/mongoose.o
 .text.p_list   0x0800a49c       0x18 ./mongoose/mongoose.o
 .text.p_open   0x0800a4b4       0x18 ./mongoose/mongoose.o
 .text.p_close  0x0800a4cc       0x14 ./mongoose/mongoose.o
 .text.p_read   0x0800a4e0       0x1a ./mongoose/mongoose.o
 .text.p_write  0x0800a4fa       0x1a ./mongoose/mongoose.o
 .text.p_seek   0x0800a514       0x1a ./mongoose/mongoose.o
 .text.p_rename
                0x0800a52e       0x18 ./mongoose/mongoose.o
 .text.p_remove
                0x0800a546       0x16 ./mongoose/mongoose.o
 .text.p_mkdir  0x0800a55c       0x16 ./mongoose/mongoose.o
 .text.mg_ncasecmp
                0x0800a572       0x80 ./mongoose/mongoose.o
 *fill*         0x0800a5f2        0x2 
 .text.mg_to_size_t
                0x0800a5f4      0x12c ./mongoose/mongoose.o
                0x0800a5f4                mg_to_size_t
 .text.mg_http_var
                0x0800a720       0xa0 ./mongoose/mongoose.o
                0x0800a720                mg_http_var
 .text.mg_http_get_var
                0x0800a7c0       0xa6 ./mongoose/mongoose.o
                0x0800a7c0                mg_http_get_var
 .text.isx      0x0800a866       0x44 ./mongoose/mongoose.o
 .text.mg_url_decode
                0x0800a8aa      0x110 ./mongoose/mongoose.o
                0x0800a8aa                mg_url_decode
 .text.isok     0x0800a9ba       0x3a ./mongoose/mongoose.o
 .text.mg_http_get_request_len
                0x0800a9f4       0x9c ./mongoose/mongoose.o
                0x0800a9f4                mg_http_get_request_len
 .text.mg_http_get_header
                0x0800aa90       0x80 ./mongoose/mongoose.o
                0x0800aa90                mg_http_get_header
 .text.vcb      0x0800ab10       0x26 ./mongoose/mongoose.o
 .text.clen     0x0800ab36       0xde ./mongoose/mongoose.o
 .text.skiptorn
                0x0800ac14       0x96 ./mongoose/mongoose.o
 .text.mg_http_parse_headers
                0x0800acaa      0x15e ./mongoose/mongoose.o
 .text.mg_http_parse
                0x0800ae08      0x37c ./mongoose/mongoose.o
                0x0800ae08                mg_http_parse
 .text.mg_http_status_code_str
                0x0800b184      0x9f8 ./mongoose/mongoose.o
 .text.mg_http_reply
                0x0800bb7c       0xb0 ./mongoose/mongoose.o
                0x0800bb7c                mg_http_reply
 .text.restore_http_cb
                0x0800bc2c       0x40 ./mongoose/mongoose.o
 .text.mg_http_etag
                0x0800bc6c       0x38 ./mongoose/mongoose.o
                0x0800bc6c                mg_http_etag
 .text.static_cb
                0x0800bca4       0xc4 ./mongoose/mongoose.o
 .text.guess_content_type
                0x0800bd68      0x13c ./mongoose/mongoose.o
 .text.getrange
                0x0800bea4       0xe8 ./mongoose/mongoose.o
 .text.mg_http_serve_file
                0x0800bf8c      0x5a4 ./mongoose/mongoose.o
                0x0800bf8c                mg_http_serve_file
 .text.uri_to_path2
                0x0800c530      0x2dc ./mongoose/mongoose.o
 .text.uri_to_path
                0x0800c80c      0x194 ./mongoose/mongoose.o
 .text.mg_http_serve_dir
                0x0800c9a0       0xc8 ./mongoose/mongoose.o
                0x0800c9a0                mg_http_serve_dir
 .text.mg_http_creds
                0x0800ca68      0x238 ./mongoose/mongoose.o
                0x0800ca68                mg_http_creds
 .text.stripquotes
                0x0800cca0       0x52 ./mongoose/mongoose.o
 .text.mg_http_get_header_var
                0x0800ccf2      0x12c ./mongoose/mongoose.o
                0x0800ccf2                mg_http_get_header_var
 .text.mg_http_status
                0x0800ce1e       0x1c ./mongoose/mongoose.o
                0x0800ce1e                mg_http_status
 .text.is_hex_digit
                0x0800ce3a       0x44 ./mongoose/mongoose.o
 .text.skip_chunk
                0x0800ce7e      0x11e ./mongoose/mongoose.o
 .text.http_cb  0x0800cf9c      0x740 ./mongoose/mongoose.o
 .text.mg_http_connect
                0x0800d6dc       0x38 ./mongoose/mongoose.o
                0x0800d6dc                mg_http_connect
 .text.mg_http_listen
                0x0800d714       0x38 ./mongoose/mongoose.o
                0x0800d714                mg_http_listen
 .text.roundup  0x0800d74c       0x34 ./mongoose/mongoose.o
 .text.mg_iobuf_resize
                0x0800d780      0x118 ./mongoose/mongoose.o
                0x0800d780                mg_iobuf_resize
 .text.mg_iobuf_add
                0x0800d898       0xa4 ./mongoose/mongoose.o
                0x0800d898                mg_iobuf_add
 .text.mg_iobuf_del
                0x0800d93c       0x96 ./mongoose/mongoose.o
                0x0800d93c                mg_iobuf_del
 .text.mg_iobuf_free
                0x0800d9d2       0x18 ./mongoose/mongoose.o
                0x0800d9d2                mg_iobuf_free
 *fill*         0x0800d9ea        0x2 
 .text.escapeseq
                0x0800d9ec       0x28 ./mongoose/mongoose.o
 .text.json_esc
                0x0800da14       0x60 ./mongoose/mongoose.o
 .text.mg_pass_string
                0x0800da74       0x82 ./mongoose/mongoose.o
 *fill*         0x0800daf6        0x2 
 .text.mg_atod  0x0800daf8      0x2a0 ./mongoose/mongoose.o
 .text.mg_json_next
                0x0800dd98      0x298 ./mongoose/mongoose.o
                0x0800dd98                mg_json_next
 .text.mg_json_get
                0x0800e030      0x674 ./mongoose/mongoose.o
                0x0800e030                mg_json_get
 .text.mg_json_get_tok
                0x0800e6a4       0x4a ./mongoose/mongoose.o
                0x0800e6a4                mg_json_get_tok
 .text.mg_json_get_num
                0x0800e6ee       0x8a ./mongoose/mongoose.o
                0x0800e6ee                mg_json_get_num
 .text.mg_json_get_bool
                0x0800e778       0x78 ./mongoose/mongoose.o
                0x0800e778                mg_json_get_bool
 .text.mg_json_unescape
                0x0800e7f0      0x11c ./mongoose/mongoose.o
                0x0800e7f0                mg_json_unescape
 .text.logc     0x0800e90c       0x28 ./mongoose/mongoose.o
 .text.logs     0x0800e934       0x36 ./mongoose/mongoose.o
 *fill*         0x0800e96a        0x2 
 .text.mg_log_prefix
                0x0800e96c       0xa0 ./mongoose/mongoose.o
                0x0800e96c                mg_log_prefix
 .text.mg_log   0x0800ea0c       0x40 ./mongoose/mongoose.o
                0x0800ea0c                mg_log
 .text.nibble   0x0800ea4c       0x2c ./mongoose/mongoose.o
 .text.mg_hexdump
                0x0800ea78      0x174 ./mongoose/mongoose.o
                0x0800ea78                mg_hexdump
 .text.mg_vprintf
                0x0800ebec       0x38 ./mongoose/mongoose.o
                0x0800ebec                mg_vprintf
 .text.mg_printf
                0x0800ec24       0x34 ./mongoose/mongoose.o
                0x0800ec24                mg_printf
 .text.mg_atonl
                0x0800ec58       0x60 ./mongoose/mongoose.o
 .text.mg_atone
                0x0800ecb8       0x36 ./mongoose/mongoose.o
 .text.mg_aton4
                0x0800ecee       0xec ./mongoose/mongoose.o
 .text.mg_v4mapped
                0x0800edda       0xd0 ./mongoose/mongoose.o
 .text.mg_aton6
                0x0800eeaa      0x220 ./mongoose/mongoose.o
 .text.mg_aton  0x0800f0ca       0x74 ./mongoose/mongoose.o
                0x0800f0ca                mg_aton
 .text.mg_alloc_conn
                0x0800f13e       0x5a ./mongoose/mongoose.o
                0x0800f13e                mg_alloc_conn
 .text.mg_close_conn
                0x0800f198       0xd0 ./mongoose/mongoose.o
                0x0800f198                mg_close_conn
 .text.mg_connect
                0x0800f268      0x13c ./mongoose/mongoose.o
                0x0800f268                mg_connect
 .text.mg_listen
                0x0800f3a4      0x14c ./mongoose/mongoose.o
                0x0800f3a4                mg_listen
 .text.mg_timer_add
                0x0800f4f0       0x4c ./mongoose/mongoose.o
                0x0800f4f0                mg_timer_add
 .text.mg_mgr_init
                0x0800f53c      0x12c ./mongoose/mongoose.o
                0x0800f53c                mg_mgr_init
 .text.mg_tcpip_call
                0x0800f668       0x28 ./mongoose/mongoose.o
 .text.mkpay    0x0800f690       0x3c ./mongoose/mongoose.o
 .text.csumup   0x0800f6cc       0x56 ./mongoose/mongoose.o
 .text.csumfin  0x0800f722       0x36 ./mongoose/mongoose.o
 .text.ipcsum   0x0800f758       0x26 ./mongoose/mongoose.o
 *fill*         0x0800f77e        0x2 
 .text.settmout
                0x0800f780       0xc8 ./mongoose/mongoose.o
 .text.ether_output
                0x0800f848       0x38 ./mongoose/mongoose.o
 .text.mg_tcpip_arp_request
                0x0800f880       0xd0 ./mongoose/mongoose.o
                0x0800f880                mg_tcpip_arp_request
 .text.onstatechange
                0x0800f950      0x154 ./mongoose/mongoose.o
 .text.tx_ip    0x0800faa4       0xae ./mongoose/mongoose.o
 .text.tx_udp   0x0800fb52       0xd2 ./mongoose/mongoose.o
 .text.tx_dhcp  0x0800fc24      0x120 ./mongoose/mongoose.o
 .text.tx_dhcp_request_sel
                0x0800fd44      0x1b0 ./mongoose/mongoose.o
 .text.tx_dhcp_request_re
                0x0800fef4       0x64 ./mongoose/mongoose.o
 .text.tx_dhcp_discover
                0x0800ff58       0x78 ./mongoose/mongoose.o
 .text.getpeer  0x0800ffd0       0xe2 ./mongoose/mongoose.o
 *fill*         0x080100b2        0x2 
 .text.rx_arp   0x080100b4      0x224 ./mongoose/mongoose.o
 .text.rx_icmp  0x080102d8       0xb8 ./mongoose/mongoose.o
 .text.rx_dhcp_client
                0x08010390      0x3d0 ./mongoose/mongoose.o
 .text.rx_dhcp_server
                0x08010760      0x3dc ./mongoose/mongoose.o
 .text.rx_udp   0x08010b3c       0xe4 ./mongoose/mongoose.o
 .text.tx_tcp   0x08010c20      0x1e4 ./mongoose/mongoose.o
 .text.tx_tcp_pkt
                0x08010e04       0x8c ./mongoose/mongoose.o
 .text.accept_conn
                0x08010e90      0x1b0 ./mongoose/mongoose.o
 .text.trim_len
                0x08011040      0x11c ./mongoose/mongoose.o
 .text.mg_io_send
                0x0801115c      0x102 ./mongoose/mongoose.o
                0x0801115c                mg_io_send
 *fill*         0x0801125e        0x2 
 .text.handle_tls_recv
                0x08011260       0xc4 ./mongoose/mongoose.o
 .text.read_conn
                0x08011324      0x430 ./mongoose/mongoose.o
 .text.handle_opt
                0x08011754       0xbc ./mongoose/mongoose.o
 .text.rx_tcp   0x08011810      0x290 ./mongoose/mongoose.o
 .text.rx_ip    0x08011aa0      0x2dc ./mongoose/mongoose.o
 .text.rx_ip6   0x08011d7c       0x84 ./mongoose/mongoose.o
 .text.mg_tcpip_rx
                0x08011e00      0x228 ./mongoose/mongoose.o
 .text.mg_tcpip_poll
                0x08012028      0x4c0 ./mongoose/mongoose.o
 .text.mg_tcpip_qwrite
                0x080124e8       0x5a ./mongoose/mongoose.o
                0x080124e8                mg_tcpip_qwrite
 *fill*         0x08012542        0x2 
 .text.mg_tcpip_init
                0x08012544      0x1d8 ./mongoose/mongoose.o
                0x08012544                mg_tcpip_init
 .text.send_syn
                0x0801271c       0x66 ./mongoose/mongoose.o
 .text.mac_resolved
                0x08012782       0x48 ./mongoose/mongoose.o
 *fill*         0x080127ca        0x2 
 .text.ip4_mcastmac
                0x080127cc       0x5c ./mongoose/mongoose.o
 .text.mg_connect_resolved
                0x08012828      0x1d0 ./mongoose/mongoose.o
                0x08012828                mg_connect_resolved
 .text.mg_open_listener
                0x080129f8       0x88 ./mongoose/mongoose.o
                0x080129f8                mg_open_listener
 .text.write_conn
                0x08012a80       0x80 ./mongoose/mongoose.o
 .text.init_closure
                0x08012b00       0xa8 ./mongoose/mongoose.o
 .text.close_conn
                0x08012ba8       0x26 ./mongoose/mongoose.o
 .text.can_write
                0x08012bce       0x68 ./mongoose/mongoose.o
 *fill*         0x08012c36        0x2 
 .text.mg_mgr_poll
                0x08012c38      0x264 ./mongoose/mongoose.o
                0x08012c38                mg_mgr_poll
 .text.mg_send  0x08012e9c      0x118 ./mongoose/mongoose.o
                0x08012e9c                mg_send
 .text.mg_ota_begin
                0x08012fb4       0x2c ./mongoose/mongoose.o
                0x08012fb4                mg_ota_begin
 .text.mg_ota_write
                0x08012fe0       0x24 ./mongoose/mongoose.o
                0x08012fe0                mg_ota_write
 .text.mg_ota_end
                0x08013004       0xc0 ./mongoose/mongoose.o
                0x08013004                mg_ota_end
 .text.mg_pfn_iobuf_private
                0x080130c4       0x90 ./mongoose/mongoose.o
 .text.mg_putchar_iobuf_static
                0x08013154       0x20 ./mongoose/mongoose.o
 .text.mg_pfn_iobuf
                0x08013174       0x20 ./mongoose/mongoose.o
                0x08013174                mg_pfn_iobuf
 .text.mg_vsnprintf
                0x08013194       0x50 ./mongoose/mongoose.o
                0x08013194                mg_vsnprintf
 .text.mg_snprintf
                0x080131e4       0x32 ./mongoose/mongoose.o
                0x080131e4                mg_snprintf
 *fill*         0x08013216        0x2 
 .text.mg_vmprintf
                0x08013218       0x38 ./mongoose/mongoose.o
                0x08013218                mg_vmprintf
 .text.mg_mprintf
                0x08013250       0x2a ./mongoose/mongoose.o
                0x08013250                mg_mprintf
 .text.mg_pfn_stdout
                0x0801327a       0x1c ./mongoose/mongoose.o
                0x0801327a                mg_pfn_stdout
 *fill*         0x08013296        0x2 
 .text.print_ip4
                0x08013298       0x48 ./mongoose/mongoose.o
 .text.print_ip6
                0x080132e0       0xbc ./mongoose/mongoose.o
 .text.mg_print_ip4
                0x0801339c       0x2e ./mongoose/mongoose.o
                0x0801339c                mg_print_ip4
 .text.mg_print_ip
                0x080133ca       0x48 ./mongoose/mongoose.o
                0x080133ca                mg_print_ip
 *fill*         0x08013412        0x2 
 .text.mg_print_ip_port
                0x08013414       0x4c ./mongoose/mongoose.o
                0x08013414                mg_print_ip_port
 .text.mg_print_mac
                0x08013460       0x6c ./mongoose/mongoose.o
                0x08013460                mg_print_mac
 .text.mg_esc   0x080134cc       0x7c ./mongoose/mongoose.o
 .text.mg_escape
                0x08013548       0x1a ./mongoose/mongoose.o
 .text.qcpy     0x08013562       0x86 ./mongoose/mongoose.o
 .text.mg_print_hex
                0x080135e8       0x88 ./mongoose/mongoose.o
                0x080135e8                mg_print_hex
 .text.mg_print_esc
                0x08013670       0x58 ./mongoose/mongoose.o
                0x08013670                mg_print_esc
 .text.mg_queue_read_len
                0x080136c8       0x54 ./mongoose/mongoose.o
 .text.mg_queue_write_len
                0x0801371c       0x2c ./mongoose/mongoose.o
 .text.mg_queue_book
                0x08013748       0xae ./mongoose/mongoose.o
                0x08013748                mg_queue_book
 *fill*         0x080137f6        0x2 
 .text.mg_queue_next
                0x080137f8       0x8c ./mongoose/mongoose.o
                0x080137f8                mg_queue_next
 .text.mg_queue_add
                0x08013884       0x70 ./mongoose/mongoose.o
                0x08013884                mg_queue_add
 .text.mg_queue_del
                0x080138f4       0x48 ./mongoose/mongoose.o
                0x080138f4                mg_queue_del
 .text.blk0     0x0801393c       0x58 ./mongoose/mongoose.o
 .text.mg_sha1_transform
                0x08013994     0x143c ./mongoose/mongoose.o
 .text.mg_sha1_init
                0x08014dd0       0x54 ./mongoose/mongoose.o
                0x08014dd0                mg_sha1_init
 .text.mg_sha1_update
                0x08014e24       0xcc ./mongoose/mongoose.o
                0x08014e24                mg_sha1_update
 .text.mg_sha1_final
                0x08014ef0       0xe4 ./mongoose/mongoose.o
                0x08014ef0                mg_sha1_final
 .text.mg_sha256_init
                0x08014fd4       0x78 ./mongoose/mongoose.o
                0x08014fd4                mg_sha256_init
 .text.mg_sha256_chunk
                0x0801504c      0x410 ./mongoose/mongoose.o
 .text.mg_sha256_update
                0x0801545c       0x72 ./mongoose/mongoose.o
                0x0801545c                mg_sha256_update
 .text.mg_sha256_final
                0x080154ce      0x270 ./mongoose/mongoose.o
                0x080154ce                mg_sha256_final
 .text.mg_sha256
                0x0801573e       0x38 ./mongoose/mongoose.o
                0x0801573e                mg_sha256
 .text.mg_hmac_sha256
                0x08015776      0x1ce ./mongoose/mongoose.o
                0x08015776                mg_hmac_sha256
 .text.mg_sha384_transform
                0x08015944      0xa44 ./mongoose/mongoose.o
 .text.mg_sha384_init
                0x08016388       0xd8 ./mongoose/mongoose.o
                0x08016388                mg_sha384_init
 .text.mg_sha384_update
                0x08016460       0xaa ./mongoose/mongoose.o
                0x08016460                mg_sha384_update
 .text.mg_sha384_final
                0x0801650a      0x3dc ./mongoose/mongoose.o
                0x0801650a                mg_sha384_final
 .text.mg_sha384
                0x080168e6       0x38 ./mongoose/mongoose.o
                0x080168e6                mg_sha384
 *fill*         0x0801691e        0x2 
 .text.mg_now   0x08016920       0x24 ./mongoose/mongoose.o
                0x08016920                mg_now
 .text.mg_http_serve_ssi
                0x08016944       0x28 ./mongoose/mongoose.o
                0x08016944                mg_http_serve_ssi
 .text.mg_str_s
                0x0801696c       0x3a ./mongoose/mongoose.o
                0x0801696c                mg_str_s
 .text.mg_str_n
                0x080169a6       0x30 ./mongoose/mongoose.o
                0x080169a6                mg_str_n
 .text.mg_tolc  0x080169d6       0x2a ./mongoose/mongoose.o
 .text.mg_strdup
                0x08016a00       0x6e ./mongoose/mongoose.o
                0x08016a00                mg_strdup
 .text.mg_strcmp
                0x08016a6e       0x84 ./mongoose/mongoose.o
                0x08016a6e                mg_strcmp
 .text.mg_strcasecmp
                0x08016af2       0x8e ./mongoose/mongoose.o
                0x08016af2                mg_strcasecmp
 .text.mg_match
                0x08016b80      0x1e8 ./mongoose/mongoose.o
                0x08016b80                mg_match
 .text.mg_span  0x08016d68       0xba ./mongoose/mongoose.o
                0x08016d68                mg_span
 .text.mg_str_to_num
                0x08016e22      0x466 ./mongoose/mongoose.o
                0x08016e22                mg_str_to_num
 .text.mg_timer_init
                0x08017288       0x52 ./mongoose/mongoose.o
                0x08017288                mg_timer_init
 .text.mg_timer_free
                0x080172da       0x42 ./mongoose/mongoose.o
                0x080172da                mg_timer_free
 .text.mg_timer_expired
                0x0801731c       0xc8 ./mongoose/mongoose.o
                0x0801731c                mg_timer_expired
 .text.mg_timer_poll
                0x080173e4       0xf4 ./mongoose/mongoose.o
                0x080173e4                mg_timer_poll
 .text.mg_tls_hexdump
                0x080174d8       0x50 ./mongoose/mongoose.o
 .text.mg_der_parse
                0x08017528       0xc0 ./mongoose/mongoose.o
 .text.mg_der_next
                0x080175e8       0x56 ./mongoose/mongoose.o
 .text.mg_der_find_oid
                0x0801763e       0xa0 ./mongoose/mongoose.o
 .text.mg_der_to_tlv
                0x080176de       0xa8 ./mongoose/mongoose.o
 .text.mg_tls_got_record
                0x08017786       0x50 ./mongoose/mongoose.o
 .text.mg_tls_drop_record
                0x080177d6       0x44 ./mongoose/mongoose.o
 *fill*         0x0801781a        0x2 
 .text.mg_tls_drop_message
                0x0801781c       0x98 ./mongoose/mongoose.o
 .text.mg_tls_derive_secret
                0x080178b4      0x138 ./mongoose/mongoose.o
 .text.mg_tls_generate_handshake_keys
                0x080179ec      0x2a0 ./mongoose/mongoose.o
 .text.mg_tls_generate_application_keys
                0x08017c8c      0x230 ./mongoose/mongoose.o
 .text.mg_tls_encrypt
                0x08017ebc      0x1f8 ./mongoose/mongoose.o
 .text.mg_tls_recv_record
                0x080180b4      0x238 ./mongoose/mongoose.o
 .text.mg_tls_calc_cert_verify_hash
                0x080182ec      0x144 ./mongoose/mongoose.o
 .text.mg_tls_server_recv_hello
                0x08018430      0x318 ./mongoose/mongoose.o
 .text.mg_tls_server_send_hello
                0x08018748      0x168 ./mongoose/mongoose.o
 .text.mg_tls_server_send_ext
                0x080188b0       0x44 ./mongoose/mongoose.o
 .text.mg_tls_server_send_cert
                0x080188f4      0x1e4 ./mongoose/mongoose.o
 .text.init_SHA256
                0x08018ad8       0x1e ./mongoose/mongoose.o
 .text.update_SHA256
                0x08018af6       0x26 ./mongoose/mongoose.o
 .text.finish_SHA256
                0x08018b1c       0x22 ./mongoose/mongoose.o
 *fill*         0x08018b3e        0x2 
 .text.mg_tls_send_cert_verify
                0x08018b40      0x268 ./mongoose/mongoose.o
 .text.mg_tls_server_send_finish
                0x08018da8       0x90 ./mongoose/mongoose.o
 .text.mg_tls_server_recv_finish
                0x08018e38       0x80 ./mongoose/mongoose.o
 .text.mg_tls_client_send_hello
                0x08018eb8      0x3c4 ./mongoose/mongoose.o
 .text.mg_tls_client_recv_hello
                0x0801927c      0x274 ./mongoose/mongoose.o
 .text.mg_tls_client_recv_ext
                0x080194f0       0x60 ./mongoose/mongoose.o
 .text.mg_der_debug_cert_name
                0x08019550      0x14c ./mongoose/mongoose.o
 .text.mg_tls_parse_cert_der
                0x0801969c      0x768 ./mongoose/mongoose.o
 .text.mg_tls_verify_cert_san
                0x08019e04      0x100 ./mongoose/mongoose.o
 .text.mg_tls_verify_cert_signature
                0x08019f04      0x318 ./mongoose/mongoose.o
 .text.mg_tls_client_recv_cert
                0x0801a21c      0x4fc ./mongoose/mongoose.o
 .text.mg_tls_client_recv_cert_verify
                0x0801a718      0x450 ./mongoose/mongoose.o
 .text.mg_tls_client_recv_finish
                0x0801ab68       0x60 ./mongoose/mongoose.o
 .text.mg_tls_client_send_finish
                0x0801abc8       0x80 ./mongoose/mongoose.o
 .text.mg_tls_client_handshake
                0x0801ac48      0x21c ./mongoose/mongoose.o
 .text.mg_tls_server_handshake
                0x0801ae64       0xa0 ./mongoose/mongoose.o
 .text.mg_tls_handshake
                0x0801af04       0x66 ./mongoose/mongoose.o
                0x0801af04                mg_tls_handshake
 *fill*         0x0801af6a        0x2 
 .text.mg_parse_pem
                0x0801af6c      0x140 ./mongoose/mongoose.o
 .text.mg_tls_init
                0x0801b0ac      0x2f8 ./mongoose/mongoose.o
                0x0801b0ac                mg_tls_init
 .text.mg_tls_free
                0x0801b3a4       0x54 ./mongoose/mongoose.o
                0x0801b3a4                mg_tls_free
 .text.mg_tls_send
                0x0801b3f8      0x148 ./mongoose/mongoose.o
                0x0801b3f8                mg_tls_send
 .text.mg_tls_recv
                0x0801b540       0xa8 ./mongoose/mongoose.o
                0x0801b540                mg_tls_recv
 .text.mg_tls_pending
                0x0801b5e8       0x2a ./mongoose/mongoose.o
                0x0801b5e8                mg_tls_pending
 .text.mg_tls_flush
                0x0801b612       0x48 ./mongoose/mongoose.o
                0x0801b612                mg_tls_flush
 .text.mg_tls_ctx_init
                0x0801b65a       0x14 ./mongoose/mongoose.o
                0x0801b65a                mg_tls_ctx_init
 *fill*         0x0801b66e        0x2 
 .text.initialize_state
                0x0801b670       0xd0 ./mongoose/mongoose.o
 .text.core_block
                0x0801b740      0x4a4 ./mongoose/mongoose.o
 .text.xor_block
                0x0801bbe4      0x116 ./mongoose/mongoose.o
 .text.chacha20_xor_stream
                0x0801bcfa       0xf0 ./mongoose/mongoose.o
 .text.rfc8439_keygen
                0x0801bdea       0x40 ./mongoose/mongoose.o
 .text.U8TO32   0x0801be2a       0x38 ./mongoose/mongoose.o
 .text.U32TO8   0x0801be62       0x42 ./mongoose/mongoose.o
 .text.poly1305_init
                0x0801bea4       0xf8 ./mongoose/mongoose.o
 .text.poly1305_blocks
                0x0801bf9c      0xe06 ./mongoose/mongoose.o
 .text.poly1305_finish
                0x0801cda2      0x4b8 ./mongoose/mongoose.o
 .text.poly1305_update
                0x0801d25a      0x106 ./mongoose/mongoose.o
 .text.pad_if_needed
                0x0801d360       0x34 ./mongoose/mongoose.o
 .text.write_64bit_int
                0x0801d394       0xbe ./mongoose/mongoose.o
 .text.poly1305_calculate_mac
                0x0801d452       0xcc ./mongoose/mongoose.o
 .text.mg_chacha20_poly1305_encrypt
                0x0801d51e       0x70 ./mongoose/mongoose.o
                0x0801d51e                mg_chacha20_poly1305_encrypt
 .text.mg_chacha20_poly1305_decrypt
                0x0801d58e       0x54 ./mongoose/mongoose.o
                0x0801d58e                mg_chacha20_poly1305_decrypt
 .text.bi_initialize
                0x0801d5e2       0x4a ./mongoose/mongoose.o
 .text.bi_copy  0x0801d62c       0x30 ./mongoose/mongoose.o
 .text.bi_permanent
                0x0801d65c       0x28 ./mongoose/mongoose.o
 .text.bi_depermanent
                0x0801d684       0x28 ./mongoose/mongoose.o
 .text.bi_free  0x0801d6ac       0x64 ./mongoose/mongoose.o
 .text.int_to_bi
                0x0801d710       0x26 ./mongoose/mongoose.o
 .text.bi_clone
                0x0801d736       0x3a ./mongoose/mongoose.o
 .text.bi_add   0x0801d770       0xba ./mongoose/mongoose.o
 .text.bi_subtract
                0x0801d82a       0xb0 ./mongoose/mongoose.o
 .text.bi_int_multiply
                0x0801d8da      0x106 ./mongoose/mongoose.o
 .text.bi_divide
                0x0801d9e0      0x46c ./mongoose/mongoose.o
 .text.bi_int_divide
                0x0801de4c       0xb2 ./mongoose/mongoose.o
 .text.bi_import
                0x0801defe       0xa2 ./mongoose/mongoose.o
 .text.bi_export
                0x0801dfa0       0xa0 ./mongoose/mongoose.o
 .text.bi_set_mod
                0x0801e040       0x94 ./mongoose/mongoose.o
 .text.regular_multiply
                0x0801e0d4      0x19c ./mongoose/mongoose.o
 .text.bi_multiply
                0x0801e270       0x26 ./mongoose/mongoose.o
 .text.bi_compare
                0x0801e296       0xaa ./mongoose/mongoose.o
 .text.more_comps
                0x0801e340       0xb8 ./mongoose/mongoose.o
 .text.alloc    0x0801e3f8       0x90 ./mongoose/mongoose.o
 .text.find_max_exp_index
                0x0801e488       0x66 ./mongoose/mongoose.o
 .text.exp_bit_is_one
                0x0801e4ee       0x6c ./mongoose/mongoose.o
 .text.trim     0x0801e55a       0x50 ./mongoose/mongoose.o
 .text.bi_mod_power
                0x0801e5aa      0x1d8 ./mongoose/mongoose.o
 .text.mg_rsa_mod_pow
                0x0801e782       0x8a ./mongoose/mongoose.o
                0x0801e782                mg_rsa_mod_pow
 .text.mg_uecc_vli_clear
                0x0801e80c       0x42 ./mongoose/mongoose.o
 .text.mg_uecc_vli_isZero
                0x0801e84e       0x54 ./mongoose/mongoose.o
 .text.mg_uecc_vli_testBit
                0x0801e8a2       0x36 ./mongoose/mongoose.o
 .text.vli_numDigits
                0x0801e8d8       0x4a ./mongoose/mongoose.o
 .text.mg_uecc_vli_numBits
                0x0801e922       0x72 ./mongoose/mongoose.o
 .text.mg_uecc_vli_set
                0x0801e994       0x4e ./mongoose/mongoose.o
 .text.mg_uecc_vli_cmp_unsafe
                0x0801e9e2       0x78 ./mongoose/mongoose.o
 .text.mg_uecc_vli_equal
                0x0801ea5a       0x64 ./mongoose/mongoose.o
 .text.mg_uecc_vli_cmp
                0x0801eabe       0x62 ./mongoose/mongoose.o
 .text.mg_uecc_vli_rshift1
                0x0801eb20       0x54 ./mongoose/mongoose.o
 .text.mg_uecc_vli_add
                0x0801eb74       0x94 ./mongoose/mongoose.o
 .text.mg_uecc_vli_sub
                0x0801ec08       0x94 ./mongoose/mongoose.o
 .text.muladd   0x0801ec9c       0xd4 ./mongoose/mongoose.o
 .text.mg_uecc_vli_mult
                0x0801ed70      0x140 ./mongoose/mongoose.o
 .text.mg_uecc_vli_modAdd
                0x0801eeb0       0x4e ./mongoose/mongoose.o
 .text.mg_uecc_vli_modSub
                0x0801eefe       0x3a ./mongoose/mongoose.o
 .text.mg_uecc_vli_mmod
                0x0801ef38      0x278 ./mongoose/mongoose.o
 .text.mg_uecc_vli_modMult
                0x0801f1b0       0x36 ./mongoose/mongoose.o
 .text.mg_uecc_vli_modMult_fast
                0x0801f1e6       0x38 ./mongoose/mongoose.o
 .text.mg_uecc_vli_modSquare_fast
                0x0801f21e       0x20 ./mongoose/mongoose.o
 .text.vli_modInv_update
                0x0801f23e       0x70 ./mongoose/mongoose.o
 .text.mg_uecc_vli_modInv
                0x0801f2ae      0x1f2 ./mongoose/mongoose.o
 .text.double_jacobian_default
                0x0801f4a0      0x1fe ./mongoose/mongoose.o
 .text.x_side_default
                0x0801f69e       0x76 ./mongoose/mongoose.o
 .text.mod_sqrt_default
                0x0801f714       0xca ./mongoose/mongoose.o
 *fill*         0x0801f7de        0x2 
 .text.mg_uecc_secp256r1
                0x0801f7e0       0x14 ./mongoose/mongoose.o
                0x0801f7e0                mg_uecc_secp256r1
 .text.vli_mmod_fast_secp256r1
                0x0801f7f4      0x2b4 ./mongoose/mongoose.o
 .text.apply_z  0x0801faa8       0x50 ./mongoose/mongoose.o
 .text.XYcZ_initial_double
                0x0801faf8       0x94 ./mongoose/mongoose.o
 .text.XYcZ_add
                0x0801fb8c      0x134 ./mongoose/mongoose.o
 .text.XYcZ_addC
                0x0801fcc0      0x1e2 ./mongoose/mongoose.o
 .text.EccPoint_mult
                0x0801fea2      0x2c2 ./mongoose/mongoose.o
 .text.regularize_k
                0x08020164       0x82 ./mongoose/mongoose.o
 *fill*         0x080201e6        0x2 
 .text.mg_uecc_generate_random_int
                0x080201e8       0xd4 ./mongoose/mongoose.o
 .text.mg_uecc_vli_nativeToBytes
                0x080202bc       0x5a ./mongoose/mongoose.o
 .text.mg_uecc_vli_bytesToNative
                0x08020316       0x78 ./mongoose/mongoose.o
 .text.bits2int
                0x0802038e       0xe4 ./mongoose/mongoose.o
 *fill*         0x08020472        0x2 
 .text.mg_uecc_sign_with_k_internal
                0x08020474      0x2d8 ./mongoose/mongoose.o
 .text.HMAC_init
                0x0802074c       0x7e ./mongoose/mongoose.o
 .text.HMAC_update
                0x080207ca       0x20 ./mongoose/mongoose.o
 .text.HMAC_finish
                0x080207ea       0xa2 ./mongoose/mongoose.o
 .text.update_V
                0x0802088c       0x34 ./mongoose/mongoose.o
 .text.mg_uecc_sign_deterministic
                0x080208c0      0x22c ./mongoose/mongoose.o
                0x080208c0                mg_uecc_sign_deterministic
 .text.smax     0x08020aec       0x2c ./mongoose/mongoose.o
 .text.mg_uecc_verify
                0x08020b18      0x598 ./mongoose/mongoose.o
                0x08020b18                mg_uecc_verify
 .text.umaal    0x080210b0       0x9c ./mongoose/mongoose.o
 .text.adc      0x0802114c       0x6e ./mongoose/mongoose.o
 .text.adc0     0x080211ba       0x4c ./mongoose/mongoose.o
 .text.propagate
                0x08021206       0x74 ./mongoose/mongoose.o
 .text.add      0x0802127a       0x60 ./mongoose/mongoose.o
 .text.sub      0x080212da       0xa2 ./mongoose/mongoose.o
 .text.mul      0x0802137c       0xfa ./mongoose/mongoose.o
 .text.sqr      0x08021476       0x1e ./mongoose/mongoose.o
 .text.mul1     0x08021494       0x1e ./mongoose/mongoose.o
 .text.sqr1     0x080214b2       0x18 ./mongoose/mongoose.o
 .text.condswap
                0x080214ca       0x78 ./mongoose/mongoose.o
 .text.canon    0x08021542       0xe4 ./mongoose/mongoose.o
 *fill*         0x08021626        0x2 
 .text.ladder_part1
                0x08021628       0xa8 ./mongoose/mongoose.o
 .text.ladder_part2
                0x080216d0       0x5c ./mongoose/mongoose.o
 .text.x25519_core
                0x0802172c      0x15c ./mongoose/mongoose.o
 .text.mg_tls_x25519
                0x08021888      0x198 ./mongoose/mongoose.o
                0x08021888                mg_tls_x25519
 .text.mg_url_is_ssl
                0x08021a20       0x90 ./mongoose/mongoose.o
                0x08021a20                mg_url_is_ssl
 .text.urlparse
                0x08021ab0      0x102 ./mongoose/mongoose.o
 .text.mg_url_host
                0x08021bb2       0x66 ./mongoose/mongoose.o
                0x08021bb2                mg_url_host
 .text.mg_url_port
                0x08021c18       0xc8 ./mongoose/mongoose.o
                0x08021c18                mg_url_port
 .text.mg_bzero
                0x08021ce0       0x32 ./mongoose/mongoose.o
                0x08021ce0                mg_bzero
 *fill*         0x08021d12        0x2 
 .text.mg_random_str
                0x08021d14       0x8c ./mongoose/mongoose.o
                0x08021d14                mg_random_str
 .text.mg_crc32
                0x08021da0       0x74 ./mongoose/mongoose.o
                0x08021da0                mg_crc32
 .text.mg_path_is_sane
                0x08021e14       0x8c ./mongoose/mongoose.o
                0x08021e14                mg_path_is_sane
 .text.mg_ntohs
                0x08021ea0       0x2e ./mongoose/mongoose.o
                0x08021ea0                mg_ntohs
 .text.mg_ntohl
                0x08021ece       0x36 ./mongoose/mongoose.o
                0x08021ece                mg_ntohl
 .text.ws_handshake
                0x08021f04       0xc8 ./mongoose/mongoose.o
 .text.be32     0x08021fcc       0x38 ./mongoose/mongoose.o
 .text.ws_process
                0x08022004      0x150 ./mongoose/mongoose.o
 .text.mkhdr    0x08022154       0xe2 ./mongoose/mongoose.o
 .text.mg_ws_mask
                0x08022236       0x78 ./mongoose/mongoose.o
 *fill*         0x080222ae        0x2 
 .text.mg_ws_send
                0x080222b0       0xb4 ./mongoose/mongoose.o
                0x080222b0                mg_ws_send
 .text.mg_ws_client_handshake
                0x08022364      0x12c ./mongoose/mongoose.o
 .text.mg_ws_cb
                0x08022490      0x2b8 ./mongoose/mongoose.o
 .text.mg_ws_upgrade
                0x08022748       0xb4 ./mongoose/mongoose.o
                0x08022748                mg_ws_upgrade
 .text.mg_phy_id_to_str
                0x080227fc      0x114 ./mongoose/mongoose.o
 .text.mg_phy_init
                0x08022910      0x170 ./mongoose/mongoose.o
                0x08022910                mg_phy_init
 .text.mg_phy_up
                0x08022a80      0x22a ./mongoose/mongoose.o
                0x08022a80                mg_phy_up
 *fill*         0x08022caa        0x2 
 .text.eth_read_phy
                0x08022cac       0x74 ./mongoose/mongoose.o
 .text.eth_write_phy
                0x08022d20       0x78 ./mongoose/mongoose.o
 .text.mg_tcpip_driver_stm32h_init
                0x08022d98      0x270 ./mongoose/mongoose.o
 .text.mg_tcpip_driver_stm32h_tx
                0x08023008      0x1b8 ./mongoose/mongoose.o
 .text.mg_tcpip_driver_stm32h_update_hash_table
                0x080231c0       0x64 ./mongoose/mongoose.o
 .text.mg_tcpip_driver_stm32h_poll
                0x08023224      0x124 ./mongoose/mongoose.o
 .text.ETH_IRQHandler
                0x08023348      0x120 ./mongoose/mongoose.o
                0x08023348                ETH_IRQHandler
 .text.scmp     0x08023468       0x44 ./mongoose/mongoose_fs.o
 .text.mg_unlist
                0x080234ac       0x28 ./mongoose/mongoose_fs.o
                0x080234ac                mg_unlist
 .text.mg_unpack
                0x080234d4       0x6c ./mongoose/mongoose_fs.o
                0x080234d4                mg_unpack
 .text.glue_modbus_read_reg
                0x08023540       0x9c ./mongoose/mongoose_glue.o
                0x08023540                glue_modbus_read_reg
 .text.glue_modbus_write_reg
                0x080235dc       0x9c ./mongoose/mongoose_glue.o
                0x080235dc                glue_modbus_write_reg
 .text.glue_get_local_reg
                0x08023678       0x50 ./mongoose/mongoose_glue.o
                0x08023678                glue_get_local_reg
 .text.glue_authenticate
                0x080236c8       0x64 ./mongoose/mongoose_glue.o
                0x080236c8                glue_authenticate
 .text.glue_check_reboot
                0x0802372c       0x24 ./mongoose/mongoose_glue.o
                0x0802372c                glue_check_reboot
 .text.glue_start_reboot
                0x08023750       0x60 ./mongoose/mongoose_glue.o
                0x08023750                glue_start_reboot
 .text.glue_check_reformat
                0x080237b0       0x24 ./mongoose/mongoose_glue.o
                0x080237b0                glue_check_reformat
 .text.glue_start_reformat
                0x080237d4       0x60 ./mongoose/mongoose_glue.o
                0x080237d4                glue_start_reformat
 .text.glue_ota_begin_firmware_update
                0x08023834       0x58 ./mongoose/mongoose_glue.o
                0x08023834                glue_ota_begin_firmware_update
 .text.glue_ota_end_firmware_update
                0x0802388c       0x34 ./mongoose/mongoose_glue.o
                0x0802388c                glue_ota_end_firmware_update
 .text.glue_ota_write_firmware_update
                0x080238c0       0x50 ./mongoose/mongoose_glue.o
                0x080238c0                glue_ota_write_firmware_update
 .text.glue_upload_open_file_upload
                0x08023910       0x84 ./mongoose/mongoose_glue.o
                0x08023910                glue_upload_open_file_upload
 .text.glue_upload_close_file_upload
                0x08023994       0x40 ./mongoose/mongoose_glue.o
                0x08023994                glue_upload_close_file_upload
 .text.glue_upload_write_file_upload
                0x080239d4       0x48 ./mongoose/mongoose_glue.o
                0x080239d4                glue_upload_write_file_upload
 .text.glue_reply_graph_data
                0x08023a1c       0x38 ./mongoose/mongoose_glue.o
                0x08023a1c                glue_reply_graph_data
 .text.glue_get_state
                0x08023a54       0x6c ./mongoose/mongoose_glue.o
                0x08023a54                glue_get_state
 .text.glue_get_leds
                0x08023ac0       0x74 ./mongoose/mongoose_glue.o
                0x08023ac0                glue_get_leds
 .text.glue_set_leds
                0x08023b34       0x54 ./mongoose/mongoose_glue.o
                0x08023b34                glue_set_leds
 .text.glue_get_network_settings
                0x08023b88       0x48 ./mongoose/mongoose_glue.o
                0x08023b88                glue_get_network_settings
 .text.glue_set_network_settings
                0x08023bd0       0x48 ./mongoose/mongoose_glue.o
                0x08023bd0                glue_set_network_settings
 .text.glue_get_settings
                0x08023c18       0x24 ./mongoose/mongoose_glue.o
                0x08023c18                glue_get_settings
 .text.glue_set_settings
                0x08023c3c       0x24 ./mongoose/mongoose_glue.o
                0x08023c3c                glue_set_settings
 .text.glue_get_security
                0x08023c60       0x24 ./mongoose/mongoose_glue.o
                0x08023c60                glue_get_security
 .text.glue_set_security
                0x08023c84       0x24 ./mongoose/mongoose_glue.o
                0x08023c84                glue_set_security
 .text.glue_reply_loglevels
                0x08023ca8       0x38 ./mongoose/mongoose_glue.o
                0x08023ca8                glue_reply_loglevels
 .text.glue_reply_events
                0x08023ce0       0x38 ./mongoose/mongoose_glue.o
                0x08023ce0                glue_reply_events
 .text.get_api_handler
                0x08023d18       0x9c ./mongoose/mongoose_impl.o
 .text.find_handler
                0x08023db4       0x58 ./mongoose/mongoose_impl.o
 .text.mg_json_get_str2
                0x08023e0c       0x58 ./mongoose/mongoose_impl.o
                0x08023e0c                mg_json_get_str2
 .text.authenticate
                0x08023e64      0x1c8 ./mongoose/mongoose_impl.o
 .text.handle_login
                0x0802402c       0xdc ./mongoose/mongoose_impl.o
 .text.handle_logout
                0x08024108       0x70 ./mongoose/mongoose_impl.o
 .text.close_uploaded_file
                0x08024178       0x42 ./mongoose/mongoose_impl.o
 *fill*         0x080241ba        0x2 
 .text.file_closer
                0x080241bc       0x48 ./mongoose/mongoose_impl.o
 .text.file_writer
                0x08024204       0x68 ./mongoose/mongoose_impl.o
 .text.upload_handler
                0x0802426c      0x1b4 ./mongoose/mongoose_impl.o
 .text.get_file_name_from_uri
                0x08024420       0x60 ./mongoose/mongoose_impl.o
 .text.prep_upload
                0x08024480      0x108 ./mongoose/mongoose_impl.o
 .text.handle_uploads
                0x08024588       0xe4 ./mongoose/mongoose_impl.o
 .text.handle_action
                0x0802466c       0x88 ./mongoose/mongoose_impl.o
 .text.print_struct
                0x080246f4      0x210 ./mongoose/mongoose_impl.o
                0x080246f4                print_struct
 .text.handle_object
                0x08024904      0x238 ./mongoose/mongoose_impl.o
 .text.print_array
                0x08024b3c      0x108 ./mongoose/mongoose_impl.o
 .text.handle_array
                0x08024c44       0xfc ./mongoose/mongoose_impl.o
 .text.handle_file
                0x08024d40       0x32 ./mongoose/mongoose_impl.o
 *fill*         0x08024d72        0x2 
 .text.handle_api_call
                0x08024d74       0xfc ./mongoose/mongoose_impl.o
 .text.glue_update_state
                0x08024e70       0x1c ./mongoose/mongoose_impl.o
                0x08024e70                glue_update_state
 .text.http_ev_handler
                0x08024e8c      0x46c ./mongoose/mongoose_impl.o
 .text.send_websocket_data
                0x080252f8       0xc4 ./mongoose/mongoose_impl.o
 .text.handle_modbus_pdu
                0x080253bc      0x4a0 ./mongoose/mongoose_impl.o
 .text.modbus_ev_handler
                0x0802585c       0xa0 ./mongoose/mongoose_impl.o
 .text.mongoose_init
                0x080258fc       0xc4 ./mongoose/mongoose_impl.o
                0x080258fc                mongoose_init
 .text.mongoose_poll
                0x080259c0       0x18 ./mongoose/mongoose_impl.o
                0x080259c0                mongoose_poll
 .text.abort    0x080259d8        0xe C:/ST/STM32CubeIDE_1.18.1/STM32CubeIDE/plugins/com.st.stm32cube.ide.mcu.externaltools.gnu-tools-for-stm32.13.3.rel1.win32_1.0.0.202411081344/tools/bin/../lib/gcc/arm-none-eabi/13.3.1/../../../../arm-none-eabi/lib/thumb/v7e-m+dp/hard\libc_nano.a(libc_a-abort.o)
                0x080259d8                abort
 *fill*         0x080259e6        0x2 
 .text.__assert_func
                0x080259e8       0x3c C:/ST/STM32CubeIDE_1.18.1/STM32CubeIDE/plugins/com.st.stm32cube.ide.mcu.externaltools.gnu-tools-for-stm32.13.3.rel1.win32_1.0.0.202411081344/tools/bin/../lib/gcc/arm-none-eabi/13.3.1/../../../../arm-none-eabi/lib/thumb/v7e-m+dp/hard\libc_nano.a(libc_a-assert.o)
                0x080259e8                __assert_func
 .text.atof     0x08025a24        0x6 C:/ST/STM32CubeIDE_1.18.1/STM32CubeIDE/plugins/com.st.stm32cube.ide.mcu.externaltools.gnu-tools-for-stm32.13.3.rel1.win32_1.0.0.202411081344/tools/bin/../lib/gcc/arm-none-eabi/13.3.1/../../../../arm-none-eabi/lib/thumb/v7e-m+dp/hard\libc_nano.a(libc_a-atof.o)
                0x08025a24                atof
 .text.atoi     0x08025a2a        0x8 C:/ST/STM32CubeIDE_1.18.1/STM32CubeIDE/plugins/com.st.stm32cube.ide.mcu.externaltools.gnu-tools-for-stm32.13.3.rel1.win32_1.0.0.202411081344/tools/bin/../lib/gcc/arm-none-eabi/13.3.1/../../../../arm-none-eabi/lib/thumb/v7e-m+dp/hard\libc_nano.a(libc_a-atoi.o)
                0x08025a2a                atoi
 *fill*         0x08025a32        0x2 
 .text.calloc   0x08025a34       0x10 C:/ST/STM32CubeIDE_1.18.1/STM32CubeIDE/plugins/com.st.stm32cube.ide.mcu.externaltools.gnu-tools-for-stm32.13.3.rel1.win32_1.0.0.202411081344/tools/bin/../lib/gcc/arm-none-eabi/13.3.1/../../../../arm-none-eabi/lib/thumb/v7e-m+dp/hard\libc_nano.a(libc_a-calloc.o)
                0x08025a34                calloc
 .text._calloc_r
                0x08025a44       0x28 C:/ST/STM32CubeIDE_1.18.1/STM32CubeIDE/plugins/com.st.stm32cube.ide.mcu.externaltools.gnu-tools-for-stm32.13.3.rel1.win32_1.0.0.202411081344/tools/bin/../lib/gcc/arm-none-eabi/13.3.1/../../../../arm-none-eabi/lib/thumb/v7e-m+dp/hard\libc_nano.a(libc_a-callocr.o)
                0x08025a44                _calloc_r
 .text.malloc   0x08025a6c       0x10 C:/ST/STM32CubeIDE_1.18.1/STM32CubeIDE/plugins/com.st.stm32cube.ide.mcu.externaltools.gnu-tools-for-stm32.13.3.rel1.win32_1.0.0.202411081344/tools/bin/../lib/gcc/arm-none-eabi/13.3.1/../../../../arm-none-eabi/lib/thumb/v7e-m+dp/hard\libc_nano.a(libc_a-malloc.o)
                0x08025a6c                malloc
 .text.free     0x08025a7c       0x10 C:/ST/STM32CubeIDE_1.18.1/STM32CubeIDE/plugins/com.st.stm32cube.ide.mcu.externaltools.gnu-tools-for-stm32.13.3.rel1.win32_1.0.0.202411081344/tools/bin/../lib/gcc/arm-none-eabi/13.3.1/../../../../arm-none-eabi/lib/thumb/v7e-m+dp/hard\libc_nano.a(libc_a-malloc.o)
                0x08025a7c                free
 .text.sbrk_aligned
                0x08025a8c       0x44 C:/ST/STM32CubeIDE_1.18.1/STM32CubeIDE/plugins/com.st.stm32cube.ide.mcu.externaltools.gnu-tools-for-stm32.13.3.rel1.win32_1.0.0.202411081344/tools/bin/../lib/gcc/arm-none-eabi/13.3.1/../../../../arm-none-eabi/lib/thumb/v7e-m+dp/hard\libc_nano.a(libc_a-mallocr.o)
 .text._malloc_r
                0x08025ad0      0x100 C:/ST/STM32CubeIDE_1.18.1/STM32CubeIDE/plugins/com.st.stm32cube.ide.mcu.externaltools.gnu-tools-for-stm32.13.3.rel1.win32_1.0.0.202411081344/tools/bin/../lib/gcc/arm-none-eabi/13.3.1/../../../../arm-none-eabi/lib/thumb/v7e-m+dp/hard\libc_nano.a(libc_a-mallocr.o)
                0x08025ad0                _malloc_r
 .text.__malloc_lock
                0x08025bd0        0xc C:/ST/STM32CubeIDE_1.18.1/STM32CubeIDE/plugins/com.st.stm32cube.ide.mcu.externaltools.gnu-tools-for-stm32.13.3.rel1.win32_1.0.0.202411081344/tools/bin/../lib/gcc/arm-none-eabi/13.3.1/../../../../arm-none-eabi/lib/thumb/v7e-m+dp/hard\libc_nano.a(libc_a-mlock.o)
                0x08025bd0                __malloc_lock
 .text.__malloc_unlock
                0x08025bdc        0xc C:/ST/STM32CubeIDE_1.18.1/STM32CubeIDE/plugins/com.st.stm32cube.ide.mcu.externaltools.gnu-tools-for-stm32.13.3.rel1.win32_1.0.0.202411081344/tools/bin/../lib/gcc/arm-none-eabi/13.3.1/../../../../arm-none-eabi/lib/thumb/v7e-m+dp/hard\libc_nano.a(libc_a-mlock.o)
                0x08025bdc                __malloc_unlock
 .text.srand    0x08025be8       0x5c C:/ST/STM32CubeIDE_1.18.1/STM32CubeIDE/plugins/com.st.stm32cube.ide.mcu.externaltools.gnu-tools-for-stm32.13.3.rel1.win32_1.0.0.202411081344/tools/bin/../lib/gcc/arm-none-eabi/13.3.1/../../../../arm-none-eabi/lib/thumb/v7e-m+dp/hard\libc_nano.a(libc_a-rand.o)
                0x08025be8                srand
 .text.sulp     0x08025c44       0x34 C:/ST/STM32CubeIDE_1.18.1/STM32CubeIDE/plugins/com.st.stm32cube.ide.mcu.externaltools.gnu-tools-for-stm32.13.3.rel1.win32_1.0.0.202411081344/tools/bin/../lib/gcc/arm-none-eabi/13.3.1/../../../../arm-none-eabi/lib/thumb/v7e-m+dp/hard\libc_nano.a(libc_a-strtod.o)
 .text._strtod_l
                0x08025c78      0xb34 C:/ST/STM32CubeIDE_1.18.1/STM32CubeIDE/plugins/com.st.stm32cube.ide.mcu.externaltools.gnu-tools-for-stm32.13.3.rel1.win32_1.0.0.202411081344/tools/bin/../lib/gcc/arm-none-eabi/13.3.1/../../../../arm-none-eabi/lib/thumb/v7e-m+dp/hard\libc_nano.a(libc_a-strtod.o)
                0x08025c78                _strtod_l
 .text.strtod   0x080267ac       0x18 C:/ST/STM32CubeIDE_1.18.1/STM32CubeIDE/plugins/com.st.stm32cube.ide.mcu.externaltools.gnu-tools-for-stm32.13.3.rel1.win32_1.0.0.202411081344/tools/bin/../lib/gcc/arm-none-eabi/13.3.1/../../../../arm-none-eabi/lib/thumb/v7e-m+dp/hard\libc_nano.a(libc_a-strtod.o)
                0x080267ac                strtod
 .text._strtol_l.isra.0
                0x080267c4       0xf4 C:/ST/STM32CubeIDE_1.18.1/STM32CubeIDE/plugins/com.st.stm32cube.ide.mcu.externaltools.gnu-tools-for-stm32.13.3.rel1.win32_1.0.0.202411081344/tools/bin/../lib/gcc/arm-none-eabi/13.3.1/../../../../arm-none-eabi/lib/thumb/v7e-m+dp/hard\libc_nano.a(libc_a-strtol.o)
 .text.strtol   0x080268b8       0x14 C:/ST/STM32CubeIDE_1.18.1/STM32CubeIDE/plugins/com.st.stm32cube.ide.mcu.externaltools.gnu-tools-for-stm32.13.3.rel1.win32_1.0.0.202411081344/tools/bin/../lib/gcc/arm-none-eabi/13.3.1/../../../../arm-none-eabi/lib/thumb/v7e-m+dp/hard\libc_nano.a(libc_a-strtol.o)
                0x080268b8                strtol
 .text.__cvt    0x080268cc       0xa8 C:/ST/STM32CubeIDE_1.18.1/STM32CubeIDE/plugins/com.st.stm32cube.ide.mcu.externaltools.gnu-tools-for-stm32.13.3.rel1.win32_1.0.0.202411081344/tools/bin/../lib/gcc/arm-none-eabi/13.3.1/../../../../arm-none-eabi/lib/thumb/v7e-m+dp/hard\libc_nano.a(libc_a-nano-vfprintf_float.o)
                0x080268cc                __cvt
 .text.__exponent
                0x08026974       0x74 C:/ST/STM32CubeIDE_1.18.1/STM32CubeIDE/plugins/com.st.stm32cube.ide.mcu.externaltools.gnu-tools-for-stm32.13.3.rel1.win32_1.0.0.202411081344/tools/bin/../lib/gcc/arm-none-eabi/13.3.1/../../../../arm-none-eabi/lib/thumb/v7e-m+dp/hard\libc_nano.a(libc_a-nano-vfprintf_float.o)
                0x08026974                __exponent
 .text._printf_float
                0x080269e8      0x434 C:/ST/STM32CubeIDE_1.18.1/STM32CubeIDE/plugins/com.st.stm32cube.ide.mcu.externaltools.gnu-tools-for-stm32.13.3.rel1.win32_1.0.0.202411081344/tools/bin/../lib/gcc/arm-none-eabi/13.3.1/../../../../arm-none-eabi/lib/thumb/v7e-m+dp/hard\libc_nano.a(libc_a-nano-vfprintf_float.o)
                0x080269e8                _printf_float
 .text._printf_common
                0x08026e1c       0xda C:/ST/STM32CubeIDE_1.18.1/STM32CubeIDE/plugins/com.st.stm32cube.ide.mcu.externaltools.gnu-tools-for-stm32.13.3.rel1.win32_1.0.0.202411081344/tools/bin/../lib/gcc/arm-none-eabi/13.3.1/../../../../arm-none-eabi/lib/thumb/v7e-m+dp/hard\libc_nano.a(libc_a-nano-vfprintf_i.o)
                0x08026e1c                _printf_common
 *fill*         0x08026ef6        0x2 
 .text._printf_i
                0x08026ef8      0x23c C:/ST/STM32CubeIDE_1.18.1/STM32CubeIDE/plugins/com.st.stm32cube.ide.mcu.externaltools.gnu-tools-for-stm32.13.3.rel1.win32_1.0.0.202411081344/tools/bin/../lib/gcc/arm-none-eabi/13.3.1/../../../../arm-none-eabi/lib/thumb/v7e-m+dp/hard\libc_nano.a(libc_a-nano-vfprintf_i.o)
                0x08026ef8                _printf_i
 .text.__sflush_r
                0x08027134      0x108 C:/ST/STM32CubeIDE_1.18.1/STM32CubeIDE/plugins/com.st.stm32cube.ide.mcu.externaltools.gnu-tools-for-stm32.13.3.rel1.win32_1.0.0.202411081344/tools/bin/../lib/gcc/arm-none-eabi/13.3.1/../../../../arm-none-eabi/lib/thumb/v7e-m+dp/hard\libc_nano.a(libc_a-fflush.o)
                0x08027134                __sflush_r
 .text._fflush_r
                0x0802723c       0x50 C:/ST/STM32CubeIDE_1.18.1/STM32CubeIDE/plugins/com.st.stm32cube.ide.mcu.externaltools.gnu-tools-for-stm32.13.3.rel1.win32_1.0.0.202411081344/tools/bin/../lib/gcc/arm-none-eabi/13.3.1/../../../../arm-none-eabi/lib/thumb/v7e-m+dp/hard\libc_nano.a(libc_a-fflush.o)
                0x0802723c                _fflush_r
 .text.std      0x0802728c       0x6c C:/ST/STM32CubeIDE_1.18.1/STM32CubeIDE/plugins/com.st.stm32cube.ide.mcu.externaltools.gnu-tools-for-stm32.13.3.rel1.win32_1.0.0.202411081344/tools/bin/../lib/gcc/arm-none-eabi/13.3.1/../../../../arm-none-eabi/lib/thumb/v7e-m+dp/hard\libc_nano.a(libc_a-findfp.o)
 .text.stdio_exit_handler
                0x080272f8       0x18 C:/ST/STM32CubeIDE_1.18.1/STM32CubeIDE/plugins/com.st.stm32cube.ide.mcu.externaltools.gnu-tools-for-stm32.13.3.rel1.win32_1.0.0.202411081344/tools/bin/../lib/gcc/arm-none-eabi/13.3.1/../../../../arm-none-eabi/lib/thumb/v7e-m+dp/hard\libc_nano.a(libc_a-findfp.o)
 .text.cleanup_stdio
                0x08027310       0x40 C:/ST/STM32CubeIDE_1.18.1/STM32CubeIDE/plugins/com.st.stm32cube.ide.mcu.externaltools.gnu-tools-for-stm32.13.3.rel1.win32_1.0.0.202411081344/tools/bin/../lib/gcc/arm-none-eabi/13.3.1/../../../../arm-none-eabi/lib/thumb/v7e-m+dp/hard\libc_nano.a(libc_a-findfp.o)
 .text.global_stdio_init.part.0
                0x08027350       0x3c C:/ST/STM32CubeIDE_1.18.1/STM32CubeIDE/plugins/com.st.stm32cube.ide.mcu.externaltools.gnu-tools-for-stm32.13.3.rel1.win32_1.0.0.202411081344/tools/bin/../lib/gcc/arm-none-eabi/13.3.1/../../../../arm-none-eabi/lib/thumb/v7e-m+dp/hard\libc_nano.a(libc_a-findfp.o)
 .text.__sfp_lock_acquire
                0x0802738c        0xc C:/ST/STM32CubeIDE_1.18.1/STM32CubeIDE/plugins/com.st.stm32cube.ide.mcu.externaltools.gnu-tools-for-stm32.13.3.rel1.win32_1.0.0.202411081344/tools/bin/../lib/gcc/arm-none-eabi/13.3.1/../../../../arm-none-eabi/lib/thumb/v7e-m+dp/hard\libc_nano.a(libc_a-findfp.o)
                0x0802738c                __sfp_lock_acquire
 .text.__sfp_lock_release
                0x08027398        0xc C:/ST/STM32CubeIDE_1.18.1/STM32CubeIDE/plugins/com.st.stm32cube.ide.mcu.externaltools.gnu-tools-for-stm32.13.3.rel1.win32_1.0.0.202411081344/tools/bin/../lib/gcc/arm-none-eabi/13.3.1/../../../../arm-none-eabi/lib/thumb/v7e-m+dp/hard\libc_nano.a(libc_a-findfp.o)
                0x08027398                __sfp_lock_release