Archive member included to satisfy reference by file (symbol)

C:/ST/STM32CubeIDE_1.18.1/STM32CubeIDE/plugins/com.st.stm32cube.ide.mcu.externaltools.gnu-tools-for-stm32.13.3.rel1.win32_1.0.0.202411081344/tools/bin/../lib/gcc/arm-none-eabi/13.3.1/../../../../arm-none-eabi/lib/thumb/v7e-m+dp/hard\libc_nano.a(libc_a-abort.o)
                              ./mongoose/mongoose.o (abort)
C:/ST/STM32CubeIDE_1.18.1/STM32CubeIDE/plugins/com.st.stm32cube.ide.mcu.externaltools.gnu-tools-for-stm32.13.3.rel1.win32_1.0.0.202411081344/tools/bin/../lib/gcc/arm-none-eabi/13.3.1/../../../../arm-none-eabi/lib/thumb/v7e-m+dp/hard\libc_nano.a(libc_a-assert.o)
                              ./Core/Src/frozen.o (__assert_func)
C:/ST/STM32CubeIDE_1.18.1/STM32CubeIDE/plugins/com.st.stm32cube.ide.mcu.externaltools.gnu-tools-for-stm32.13.3.rel1.win32_1.0.0.202411081344/tools/bin/../lib/gcc/arm-none-eabi/13.3.1/../../../../arm-none-eabi/lib/thumb/v7e-m+dp/hard\libc_nano.a(libc_a-atof.o)
                              ./Core/Src/main.o (atof)
C:/ST/STM32CubeIDE_1.18.1/STM32CubeIDE/plugins/com.st.stm32cube.ide.mcu.externaltools.gnu-tools-for-stm32.13.3.rel1.win32_1.0.0.202411081344/tools/bin/../lib/gcc/arm-none-eabi/13.3.1/../../../../arm-none-eabi/lib/thumb/v7e-m+dp/hard\libc_nano.a(libc_a-atoi.o)
                              ./Core/Src/frozen.o (atoi)
C:/ST/STM32CubeIDE_1.18.1/STM32CubeIDE/plugins/com.st.stm32cube.ide.mcu.externaltools.gnu-tools-for-stm32.13.3.rel1.win32_1.0.0.202411081344/tools/bin/../lib/gcc/arm-none-eabi/13.3.1/../../../../arm-none-eabi/lib/thumb/v7e-m+dp/hard\libc_nano.a(libc_a-calloc.o)
                              ./mongoose/mongoose.o (calloc)
C:/ST/STM32CubeIDE_1.18.1/STM32CubeIDE/plugins/com.st.stm32cube.ide.mcu.externaltools.gnu-tools-for-stm32.13.3.rel1.win32_1.0.0.202411081344/tools/bin/../lib/gcc/arm-none-eabi/13.3.1/../../../../arm-none-eabi/lib/thumb/v7e-m+dp/hard\libc_nano.a(libc_a-callocr.o)
                              C:/ST/STM32CubeIDE_1.18.1/STM32CubeIDE/plugins/com.st.stm32cube.ide.mcu.externaltools.gnu-tools-for-stm32.13.3.rel1.win32_1.0.0.202411081344/tools/bin/../lib/gcc/arm-none-eabi/13.3.1/../../../../arm-none-eabi/lib/thumb/v7e-m+dp/hard\libc_nano.a(libc_a-calloc.o) (_calloc_r)
C:/ST/STM32CubeIDE_1.18.1/STM32CubeIDE/plugins/com.st.stm32cube.ide.mcu.externaltools.gnu-tools-for-stm32.13.3.rel1.win32_1.0.0.202411081344/tools/bin/../lib/gcc/arm-none-eabi/13.3.1/../../../../arm-none-eabi/lib/thumb/v7e-m+dp/hard\libc_nano.a(libc_a-exit.o)
                              C:/ST/STM32CubeIDE_1.18.1/STM32CubeIDE/plugins/com.st.stm32cube.ide.mcu.externaltools.gnu-tools-for-stm32.13.3.rel1.win32_1.0.0.202411081344/tools/bin/../lib/gcc/arm-none-eabi/13.3.1/../../../../arm-none-eabi/lib/thumb/v7e-m+dp/hard/crt0.o (exit)
C:/ST/STM32CubeIDE_1.18.1/STM32CubeIDE/plugins/com.st.stm32cube.ide.mcu.externaltools.gnu-tools-for-stm32.13.3.rel1.win32_1.0.0.202411081344/tools/bin/../lib/gcc/arm-none-eabi/13.3.1/../../../../arm-none-eabi/lib/thumb/v7e-m+dp/hard\libc_nano.a(libc_a-malloc.o)
                              ./Core/Src/frozen.o (malloc)
C:/ST/STM32CubeIDE_1.18.1/STM32CubeIDE/plugins/com.st.stm32cube.ide.mcu.externaltools.gnu-tools-for-stm32.13.3.rel1.win32_1.0.0.202411081344/tools/bin/../lib/gcc/arm-none-eabi/13.3.1/../../../../arm-none-eabi/lib/thumb/v7e-m+dp/hard\libc_nano.a(libc_a-mallocr.o)
                              C:/ST/STM32CubeIDE_1.18.1/STM32CubeIDE/plugins/com.st.stm32cube.ide.mcu.externaltools.gnu-tools-for-stm32.13.3.rel1.win32_1.0.0.202411081344/tools/bin/../lib/gcc/arm-none-eabi/13.3.1/../../../../arm-none-eabi/lib/thumb/v7e-m+dp/hard\libc_nano.a(libc_a-callocr.o) (_malloc_r)
C:/ST/STM32CubeIDE_1.18.1/STM32CubeIDE/plugins/com.st.stm32cube.ide.mcu.externaltools.gnu-tools-for-stm32.13.3.rel1.win32_1.0.0.202411081344/tools/bin/../lib/gcc/arm-none-eabi/13.3.1/../../../../arm-none-eabi/lib/thumb/v7e-m+dp/hard\libc_nano.a(libc_a-mlock.o)
                              C:/ST/STM32CubeIDE_1.18.1/STM32CubeIDE/plugins/com.st.stm32cube.ide.mcu.externaltools.gnu-tools-for-stm32.13.3.rel1.win32_1.0.0.202411081344/tools/bin/../lib/gcc/arm-none-eabi/13.3.1/../../../../arm-none-eabi/lib/thumb/v7e-m+dp/hard\libc_nano.a(libc_a-mallocr.o) (__malloc_lock)
C:/ST/STM32CubeIDE_1.18.1/STM32CubeIDE/plugins/com.st.stm32cube.ide.mcu.externaltools.gnu-tools-for-stm32.13.3.rel1.win32_1.0.0.202411081344/tools/bin/../lib/gcc/arm-none-eabi/13.3.1/../../../../arm-none-eabi/lib/thumb/v7e-m+dp/hard\libc_nano.a(libc_a-rand.o)
                              ./mongoose/mongoose.o (srand)
C:/ST/STM32CubeIDE_1.18.1/STM32CubeIDE/plugins/com.st.stm32cube.ide.mcu.externaltools.gnu-tools-for-stm32.13.3.rel1.win32_1.0.0.202411081344/tools/bin/../lib/gcc/arm-none-eabi/13.3.1/../../../../arm-none-eabi/lib/thumb/v7e-m+dp/hard\libc_nano.a(libc_a-realloc.o)
                              ./Core/Src/frozen.o (realloc)
[...]
Memory Configuration

Name             Origin             Length             Attributes
ITCMRAM          0x00000000         0x00010000         xrw
DTCMRAM          0x20000000         0x00020000         xrw
FLASH            0x08000000         0x00100000         xr
RAM_D1           0x24000000         0x00050000         xrw
RAM_D2           0x30000000         0x00008000         xrw
RAM_D3           0x38000000         0x00004000         xrw
*default*        0x00000000         0xffffffff

Linker script and memory map

LOAD C:/ST/STM32CubeIDE_1.18.1/STM32CubeIDE/plugins/com.st.stm32cube.ide.mcu.externaltools.gnu-tools-for-stm32.13.3.rel1.win32_1.0.0.202411081344/tools/bin/../lib/gcc/arm-none-eabi/13.3.1/thumb/v7e-m+dp/hard/crti.o
LOAD C:/ST/STM32CubeIDE_1.18.1/STM32CubeIDE/plugins/com.st.stm32cube.ide.mcu.externaltools.gnu-tools-for-stm32.13.3.rel1.win32_1.0.0.202411081344/tools/bin/../lib/gcc/arm-none-eabi/13.3.1/thumb/v7e-m+dp/hard/crtbegin.o
LOAD C:/ST/STM32CubeIDE_1.18.1/STM32CubeIDE/plugins/com.st.stm32cube.ide.mcu.externaltools.gnu-tools-for-stm32.13.3.rel1.win32_1.0.0.202411081344/tools/bin/../lib/gcc/arm-none-eabi/13.3.1/../../../../arm-none-eabi/lib/thumb/v7e-m+dp/hard/crt0.o
LOAD ./Core/Src/frozen.o
LOAD ./Core/Src/main.o
LOAD ./Core/Src/stm32h7xx_hal_msp.o
LOAD ./Core/Src/stm32h7xx_it.o
LOAD ./Core/Src/syscalls.o
LOAD ./Core/Src/sysmem.o
LOAD ./Core/Src/system_stm32h7xx.o
LOAD ./Core/Startup/startup_stm32h723zgtx.o
LOAD ./Drivers/STM32H7xx_HAL_Driver/Src/stm32h7xx_hal.o
LOAD ./Drivers/STM32H7xx_HAL_Driver/Src/stm32h7xx_hal_cortex.o
LOAD ./Drivers/STM32H7xx_HAL_Driver/Src/stm32h7xx_hal_dma.o
LOAD ./Drivers/STM32H7xx_HAL_Driver/Src/stm32h7xx_hal_dma_ex.o
LOAD ./Drivers/STM32H7xx_HAL_Driver/Src/stm32h7xx_hal_eth.o
LOAD ./Drivers/STM32H7xx_HAL_Driver/Src/stm32h7xx_hal_eth_ex.o
LOAD ./Drivers/STM32H7xx_HAL_Driver/Src/stm32h7xx_hal_exti.o
LOAD ./Drivers/STM32H7xx_HAL_Driver/Src/stm32h7xx_hal_flash.o
LOAD ./Drivers/STM32H7xx_HAL_Driver/Src/stm32h7xx_hal_flash_ex.o
LOAD ./Drivers/STM32H7xx_HAL_Driver/Src/stm32h7xx_hal_gpio.o
LOAD ./Drivers/STM32H7xx_HAL_Driver/Src/stm32h7xx_hal_hsem.o
LOAD ./Drivers/STM32H7xx_HAL_Driver/Src/stm32h7xx_hal_i2c.o
LOAD ./Drivers/STM32H7xx_HAL_Driver/Src/stm32h7xx_hal_i2c_ex.o
LOAD ./Drivers/STM32H7xx_HAL_Driver/Src/stm32h7xx_hal_mdma.o
LOAD ./Drivers/STM32H7xx_HAL_Driver/Src/stm32h7xx_hal_pwr.o
LOAD ./Drivers/STM32H7xx_HAL_Driver/Src/stm32h7xx_hal_pwr_ex.o
LOAD ./Drivers/STM32H7xx_HAL_Driver/Src/stm32h7xx_hal_rcc.o
LOAD ./Drivers/STM32H7xx_HAL_Driver/Src/stm32h7xx_hal_rcc_ex.o
LOAD ./Drivers/STM32H7xx_HAL_Driver/Src/stm32h7xx_hal_rng.o
LOAD ./Drivers/STM32H7xx_HAL_Driver/Src/stm32h7xx_hal_rng_ex.o
LOAD ./Drivers/STM32H7xx_HAL_Driver/Src/stm32h7xx_hal_uart.o
LOAD ./Drivers/STM32H7xx_HAL_Driver/Src/stm32h7xx_hal_uart_ex.o
LOAD ./mongoose/mongoose.o
LOAD ./mongoose/mongoose_fs.o
LOAD ./mongoose/mongoose_glue.o
LOAD ./mongoose/mongoose_impl.o
START GROUP
LOAD C:/ST/STM32CubeIDE_1.18.1/STM32CubeIDE/plugins/com.st.stm32cube.ide.mcu.externaltools.gnu-tools-for-stm32.13.3.rel1.win32_1.0.0.202411081344/tools/bin/../lib/gcc/arm-none-eabi/13.3.1/../../../../arm-none-eabi/lib/thumb/v7e-m+dp/hard\libc_nano.a
LOAD C:/ST/STM32CubeIDE_1.18.1/STM32CubeIDE/plugins/com.st.stm32cube.ide.mcu.externaltools.gnu-tools-for-stm32.13.3.rel1.win32_1.0.0.202411081344/tools/bin/../lib/gcc/arm-none-eabi/13.3.1/../../../../arm-none-eabi/lib/thumb/v7e-m+dp/hard\libm.a
END GROUP
START GROUP
LOAD C:/ST/STM32CubeIDE_1.18.1/STM32CubeIDE/plugins/com.st.stm32cube.ide.mcu.externaltools.gnu-tools-for-stm32.13.3.rel1.win32_1.0.0.202411081344/tools/bin/../lib/gcc/arm-none-eabi/13.3.1/thumb/v7e-m+dp/hard\libgcc.a
LOAD C:/ST/STM32CubeIDE_1.18.1/STM32CubeIDE/plugins/com.st.stm32cube.ide.mcu.externaltools.gnu-tools-for-stm32.13.3.rel1.win32_1.0.0.202411081344/tools/bin/../lib/gcc/arm-none-eabi/13.3.1/../../../../arm-none-eabi/lib/thumb/v7e-m+dp/hard\libc_nano.a
END GROUP
START GROUP
LOAD C:/ST/STM32CubeIDE_1.18.1/STM32CubeIDE/plugins/com.st.stm32cube.ide.mcu.externaltools.gnu-tools-for-stm32.13.3.rel1.win32_1.0.0.202411081344/tools/bin/../lib/gcc/arm-none-eabi/13.3.1/thumb/v7e-m+dp/hard\libgcc.a
LOAD C:/ST/STM32CubeIDE_1.18.1/STM32CubeIDE/plugins/com.st.stm32cube.ide.mcu.externaltools.gnu-tools-for-stm32.13.3.rel1.win32_1.0.0.202411081344/tools/bin/../lib/gcc/arm-none-eabi/13.3.1/../../../../arm-none-eabi/lib/thumb/v7e-m+dp/hard\libc_nano.a
LOAD C:/ST/STM32CubeIDE_1.18.1/STM32CubeIDE/plugins/com.st.stm32cube.ide.mcu.externaltools.gnu-tools-for-stm32.13.3.rel1.win32_1.0.0.202411081344/tools/bin/../lib/gcc/arm-none-eabi/13.3.1/../../../../arm-none-eabi/lib/thumb/v7e-m+dp/hard\libnosys.a
END GROUP
START GROUP
LOAD C:/ST/STM32CubeIDE_1.18.1/STM32CubeIDE/plugins/com.st.stm32cube.ide.mcu.externaltools.gnu-tools-for-stm32.13.3.rel1.win32_1.0.0.202411081344/tools/bin/../lib/gcc/arm-none-eabi/13.3.1/thumb/v7e-m+dp/hard\libgcc.a
LOAD C:/ST/STM32CubeIDE_1.18.1/STM32CubeIDE/plugins/com.st.stm32cube.ide.mcu.externaltools.gnu-tools-for-stm32.13.3.rel1.win32_1.0.0.202411081344/tools/bin/../lib/gcc/arm-none-eabi/13.3.1/../../../../arm-none-eabi/lib/thumb/v7e-m+dp/hard\libc_nano.a
LOAD C:/ST/STM32CubeIDE_1.18.1/STM32CubeIDE/plugins/com.st.stm32cube.ide.mcu.externaltools.gnu-tools-for-stm32.13.3.rel1.win32_1.0.0.202411081344/tools/bin/../lib/gcc/arm-none-eabi/13.3.1/../../../../arm-none-eabi/lib/thumb/v7e-m+dp/hard\libnosys.a
END GROUP
LOAD C:/ST/STM32CubeIDE_1.18.1/STM32CubeIDE/plugins/com.st.stm32cube.ide.mcu.externaltools.gnu-tools-for-stm32.13.3.rel1.win32_1.0.0.202411081344/tools/bin/../lib/gcc/arm-none-eabi/13.3.1/thumb/v7e-m+dp/hard/crtend.o
LOAD C:/ST/STM32CubeIDE_1.18.1/STM32CubeIDE/plugins/com.st.stm32cube.ide.mcu.externaltools.gnu-tools-for-stm32.13.3.rel1.win32_1.0.0.202411081344/tools/bin/../lib/gcc/arm-none-eabi/13.3.1/thumb/v7e-m+dp/hard/crtn.o
                0x24050000                        _estack = (ORIGIN (RAM_D1) + LENGTH (RAM_D1))
                0x00000200                        _Min_Heap_Size = 0x200
                0x00000400                        _Min_Stack_Size = 0x400

.isr_vector     0x08000000      0x2cc
                0x08000000                        . = ALIGN (0x4)
 *(.isr_vector)
 .isr_vector    0x08000000      0x2cc ./Core/Startup/startup_stm32h723zgtx.o
                0x08000000                g_pfnVectors
                0x080002cc                        . = ALIGN (0x4)

.text           0x080002d0    0x296b0
                0x080002d0                        . = ALIGN (0x4)
 *(.text)
 .text          0x080002d0       0x40 C:/ST/STM32CubeIDE_1.18.1/STM32CubeIDE/plugins/com.st.stm32cube.ide.mcu.externaltools.gnu-tools-for-stm32.13.3.rel1.win32_1.0.0.202411081344/tools/bin/../lib/gcc/arm-none-eabi/13.3.1/thumb/v7e-m+dp/hard/crtbegin.o
 .text          0x08000310       0x14 C:/ST/STM32CubeIDE_1.18.1/STM32CubeIDE/plugins/com.st.stm32cube.ide.mcu.externaltools.gnu-tools-for-stm32.13.3.rel1.win32_1.0.0.202411081344/tools/bin/../lib/gcc/arm-none-eabi/13.3.1/../../../../arm-none-eabi/lib/thumb/v7e-m+dp/hard\libc_nano.a(libc_a-strcmp.o)
                0x08000310                strcmp
 *fill*         0x08000324        0xc 
 .text          0x08000330       0xa0 C:/ST/STM32CubeIDE_1.18.1/STM32CubeIDE/plugins/com.st.stm32cube.ide.mcu.externaltools.gnu-tools-for-stm32.13.3.rel1.win32_1.0.0.202411081344/tools/bin/../lib/gcc/arm-none-eabi/13.3.1/../../../../arm-none-eabi/lib/thumb/v7e-m+dp/hard\libc_nano.a(libc_a-memchr.o)
                0x08000330                memchr
 .text          0x080003d0       0x10 C:/ST/STM32CubeIDE_1.18.1/STM32CubeIDE/plugins/com.st.stm32cube.ide.mcu.externaltools.gnu-tools-for-stm32.13.3.rel1.win32_1.0.0.202411081344/tools/bin/../lib/gcc/arm-none-eabi/13.3.1/../../../../arm-none-eabi/lib/thumb/v7e-m+dp/hard\libc_nano.a(libc_a-strlen.o)
                0x080003d0                strlen
 .text          0x080003e0      0x378 C:/ST/STM32CubeIDE_1.18.1/STM32CubeIDE/plugins/com.st.stm32cube.ide.mcu.externaltools.gnu-tools-for-stm32.13.3.rel1.win32_1.0.0.202411081344/tools/bin/../lib/gcc/arm-none-eabi/13.3.1/thumb/v7e-m+dp/hard\libgcc.a(_arm_addsubdf3.o)
                0x080003e0                __aeabi_drsub
                0x080003e8                __aeabi_dsub
                0x080003e8                __subdf3
                0x080003ec                __aeabi_dadd
                0x080003ec                __adddf3
                0x08000664                __floatunsidf
                0x08000664                __aeabi_ui2d
                0x08000684                __floatsidf
                0x08000684                __aeabi_i2d
                0x080006a8                __aeabi_f2d
                0x080006a8                __extendsfdf2
                0x080006ec                __floatundidf
                0x080006ec                __aeabi_ul2d
                0x080006fc                __floatdidf
                0x080006fc                __aeabi_l2d
 .text          0x08000758       0x30 C:/ST/STM32CubeIDE_1.18.1/STM32CubeIDE/plugins/com.st.stm32cube.ide.mcu.externaltools.gnu-tools-for-stm32.13.3.rel1.win32_1.0.0.202411081344/tools/bin/../lib/gcc/arm-none-eabi/13.3.1/thumb/v7e-m+dp/hard\libgcc.a(_aeabi_uldivmod.o)
                0x08000758                __aeabi_uldivmod
 .text          0x08000788       0x30 C:/ST/STM32CubeIDE_1.18.1/STM32CubeIDE/plugins/com.st.stm32cube.ide.mcu.externaltools.gnu-tools-for-stm32.13.3.rel1.win32_1.0.0.202411081344/tools/bin/../lib/gcc/arm-none-eabi/13.3.1/thumb/v7e-m+dp/hard\libgcc.a(_fixdfdi.o)
                0x08000788                __fixdfdi
                0x08000788                __aeabi_d2lz
 .text          0x080007b8       0x40 C:/ST/STM32CubeIDE_1.18.1/STM32CubeIDE/plugins/com.st.stm32cube.ide.mcu.externaltools.gnu-tools-for-stm32.13.3.rel1.win32_1.0.0.202411081344/tools/bin/../lib/gcc/arm-none-eabi/13.3.1/thumb/v7e-m+dp/hard\libgcc.a(_fixunsdfdi.o)
                0x080007b8                __fixunsdfdi
                0x080007b8                __aeabi_d2ulz
 .text          0x080007f8      0x2f8 C:/ST/STM32CubeIDE_1.18.1/STM32CubeIDE/plugins/com.st.stm32cube.ide.mcu.externaltools.gnu-tools-for-stm32.13.3.rel1.win32_1.0.0.202411081344/tools/bin/../lib/gcc/arm-none-eabi/13.3.1/thumb/v7e-m+dp/hard\libgcc.a(_udivmoddi4.o)
                0x080007f8                __udivmoddi4
 .text          0x08000af0        0x4 C:/ST/STM32CubeIDE_1.18.1/STM32CubeIDE/plugins/com.st.stm32cube.ide.mcu.externaltools.gnu-tools-for-stm32.13.3.rel1.win32_1.0.0.202411081344/tools/bin/../lib/gcc/arm-none-eabi/13.3.1/thumb/v7e-m+dp/hard\libgcc.a(_dvmd_tls.o)
                0x08000af0                __aeabi_idiv0
                0x08000af0                __aeabi_ldiv0
 *(.text*)
 .text.mg_random
                0x08000af4       0x5c ./Core/Src/main.o
                0x08000af4                mg_random
 .text.mg_millis
                0x08000b50       0x1a ./Core/Src/main.o
                0x08000b50                mg_millis
 *fill*         0x08000b6a        0x2 
 .text._write   0x08000b6c       0x38 ./Core/Src/main.o
                0x08000b6c                _write
 .text.http_event_handler
                0x08000ba4       0xa4 ./Core/Src/main.o
 .text.perform_http_data_read
                0x08000c48       0xa4 ./Core/Src/main.o
                0x08000c48                perform_http_data_read
 .text.wait_for_network_ready
                0x08000cec       0x32 ./Core/Src/main.o
                0x08000cec                wait_for_network_ready
 *fill*         0x08000d1e        0x2 
 .text.collect_plc_data
                0x08000d20      0x100 ./Core/Src/main.o
                0x08000d20                collect_plc_data
 .text.write_snapshot_to_nfc
                0x08000e20      0x340 ./Core/Src/main.o
                0x08000e20                write_snapshot_to_nfc
 .text.mg_str_to_d
                0x08001160       0x48 ./Core/Src/main.o
                0x08001160                mg_str_to_d
 .text.parse_numbers_recursive
                0x080011a8       0xd0 ./Core/Src/main.o
                0x080011a8                parse_numbers_recursive
 .text.parse_and_store_numbers
                0x08001278       0x64 ./Core/Src/main.o
                0x08001278                parse_and_store_numbers
 .text.main     0x080012dc      0x120 ./Core/Src/main.o
                0x080012dc                main
 .text.SystemClock_Config
                0x080013fc       0xe4 ./Core/Src/main.o
                0x080013fc                SystemClock_Config
 .text.MX_ETH_Init
                0x080014e0       0x98 ./Core/Src/main.o
 .text.MX_I2C1_Init
                0x08001578       0x80 ./Core/Src/main.o
 .text.MX_RNG_Init
                0x080015f8       0x2c ./Core/Src/main.o
 .text.MX_USART3_UART_Init
                0x08001624       0x98 ./Core/Src/main.o
 .text.MX_GPIO_Init
                0x080016bc      0x1dc ./Core/Src/main.o
 .text.Error_Handler
                0x08001898        0xc ./Core/Src/main.o
                0x08001898                Error_Handler
 .text.HAL_MspInit
                0x080018a4       0x34 ./Core/Src/stm32h7xx_hal_msp.o
                0x080018a4                HAL_MspInit
 .text.HAL_ETH_MspInit
                0x080018d8      0x1ac ./Core/Src/stm32h7xx_hal_msp.o
                0x080018d8                HAL_ETH_MspInit
 .text.HAL_I2C_MspInit
                0x08001a84       0xd4 ./Core/Src/stm32h7xx_hal_msp.o
                0x08001a84                HAL_I2C_MspInit
 .text.HAL_RNG_MspInit
                0x08001b58       0x74 ./Core/Src/stm32h7xx_hal_msp.o
                0x08001b58                HAL_RNG_MspInit
 .text.HAL_UART_MspInit
                0x08001bcc       0xd4 ./Core/Src/stm32h7xx_hal_msp.o
                0x08001bcc                HAL_UART_MspInit
 .text.NMI_Handler
                0x08001ca0        0x8 ./Core/Src/stm32h7xx_it.o
                0x08001ca0                NMI_Handler
 .text.HardFault_Handler
                0x08001ca8        0x8 ./Core/Src/stm32h7xx_it.o
                0x08001ca8                HardFault_Handler
 .text.MemManage_Handler
                0x08001cb0        0x8 ./Core/Src/stm32h7xx_it.o
                0x08001cb0                MemManage_Handler
 .text.BusFault_Handler
                0x08001cb8        0x8 ./Core/Src/stm32h7xx_it.o
                0x08001cb8                BusFault_Handler
 .text.UsageFault_Handler
                0x08001cc0        0x8 ./Core/Src/stm32h7xx_it.o
                0x08001cc0                UsageFault_Handler
 .text.SVC_Handler
                0x08001cc8        0xe ./Core/Src/stm32h7xx_it.o
                0x08001cc8                SVC_Handler
 .text.DebugMon_Handler
                0x08001cd6        0xe ./Core/Src/stm32h7xx_it.o
                0x08001cd6                DebugMon_Handler
 .text.PendSV_Handler
                0x08001ce4        0xe ./Core/Src/stm32h7xx_it.o
                0x08001ce4                PendSV_Handler
 .text.SysTick_Handler
                0x08001cf2        0xc ./Core/Src/stm32h7xx_it.o
                0x08001cf2                SysTick_Handler
 .text._getpid  0x08001cfe       0x10 ./Core/Src/syscalls.o
                0x08001cfe                _getpid
 .text._kill    0x08001d0e       0x20 ./Core/Src/syscalls.o
                0x08001d0e                _kill
 .text._exit    0x08001d2e       0x16 ./Core/Src/syscalls.o
                0x08001d2e                _exit
 .text._read    0x08001d44       0x3a ./Core/Src/syscalls.o
                0x08001d44                _read
 .text._close   0x08001d7e       0x18 ./Core/Src/syscalls.o
                0x08001d7e                _close
 .text._fstat   0x08001d96       0x20 ./Core/Src/syscalls.o
                0x08001d96                _fstat
 .text._isatty  0x08001db6       0x16 ./Core/Src/syscalls.o
                0x08001db6                _isatty
 .text._lseek   0x08001dcc       0x1a ./Core/Src/syscalls.o
                0x08001dcc                _lseek
 *fill*         0x08001de6        0x2 
 .text._sbrk    0x08001de8       0x6c ./Core/Src/sysmem.o
                0x08001de8                _sbrk
 .text.SystemInit
                0x08001e54       0xf0 ./Core/Src/system_stm32h7xx.o
                0x08001e54                SystemInit
 .text.Reset_Handler
                0x08001f44       0x50 ./Core/Startup/startup_stm32h723zgtx.o
                0x08001f44                Reset_Handler
 .text.Default_Handler
                0x08001f94        0x2 ./Core/Startup/startup_stm32h723zgtx.o
                0x08001f94                RTC_Alarm_IRQHandler
                0x08001f94                EXTI2_IRQHandler
                0x08001f94                TIM8_CC_IRQHandler
                0x08001f94                UART8_IRQHandler
                0x08001f94                SPI4_IRQHandler
                0x08001f94                FDCAN3_IT0_IRQHandler
                0x08001f94                TIM1_CC_IRQHandler
                0x08001f94                BDMA_Channel6_IRQHandler
                0x08001f94                DMA2_Stream5_IRQHandler
                0x08001f94                DMA1_Stream5_IRQHandler
                0x08001f94                CORDIC_IRQHandler
                0x08001f94                BDMA_Channel1_IRQHandler
                0x08001f94                TAMP_STAMP_IRQHandler
                0x08001f94                EXTI3_IRQHandler
                0x08001f94                LPTIM4_IRQHandler
                0x08001f94                TIM8_TRG_COM_TIM14_IRQHandler
                0x08001f94                LPTIM2_IRQHandler
                0x08001f94                DFSDM1_FLT1_IRQHandler
                0x08001f94                DMAMUX2_OVR_IRQHandler
                0x08001f94                TIM8_UP_TIM13_IRQHandler
                0x08001f94                I2C3_ER_IRQHandler
                0x08001f94                DFSDM1_FLT2_IRQHandler
                0x08001f94                I2C5_EV_IRQHandler
                0x08001f94                USART10_IRQHandler
                0x08001f94                MDMA_IRQHandler
                0x08001f94                LPTIM3_IRQHandler
                0x08001f94                HSEM1_IRQHandler
                0x08001f94                EXTI0_IRQHandler
                0x08001f94                I2C2_EV_IRQHandler
                0x08001f94                DMA1_Stream2_IRQHandler
                0x08001f94                FPU_IRQHandler
                0x08001f94                OTG_HS_WKUP_IRQHandler
                0x08001f94                FDCAN1_IT1_IRQHandler
                0x08001f94                LTDC_ER_IRQHandler
                0x08001f94                DMA2_Stream2_IRQHandler
                0x08001f94                SPI1_IRQHandler
                0x08001f94                OCTOSPI1_IRQHandler
                0x08001f94                TIM6_DAC_IRQHandler
                0x08001f94                DMA2_Stream3_IRQHandler
                0x08001f94                OCTOSPI2_IRQHandler
                0x08001f94                DFSDM1_FLT3_IRQHandler
                0x08001f94                TIM23_IRQHandler
                0x08001f94                USART6_IRQHandler
                0x08001f94                TIM17_IRQHandler
                0x08001f94                USART3_IRQHandler
                0x08001f94                BDMA_Channel7_IRQHandler
                0x08001f94                LPTIM5_IRQHandler
                0x08001f94                UART5_IRQHandler
                0x08001f94                ADC3_IRQHandler
                0x08001f94                DMA2_Stream0_IRQHandler
                0x08001f94                TIM4_IRQHandler
                0x08001f94                BDMA_Channel2_IRQHandler
                0x08001f94                I2C1_EV_IRQHandler
                0x08001f94                DMA1_Stream6_IRQHandler
                0x08001f94                DMAMUX1_OVR_IRQHandler
                0x08001f94                DMA1_Stream1_IRQHandler
                0x08001f94                TIM16_IRQHandler
                0x08001f94                UART4_IRQHandler
                0x08001f94                BDMA_Channel5_IRQHandler
                0x08001f94                TIM3_IRQHandler
                0x08001f94                RCC_IRQHandler
                0x08001f94                UART9_IRQHandler
                0x08001f94                TIM8_BRK_TIM12_IRQHandler
                0x08001f94                TIM1_TRG_COM_IRQHandler
                0x08001f94                Default_Handler
                0x08001f94                ECC_IRQHandler
                0x08001f94                FMAC_IRQHandler
                0x08001f94                CEC_IRQHandler
                0x08001f94                EXTI15_10_IRQHandler
                0x08001f94                BDMA_Channel0_IRQHandler
                0x08001f94                ADC_IRQHandler
                0x08001f94                I2C5_ER_IRQHandler
                0x08001f94                DMA1_Stream7_IRQHandler
                0x08001f94                SPI5_IRQHandler
                0x08001f94                TIM7_IRQHandler
                0x08001f94                FDCAN3_IT1_IRQHandler
                0x08001f94                SDMMC1_IRQHandler
                0x08001f94                TIM5_IRQHandler
                0x08001f94                DMA2_Stream7_IRQHandler
                0x08001f94                TIM15_IRQHandler
                0x08001f94                PVD_AVD_IRQHandler
                0x08001f94                I2C3_EV_IRQHandler
                0x08001f94                EXTI9_5_IRQHandler
                0x08001f94                RTC_WKUP_IRQHandler
                0x08001f94                LTDC_IRQHandler
                0x08001f94                ETH_WKUP_IRQHandler
                0x08001f94                SPDIF_RX_IRQHandler
                0x08001f94                SPI2_IRQHandler
                0x08001f94                OTG_HS_EP1_IN_IRQHandler
                0x08001f94                DMA1_Stream0_IRQHandler
                0x08001f94                TIM24_IRQHandler
                0x08001f94                CRS_IRQHandler
                0x08001f94                EXTI4_IRQHandler
                0x08001f94                RNG_IRQHandler
                0x08001f94                FDCAN2_IT1_IRQHandler
                0x08001f94                TIM1_UP_IRQHandler
                0x08001f94                BDMA_Channel4_IRQHandler
                0x08001f94                OTG_HS_EP1_OUT_IRQHandler
                0x08001f94                WWDG_IRQHandler
                0x08001f94                SPI6_IRQHandler
                0x08001f94                MDIOS_IRQHandler
                0x08001f94                I2C4_EV_IRQHandler
                0x08001f94                FDCAN2_IT0_IRQHandler
                0x08001f94                LPUART1_IRQHandler
                0x08001f94                FDCAN1_IT0_IRQHandler
                0x08001f94                TIM2_IRQHandler
                0x08001f94                OTG_HS_IRQHandler
                0x08001f94                DMA2D_IRQHandler
                0x08001f94                TIM1_BRK_IRQHandler
                0x08001f94                EXTI1_IRQHandler
                0x08001f94                SDMMC2_IRQHandler
                0x08001f94                BDMA_Channel3_IRQHandler
                0x08001f94                DTS_IRQHandler
                0x08001f94                UART7_IRQHandler
                0x08001f94                MDIOS_WKUP_IRQHandler
                0x08001f94                USART2_IRQHandler
                0x08001f94                DFSDM1_FLT0_IRQHandler
                0x08001f94                SAI4_IRQHandler
                0x08001f94                I2C2_ER_IRQHandler
                0x08001f94                DMA2_Stream1_IRQHandler
                0x08001f94                FLASH_IRQHandler
                0x08001f94                DMA2_Stream4_IRQHandler
                0x08001f94                USART1_IRQHandler
                0x08001f94                SPI3_IRQHandler
                0x08001f94                WAKEUP_PIN_IRQHandler
                0x08001f94                DMA1_Stream4_IRQHandler
                0x08001f94                I2C1_ER_IRQHandler
                0x08001f94                FMC_IRQHandler
                0x08001f94                FDCAN_CAL_IRQHandler
                0x08001f94                SWPMI1_IRQHandler
                0x08001f94                COMP1_IRQHandler
                0x08001f94                LPTIM1_IRQHandler
                0x08001f94                DCMI_PSSI_IRQHandler
                0x08001f94                I2C4_ER_IRQHandler
                0x08001f94                DMA2_Stream6_IRQHandler
                0x08001f94                SAI1_IRQHandler
                0x08001f94                DMA1_Stream3_IRQHandler
 *fill*         0x08001f96        0x2 
 .text.HAL_Init
                0x08001f98       0x78 ./Drivers/STM32H7xx_HAL_Driver/Src/stm32h7xx_hal.o
                0x08001f98                HAL_Init
 .text.HAL_InitTick
                0x08002010       0x6c ./Drivers/STM32H7xx_HAL_Driver/Src/stm32h7xx_hal.o
                0x08002010                HAL_InitTick
 .text.HAL_IncTick
                0x0800207c       0x28 ./Drivers/STM32H7xx_HAL_Driver/Src/stm32h7xx_hal.o
                0x0800207c                HAL_IncTick
 .text.HAL_GetTick
                0x080020a4       0x18 ./Drivers/STM32H7xx_HAL_Driver/Src/stm32h7xx_hal.o
                0x080020a4                HAL_GetTick
 .text.HAL_Delay
                0x080020bc       0x48 ./Drivers/STM32H7xx_HAL_Driver/Src/stm32h7xx_hal.o
                0x080020bc                HAL_Delay
 .text.HAL_SYSCFG_ETHInterfaceSelect
                0x08002104       0x28 ./Drivers/STM32H7xx_HAL_Driver/Src/stm32h7xx_hal.o
                0x08002104                HAL_SYSCFG_ETHInterfaceSelect
 .text.__NVIC_SetPriorityGrouping
                0x0800212c       0x48 ./Drivers/STM32H7xx_HAL_Driver/Src/stm32h7xx_hal_cortex.o
 .text.__NVIC_GetPriorityGrouping
                0x08002174       0x1c ./Drivers/STM32H7xx_HAL_Driver/Src/stm32h7xx_hal_cortex.o
 .text.__NVIC_EnableIRQ
                0x08002190       0x3c ./Drivers/STM32H7xx_HAL_Driver/Src/stm32h7xx_hal_cortex.o
 .text.__NVIC_SetPriority
                0x080021cc       0x54 ./Drivers/STM32H7xx_HAL_Driver/Src/stm32h7xx_hal_cortex.o
 .text.NVIC_EncodePriority
                0x08002220       0x66 ./Drivers/STM32H7xx_HAL_Driver/Src/stm32h7xx_hal_cortex.o
 *fill*         0x08002286        0x2 
 .text.SysTick_Config
                0x08002288       0x44 ./Drivers/STM32H7xx_HAL_Driver/Src/stm32h7xx_hal_cortex.o
 .text.HAL_NVIC_SetPriorityGrouping
                0x080022cc       0x16 ./Drivers/STM32H7xx_HAL_Driver/Src/stm32h7xx_hal_cortex.o
                0x080022cc                HAL_NVIC_SetPriorityGrouping
 .text.HAL_NVIC_SetPriority
                0x080022e2       0x34 ./Drivers/STM32H7xx_HAL_Driver/Src/stm32h7xx_hal_cortex.o
                0x080022e2                HAL_NVIC_SetPriority
 .text.HAL_NVIC_EnableIRQ
                0x08002316       0x1c ./Drivers/STM32H7xx_HAL_Driver/Src/stm32h7xx_hal_cortex.o
                0x08002316                HAL_NVIC_EnableIRQ
 .text.HAL_SYSTICK_Config
                0x08002332       0x18 ./Drivers/STM32H7xx_HAL_Driver/Src/stm32h7xx_hal_cortex.o
                0x08002332                HAL_SYSTICK_Config
 *fill*         0x0800234a        0x2 
 .text.HAL_ETH_Init
                0x0800234c      0x1fc ./Drivers/STM32H7xx_HAL_Driver/Src/stm32h7xx_hal_eth.o
                0x0800234c                HAL_ETH_Init
 .text.HAL_ETH_SetMDIOClockRange
                0x08002548       0xa0 ./Drivers/STM32H7xx_HAL_Driver/Src/stm32h7xx_hal_eth.o
                0x08002548                HAL_ETH_SetMDIOClockRange
 .text.ETH_SetMACConfig
                0x080025e8      0x238 ./Drivers/STM32H7xx_HAL_Driver/Src/stm32h7xx_hal_eth.o
 .text.ETH_SetDMAConfig
                0x08002820      0x10c ./Drivers/STM32H7xx_HAL_Driver/Src/stm32h7xx_hal_eth.o
 .text.ETH_MACDMAConfig
                0x0800292c      0x13a ./Drivers/STM32H7xx_HAL_Driver/Src/stm32h7xx_hal_eth.o
 .text.ETH_DMATxDescListInit
                0x08002a66       0x92 ./Drivers/STM32H7xx_HAL_Driver/Src/stm32h7xx_hal_eth.o
 .text.ETH_DMARxDescListInit
                0x08002af8       0xba ./Drivers/STM32H7xx_HAL_Driver/Src/stm32h7xx_hal_eth.o
 *fill*         0x08002bb2        0x2 
 .text.HAL_GPIO_Init
                0x08002bb4      0x350 ./Drivers/STM32H7xx_HAL_Driver/Src/stm32h7xx_hal_gpio.o
                0x08002bb4                HAL_GPIO_Init
 .text.HAL_GPIO_ReadPin
                0x08002f04       0x30 ./Drivers/STM32H7xx_HAL_Driver/Src/stm32h7xx_hal_gpio.o
                0x08002f04                HAL_GPIO_ReadPin
 .text.HAL_GPIO_WritePin
                0x08002f34       0x32 ./Drivers/STM32H7xx_HAL_Driver/Src/stm32h7xx_hal_gpio.o
                0x08002f34                HAL_GPIO_WritePin
 *fill*         0x08002f66        0x2 
 .text.HAL_I2C_Init
                0x08002f68      0x138 ./Drivers/STM32H7xx_HAL_Driver/Src/stm32h7xx_hal_i2c.o
                0x08002f68                HAL_I2C_Init
 .text.HAL_I2C_Mem_Write
                0x080030a0      0x228 ./Drivers/STM32H7xx_HAL_Driver/Src/stm32h7xx_hal_i2c.o
                0x080030a0                HAL_I2C_Mem_Write
 .text.I2C_RequestMemoryWrite
                0x080032c8       0xa8 ./Drivers/STM32H7xx_HAL_Driver/Src/stm32h7xx_hal_i2c.o
 .text.I2C_Flush_TXDR
                0x08003370       0x48 ./Drivers/STM32H7xx_HAL_Driver/Src/stm32h7xx_hal_i2c.o
 .text.I2C_WaitOnFlagUntilTimeout
                0x080033b8       0xb2 ./Drivers/STM32H7xx_HAL_Driver/Src/stm32h7xx_hal_i2c.o
 .text.I2C_WaitOnTXISFlagUntilTimeout
                0x0800346a       0x8e ./Drivers/STM32H7xx_HAL_Driver/Src/stm32h7xx_hal_i2c.o
 .text.I2C_WaitOnSTOPFlagUntilTimeout
                0x080034f8       0x86 ./Drivers/STM32H7xx_HAL_Driver/Src/stm32h7xx_hal_i2c.o
 *fill*         0x0800357e        0x2 
 .text.I2C_IsErrorOccurred
                0x08003580      0x1c0 ./Drivers/STM32H7xx_HAL_Driver/Src/stm32h7xx_hal_i2c.o
 .text.I2C_TransferConfig
                0x08003740       0x64 ./Drivers/STM32H7xx_HAL_Driver/Src/stm32h7xx_hal_i2c.o
 .text.HAL_I2CEx_ConfigAnalogFilter
                0x080037a4       0x96 ./Drivers/STM32H7xx_HAL_Driver/Src/stm32h7xx_hal_i2c_ex.o
                0x080037a4                HAL_I2CEx_ConfigAnalogFilter
 .text.HAL_I2CEx_ConfigDigitalFilter
                0x0800383a       0x98 ./Drivers/STM32H7xx_HAL_Driver/Src/stm32h7xx_hal_i2c_ex.o
                0x0800383a                HAL_I2CEx_ConfigDigitalFilter
 *fill*         0x080038d2        0x2 
 .text.HAL_PWREx_ConfigSupply
                0x080038d4       0x74 ./Drivers/STM32H7xx_HAL_Driver/Src/stm32h7xx_hal_pwr_ex.o
                0x080038d4                HAL_PWREx_ConfigSupply
 .text.HAL_RCC_OscConfig
                0x08003948      0x7b4 ./Drivers/STM32H7xx_HAL_Driver/Src/stm32h7xx_hal_rcc.o
                0x08003948                HAL_RCC_OscConfig
 .text.HAL_RCC_ClockConfig
                0x080040fc      0x36c ./Drivers/STM32H7xx_HAL_Driver/Src/stm32h7xx_hal_rcc.o
                0x080040fc                HAL_RCC_ClockConfig
 .text.HAL_RCC_GetSysClockFreq
                0x08004468      0x2f4 ./Drivers/STM32H7xx_HAL_Driver/Src/stm32h7xx_hal_rcc.o
                0x08004468                HAL_RCC_GetSysClockFreq
 .text.HAL_RCC_GetHCLKFreq
                0x0800475c       0x60 ./Drivers/STM32H7xx_HAL_Driver/Src/stm32h7xx_hal_rcc.o
                0x0800475c                HAL_RCC_GetHCLKFreq
 .text.HAL_RCC_GetPCLK1Freq
                0x080047bc       0x2c ./Drivers/STM32H7xx_HAL_Driver/Src/stm32h7xx_hal_rcc.o
                0x080047bc                HAL_RCC_GetPCLK1Freq
 .text.HAL_RCC_GetPCLK2Freq
                0x080047e8       0x2c ./Drivers/STM32H7xx_HAL_Driver/Src/stm32h7xx_hal_rcc.o
                0x080047e8                HAL_RCC_GetPCLK2Freq
 .text.HAL_RCCEx_PeriphCLKConfig
                0x08004814     0x1340 ./Drivers/STM32H7xx_HAL_Driver/Src/stm32h7xx_hal_rcc_ex.o
                0x08004814                HAL_RCCEx_PeriphCLKConfig
 .text.HAL_RCCEx_GetD3PCLK1Freq
                0x08005b54       0x2c ./Drivers/STM32H7xx_HAL_Driver/Src/stm32h7xx_hal_rcc_ex.o
                0x08005b54                HAL_RCCEx_GetD3PCLK1Freq
 .text.HAL_RCCEx_GetPLL2ClockFreq
                0x08005b80      0x2a8 ./Drivers/STM32H7xx_HAL_Driver/Src/stm32h7xx_hal_rcc_ex.o
                0x08005b80                HAL_RCCEx_GetPLL2ClockFreq
 .text.HAL_RCCEx_GetPLL3ClockFreq
                0x08005e28      0x2a8 ./Drivers/STM32H7xx_HAL_Driver/Src/stm32h7xx_hal_rcc_ex.o
                0x08005e28                HAL_RCCEx_GetPLL3ClockFreq
 .text.RCCEx_PLL2_Config
                0x080060d0      0x164 ./Drivers/STM32H7xx_HAL_Driver/Src/stm32h7xx_hal_rcc_ex.o
 .text.RCCEx_PLL3_Config
                0x08006234      0x164 ./Drivers/STM32H7xx_HAL_Driver/Src/stm32h7xx_hal_rcc_ex.o
 .text.HAL_RNG_Init
                0x08006398      0x148 ./Drivers/STM32H7xx_HAL_Driver/Src/stm32h7xx_hal_rng.o
                0x08006398                HAL_RNG_Init
 .text.HAL_RNG_GenerateRandomNumber
                0x080064e0       0xf4 ./Drivers/STM32H7xx_HAL_Driver/Src/stm32h7xx_hal_rng.o
                0x080064e0                HAL_RNG_GenerateRandomNumber
 .text.HAL_RNG_ErrorCallback
                0x080065d4       0x14 ./Drivers/STM32H7xx_HAL_Driver/Src/stm32h7xx_hal_rng.o
                0x080065d4                HAL_RNG_ErrorCallback
 .text.RNG_RecoverSeedError
                0x080065e8      0x102 ./Drivers/STM32H7xx_HAL_Driver/Src/stm32h7xx_hal_rng.o
                0x080065e8                RNG_RecoverSeedError
 .text.HAL_UART_Init
                0x080066ea       0xa0 ./Drivers/STM32H7xx_HAL_Driver/Src/stm32h7xx_hal_uart.o
                0x080066ea                HAL_UART_Init
 .text.HAL_UART_Transmit
                0x0800678a      0x11c ./Drivers/STM32H7xx_HAL_Driver/Src/stm32h7xx_hal_uart.o
                0x0800678a                HAL_UART_Transmit
 *fill*         0x080068a6        0x2 
 .text.UART_SetConfig
                0x080068a8      0xcd8 ./Drivers/STM32H7xx_HAL_Driver/Src/stm32h7xx_hal_uart.o
                0x080068a8                UART_SetConfig
 .text.UART_AdvFeatureConfig
                0x08007580      0x144 ./Drivers/STM32H7xx_HAL_Driver/Src/stm32h7xx_hal_uart.o
                0x08007580                UART_AdvFeatureConfig
 .text.UART_CheckIdleState
                0x080076c4      0x154 ./Drivers/STM32H7xx_HAL_Driver/Src/stm32h7xx_hal_uart.o
                0x080076c4                UART_CheckIdleState
 .text.UART_WaitOnFlagUntilTimeout
                0x08007818       0xda ./Drivers/STM32H7xx_HAL_Driver/Src/stm32h7xx_hal_uart.o
                0x08007818                UART_WaitOnFlagUntilTimeout
 *fill*         0x080078f2        0x2 
 .text.UART_EndRxTransfer
                0x080078f4       0xcc ./Drivers/STM32H7xx_HAL_Driver/Src/stm32h7xx_hal_uart.o
 .text.HAL_UARTEx_DisableFifoMode
                0x080079c0       0x72 ./Drivers/STM32H7xx_HAL_Driver/Src/stm32h7xx_hal_uart_ex.o
                0x080079c0                HAL_UARTEx_DisableFifoMode
 .text.HAL_UARTEx_SetTxFifoThreshold
                0x08007a32       0x7c ./Drivers/STM32H7xx_HAL_Driver/Src/stm32h7xx_hal_uart_ex.o
                0x08007a32                HAL_UARTEx_SetTxFifoThreshold
 .text.HAL_UARTEx_SetRxFifoThreshold
                0x08007aae       0x7c ./Drivers/STM32H7xx_HAL_Driver/Src/stm32h7xx_hal_uart_ex.o
                0x08007aae                HAL_UARTEx_SetRxFifoThreshold
 *fill*         0x08007b2a        0x2 
 .text.UARTEx_SetNbDataToProcess
                0x08007b2c       0x9c ./Drivers/STM32H7xx_HAL_Driver/Src/stm32h7xx_hal_uart_ex.o
 .text.mg_base64_encode_single
                0x08007bc8       0x44 ./mongoose/mongoose.o
 .text.mg_base64_decode_single
                0x08007c0c       0x6c ./mongoose/mongoose.o
 .text.mg_base64_update
                0x08007c78       0xfc ./mongoose/mongoose.o
                0x08007c78                mg_base64_update
 .text.mg_base64_final
                0x08007d74       0x62 ./mongoose/mongoose.o
                0x08007d74                mg_base64_final
 *fill*         0x08007dd6        0x2 
 .text.mg_base64_encode
                0x08007dd8       0x94 ./mongoose/mongoose.o
                0x08007dd8                mg_base64_encode
 .text.mg_base64_decode
                0x08007e6c      0x144 ./mongoose/mongoose.o
                0x08007e6c                mg_base64_decode
 .text.mg_dns_free
                0x08007fb0       0x36 ./mongoose/mongoose.o
 .text.mg_resolve_cancel
                0x08007fe6       0x44 ./mongoose/mongoose.o
                0x08007fe6                mg_resolve_cancel
 .text.mg_dns_parse_name_depth
                0x0800802a      0x160 ./mongoose/mongoose.o
 .text.mg_dns_parse_name
                0x0800818a       0x30 ./mongoose/mongoose.o
 .text.mg_dns_parse_rr
                0x080081ba      0x12a ./mongoose/mongoose.o
                0x080081ba                mg_dns_parse_rr
 .text.mg_dns_parse
                0x080082e4      0x1d4 ./mongoose/mongoose.o
                0x080082e4                mg_dns_parse
 .text.dns_cb   0x080084b8      0x2fc ./mongoose/mongoose.o
 .text.mg_dns_send
                0x080087b4      0x1c0 ./mongoose/mongoose.o
 .text.mg_sendnsreq
                0x08008974      0x178 ./mongoose/mongoose.o
 .text.mg_resolve
                0x08008aec       0x88 ./mongoose/mongoose.o
                0x08008aec                mg_resolve
 .text.mg_call  0x08008b74       0x40 ./mongoose/mongoose.o
                0x08008b74                mg_call
 .text.mg_error
                0x08008bb4       0x84 ./mongoose/mongoose.o
                0x08008bb4                mg_error
 .text.mg_ota_flash_begin
                0x08008c38       0xf8 ./mongoose/mongoose.o
                0x08008c38                mg_ota_flash_begin
 .text.mg_ota_flash_write
                0x08008d30      0x188 ./mongoose/mongoose.o
                0x08008d30                mg_ota_flash_write
 .text.mg_ota_flash_end
                0x08008eb8      0x100 ./mongoose/mongoose.o
                0x08008eb8                mg_ota_flash_end
 .text.is_digit
                0x08008fb8       0x2c ./mongoose/mongoose.o
 .text.addexp   0x08008fe4      0x104 ./mongoose/mongoose.o
 .text.xisinf   0x080090e8       0x50 ./mongoose/mongoose.o
 .text.xisnan   0x08009138       0x58 ./mongoose/mongoose.o
 .text.mg_dtoa  0x08009190      0x56c ./mongoose/mongoose.o
 .text.mg_lld   0x080096fc      0x160 ./mongoose/mongoose.o
 .text.scpy     0x0800985c       0x46 ./mongoose/mongoose.o
 .text.mg_xprintf
                0x080098a2       0x36 ./mongoose/mongoose.o
                0x080098a2                mg_xprintf
 .text.mg_vxprintf
                0x080098d8      0x748 ./mongoose/mongoose.o
                0x080098d8                mg_vxprintf
 .text.mg_fs_open
                0x0800a020       0x50 ./mongoose/mongoose.o
                0x0800a020                mg_fs_open
 .text.mg_fs_close
                0x0800a070       0x2a ./mongoose/mongoose.o
                0x0800a070                mg_fs_close
 .text.is_dir_prefix
                0x0800a09a       0x58 ./mongoose/mongoose.o
 .text.packed_stat
                0x0800a0f2       0x60 ./mongoose/mongoose.o
 *fill*         0x0800a152        0x2 
 .text.packed_list
                0x0800a154       0xfc ./mongoose/mongoose.o
 .text.packed_open
                0x0800a250       0x62 ./mongoose/mongoose.o
 .text.packed_close
                0x0800a2b2       0x1c ./mongoose/mongoose.o
 .text.packed_read
                0x0800a2ce       0x56 ./mongoose/mongoose.o
 .text.packed_write
                0x0800a324       0x1a ./mongoose/mongoose.o
 .text.packed_seek
                0x0800a33e       0x38 ./mongoose/mongoose.o
 .text.packed_rename
                0x0800a376       0x18 ./mongoose/mongoose.o
 .text.packed_remove
                0x0800a38e       0x16 ./mongoose/mongoose.o
 .text.packed_mkdir
                0x0800a3a4       0x16 ./mongoose/mongoose.o
 .text.p_stat   0x0800a3ba       0x1a ./mongoose/mongoose.o
 .text.p_list   0x0800a3d4       0x18 ./mongoose/mongoose.o
 .text.p_open   0x0800a3ec       0x18 ./mongoose/mongoose.o
 .text.p_close  0x0800a404       0x14 ./mongoose/mongoose.o
 .text.p_read   0x0800a418       0x1a ./mongoose/mongoose.o
 .text.p_write  0x0800a432       0x1a ./mongoose/mongoose.o
 .text.p_seek   0x0800a44c       0x1a ./mongoose/mongoose.o
 .text.p_rename
                0x0800a466       0x18 ./mongoose/mongoose.o
 .text.p_remove
                0x0800a47e       0x16 ./mongoose/mongoose.o
 .text.p_mkdir  0x0800a494       0x16 ./mongoose/mongoose.o
 .text.mg_ncasecmp
                0x0800a4aa       0x80 ./mongoose/mongoose.o
 *fill*         0x0800a52a        0x2 
 .text.mg_to_size_t
                0x0800a52c      0x12c ./mongoose/mongoose.o
                0x0800a52c                mg_to_size_t
 .text.mg_http_var
                0x0800a658       0xa0 ./mongoose/mongoose.o
                0x0800a658                mg_http_var
 .text.mg_http_get_var
                0x0800a6f8       0xa6 ./mongoose/mongoose.o
                0x0800a6f8                mg_http_get_var
 .text.isx      0x0800a79e       0x44 ./mongoose/mongoose.o
 .text.mg_url_decode
                0x0800a7e2      0x110 ./mongoose/mongoose.o
                0x0800a7e2                mg_url_decode
 .text.isok     0x0800a8f2       0x3a ./mongoose/mongoose.o
 .text.mg_http_get_request_len
                0x0800a92c       0x9c ./mongoose/mongoose.o
                0x0800a92c                mg_http_get_request_len
 .text.mg_http_get_header
                0x0800a9c8       0x80 ./mongoose/mongoose.o
                0x0800a9c8                mg_http_get_header
 .text.vcb      0x0800aa48       0x26 ./mongoose/mongoose.o
 .text.clen     0x0800aa6e       0xde ./mongoose/mongoose.o
 .text.skiptorn
                0x0800ab4c       0x96 ./mongoose/mongoose.o
 .text.mg_http_parse_headers
                0x0800abe2      0x15e ./mongoose/mongoose.o
 .text.mg_http_parse
                0x0800ad40      0x37c ./mongoose/mongoose.o
                0x0800ad40                mg_http_parse
 .text.mg_http_status_code_str
                0x0800b0bc      0x9f8 ./mongoose/mongoose.o
 .text.mg_http_reply
                0x0800bab4       0xb0 ./mongoose/mongoose.o
                0x0800bab4                mg_http_reply
 .text.restore_http_cb
                0x0800bb64       0x40 ./mongoose/mongoose.o
 .text.mg_http_etag
                0x0800bba4       0x38 ./mongoose/mongoose.o
                0x0800bba4                mg_http_etag
 .text.static_cb
                0x0800bbdc       0xc4 ./mongoose/mongoose.o
 .text.guess_content_type
                0x0800bca0      0x13c ./mongoose/mongoose.o
 .text.getrange
                0x0800bddc       0xe8 ./mongoose/mongoose.o
 .text.mg_http_serve_file
                0x0800bec4      0x5a4 ./mongoose/mongoose.o
                0x0800bec4                mg_http_serve_file
 .text.uri_to_path2
                0x0800c468      0x2dc ./mongoose/mongoose.o
 .text.uri_to_path
                0x0800c744      0x194 ./mongoose/mongoose.o
 .text.mg_http_serve_dir
                0x0800c8d8       0xc8 ./mongoose/mongoose.o
                0x0800c8d8                mg_http_serve_dir
 .text.mg_http_creds
                0x0800c9a0      0x238 ./mongoose/mongoose.o
                0x0800c9a0                mg_http_creds
 .text.stripquotes
                0x0800cbd8       0x52 ./mongoose/mongoose.o
 .text.mg_http_get_header_var
                0x0800cc2a      0x12c ./mongoose/mongoose.o
                0x0800cc2a                mg_http_get_header_var
 .text.mg_http_status
                0x0800cd56       0x1c ./mongoose/mongoose.o
                0x0800cd56                mg_http_status
 .text.is_hex_digit
                0x0800cd72       0x44 ./mongoose/mongoose.o
 .text.skip_chunk
                0x0800cdb6      0x11e ./mongoose/mongoose.o
 .text.http_cb  0x0800ced4      0x740 ./mongoose/mongoose.o
 .text.mg_http_connect
                0x0800d614       0x38 ./mongoose/mongoose.o
                0x0800d614                mg_http_connect
 .text.mg_http_listen
                0x0800d64c       0x38 ./mongoose/mongoose.o
                0x0800d64c                mg_http_listen
 .text.roundup  0x0800d684       0x34 ./mongoose/mongoose.o
 .text.mg_iobuf_resize
                0x0800d6b8      0x118 ./mongoose/mongoose.o
                0x0800d6b8                mg_iobuf_resize
 .text.mg_iobuf_add
                0x0800d7d0       0xa4 ./mongoose/mongoose.o
                0x0800d7d0                mg_iobuf_add
 .text.mg_iobuf_del
                0x0800d874       0x96 ./mongoose/mongoose.o
                0x0800d874                mg_iobuf_del
 .text.mg_iobuf_free
                0x0800d90a       0x18 ./mongoose/mongoose.o
                0x0800d90a                mg_iobuf_free
 *fill*         0x0800d922        0x2 
 .text.escapeseq
                0x0800d924       0x28 ./mongoose/mongoose.o
 .text.json_esc
                0x0800d94c       0x60 ./mongoose/mongoose.o
 .text.mg_pass_string
                0x0800d9ac       0x82 ./mongoose/mongoose.o
 *fill*         0x0800da2e        0x2 
 .text.mg_atod  0x0800da30      0x2a0 ./mongoose/mongoose.o
 .text.mg_json_next
                0x0800dcd0      0x298 ./mongoose/mongoose.o
                0x0800dcd0                mg_json_next
 .text.mg_json_get
                0x0800df68      0x674 ./mongoose/mongoose.o
                0x0800df68                mg_json_get
 .text.mg_json_get_tok
                0x0800e5dc       0x4a ./mongoose/mongoose.o
                0x0800e5dc                mg_json_get_tok
 .text.mg_json_get_num
                0x0800e626       0x8a ./mongoose/mongoose.o
                0x0800e626                mg_json_get_num
 .text.mg_json_get_bool
                0x0800e6b0       0x78 ./mongoose/mongoose.o
                0x0800e6b0                mg_json_get_bool
 .text.mg_json_unescape
                0x0800e728      0x11c ./mongoose/mongoose.o
                0x0800e728                mg_json_unescape
 .text.logc     0x0800e844       0x28 ./mongoose/mongoose.o
 .text.logs     0x0800e86c       0x36 ./mongoose/mongoose.o
 *fill*         0x0800e8a2        0x2 
 .text.mg_log_prefix
                0x0800e8a4       0xa0 ./mongoose/mongoose.o
                0x0800e8a4                mg_log_prefix
 .text.mg_log   0x0800e944       0x40 ./mongoose/mongoose.o
                0x0800e944                mg_log
 .text.nibble   0x0800e984       0x2c ./mongoose/mongoose.o
 .text.mg_hexdump
                0x0800e9b0      0x174 ./mongoose/mongoose.o
                0x0800e9b0                mg_hexdump
 .text.mg_vprintf
                0x0800eb24       0x38 ./mongoose/mongoose.o
                0x0800eb24                mg_vprintf
 .text.mg_printf
                0x0800eb5c       0x34 ./mongoose/mongoose.o
                0x0800eb5c                mg_printf
 .text.mg_atonl
                0x0800eb90       0x60 ./mongoose/mongoose.o
 .text.mg_atone
                0x0800ebf0       0x36 ./mongoose/mongoose.o
 .text.mg_aton4
                0x0800ec26       0xec ./mongoose/mongoose.o
 .text.mg_v4mapped
                0x0800ed12       0xd0 ./mongoose/mongoose.o
 .text.mg_aton6
                0x0800ede2      0x220 ./mongoose/mongoose.o
 .text.mg_aton  0x0800f002       0x74 ./mongoose/mongoose.o
                0x0800f002                mg_aton
 .text.mg_alloc_conn
                0x0800f076       0x5a ./mongoose/mongoose.o
                0x0800f076                mg_alloc_conn
 .text.mg_close_conn
                0x0800f0d0       0xd0 ./mongoose/mongoose.o
                0x0800f0d0                mg_close_conn
 .text.mg_connect
                0x0800f1a0      0x13c ./mongoose/mongoose.o
                0x0800f1a0                mg_connect
 .text.mg_listen
                0x0800f2dc      0x14c ./mongoose/mongoose.o
                0x0800f2dc                mg_listen
 .text.mg_timer_add
                0x0800f428       0x4c ./mongoose/mongoose.o
                0x0800f428                mg_timer_add
 .text.mg_mgr_init
                0x0800f474      0x12c ./mongoose/mongoose.o
                0x0800f474                mg_mgr_init
 .text.mg_tcpip_call
                0x0800f5a0       0x28 ./mongoose/mongoose.o
 .text.mkpay    0x0800f5c8       0x3c ./mongoose/mongoose.o
 .text.csumup   0x0800f604       0x56 ./mongoose/mongoose.o
 .text.csumfin  0x0800f65a       0x36 ./mongoose/mongoose.o
 .text.ipcsum   0x0800f690       0x26 ./mongoose/mongoose.o
 *fill*         0x0800f6b6        0x2 
 .text.settmout
                0x0800f6b8       0xc8 ./mongoose/mongoose.o
 .text.ether_output
                0x0800f780       0x38 ./mongoose/mongoose.o
 .text.mg_tcpip_arp_request
                0x0800f7b8       0xd0 ./mongoose/mongoose.o
                0x0800f7b8                mg_tcpip_arp_request
 .text.onstatechange
                0x0800f888      0x154 ./mongoose/mongoose.o
 .text.tx_ip    0x0800f9dc       0xae ./mongoose/mongoose.o
 .text.tx_udp   0x0800fa8a       0xd2 ./mongoose/mongoose.o
 .text.tx_dhcp  0x0800fb5c      0x120 ./mongoose/mongoose.o
 .text.tx_dhcp_request_sel
                0x0800fc7c      0x1b0 ./mongoose/mongoose.o
 .text.tx_dhcp_request_re
                0x0800fe2c       0x64 ./mongoose/mongoose.o
 .text.tx_dhcp_discover
                0x0800fe90       0x78 ./mongoose/mongoose.o
 .text.getpeer  0x0800ff08       0xe2 ./mongoose/mongoose.o
 *fill*         0x0800ffea        0x2 
 .text.rx_arp   0x0800ffec      0x224 ./mongoose/mongoose.o
 .text.rx_icmp  0x08010210       0xb8 ./mongoose/mongoose.o
 .text.rx_dhcp_client
                0x080102c8      0x3d0 ./mongoose/mongoose.o
 .text.rx_dhcp_server
                0x08010698      0x3dc ./mongoose/mongoose.o
 .text.rx_udp   0x08010a74       0xe4 ./mongoose/mongoose.o
 .text.tx_tcp   0x08010b58      0x1e4 ./mongoose/mongoose.o
 .text.tx_tcp_pkt
                0x08010d3c       0x8c ./mongoose/mongoose.o
 .text.accept_conn
                0x08010dc8      0x1b0 ./mongoose/mongoose.o
 .text.trim_len
                0x08010f78      0x11c ./mongoose/mongoose.o
 .text.mg_io_send
                0x08011094      0x102 ./mongoose/mongoose.o
                0x08011094                mg_io_send
 *fill*         0x08011196        0x2 
 .text.handle_tls_recv
                0x08011198       0xc4 ./mongoose/mongoose.o
 .text.read_conn
                0x0801125c      0x430 ./mongoose/mongoose.o
 .text.handle_opt
                0x0801168c       0xbc ./mongoose/mongoose.o
 .text.rx_tcp   0x08011748      0x290 ./mongoose/mongoose.o
 .text.rx_ip    0x080119d8      0x2dc ./mongoose/mongoose.o
 .text.rx_ip6   0x08011cb4       0x84 ./mongoose/mongoose.o
 .text.mg_tcpip_rx
                0x08011d38      0x228 ./mongoose/mongoose.o
 .text.mg_tcpip_poll
                0x08011f60      0x4c0 ./mongoose/mongoose.o
 .text.mg_tcpip_qwrite
                0x08012420       0x5a ./mongoose/mongoose.o
                0x08012420                mg_tcpip_qwrite
 *fill*         0x0801247a        0x2 
 .text.mg_tcpip_init
                0x0801247c      0x1d8 ./mongoose/mongoose.o
                0x0801247c                mg_tcpip_init
 .text.send_syn
                0x08012654       0x66 ./mongoose/mongoose.o
 .text.mac_resolved
                0x080126ba       0x48 ./mongoose/mongoose.o
 *fill*         0x08012702        0x2 
 .text.ip4_mcastmac
                0x08012704       0x5c ./mongoose/mongoose.o
 .text.mg_connect_resolved
                0x08012760      0x1d0 ./mongoose/mongoose.o
                0x08012760                mg_connect_resolved
 .text.mg_open_listener
                0x08012930       0x88 ./mongoose/mongoose.o
                0x08012930                mg_open_listener
 .text.write_conn
                0x080129b8       0x80 ./mongoose/mongoose.o
 .text.init_closure
                0x08012a38       0xa8 ./mongoose/mongoose.o
 .text.close_conn
                0x08012ae0       0x26 ./mongoose/mongoose.o
 .text.can_write
                0x08012b06       0x68 ./mongoose/mongoose.o
 *fill*         0x08012b6e        0x2 
 .text.mg_mgr_poll
                0x08012b70      0x264 ./mongoose/mongoose.o
                0x08012b70                mg_mgr_poll
 .text.mg_send  0x08012dd4      0x118 ./mongoose/mongoose.o
                0x08012dd4                mg_send
 .text.mg_ota_begin
                0x08012eec       0x2c ./mongoose/mongoose.o
                0x08012eec                mg_ota_begin
 .text.mg_ota_write
                0x08012f18       0x24 ./mongoose/mongoose.o
                0x08012f18                mg_ota_write
 .text.mg_ota_end
                0x08012f3c       0xc0 ./mongoose/mongoose.o
                0x08012f3c                mg_ota_end
 .text.mg_pfn_iobuf_private
                0x08012ffc       0x90 ./mongoose/mongoose.o
 .text.mg_putchar_iobuf_static
                0x0801308c       0x20 ./mongoose/mongoose.o
 .text.mg_pfn_iobuf
                0x080130ac       0x20 ./mongoose/mongoose.o
                0x080130ac                mg_pfn_iobuf
 .text.mg_vsnprintf
                0x080130cc       0x50 ./mongoose/mongoose.o
                0x080130cc                mg_vsnprintf
 .text.mg_snprintf
                0x0801311c       0x32 ./mongoose/mongoose.o
                0x0801311c                mg_snprintf
 *fill*         0x0801314e        0x2 
 .text.mg_vmprintf
                0x08013150       0x38 ./mongoose/mongoose.o
                0x08013150                mg_vmprintf
 .text.mg_mprintf
                0x08013188       0x2a ./mongoose/mongoose.o
                0x08013188                mg_mprintf
 .text.mg_pfn_stdout
                0x080131b2       0x1c ./mongoose/mongoose.o
                0x080131b2                mg_pfn_stdout
 *fill*         0x080131ce        0x2 
 .text.print_ip4
                0x080131d0       0x48 ./mongoose/mongoose.o
 .text.print_ip6
                0x08013218       0xbc ./mongoose/mongoose.o
 .text.mg_print_ip4
                0x080132d4       0x2e ./mongoose/mongoose.o
                0x080132d4                mg_print_ip4
 .text.mg_print_ip
                0x08013302       0x48 ./mongoose/mongoose.o
                0x08013302                mg_print_ip
 *fill*         0x0801334a        0x2 
 .text.mg_print_ip_port
                0x0801334c       0x4c ./mongoose/mongoose.o
                0x0801334c                mg_print_ip_port
 .text.mg_print_mac
                0x08013398       0x6c ./mongoose/mongoose.o
                0x08013398                mg_print_mac
 .text.mg_esc   0x08013404       0x7c ./mongoose/mongoose.o
 .text.mg_escape
                0x08013480       0x1a ./mongoose/mongoose.o
 .text.qcpy     0x0801349a       0x86 ./mongoose/mongoose.o
 .text.mg_print_hex
                0x08013520       0x88 ./mongoose/mongoose.o
                0x08013520                mg_print_hex
 .text.mg_print_esc
                0x080135a8       0x58 ./mongoose/mongoose.o
                0x080135a8                mg_print_esc
 .text.mg_queue_read_len
                0x08013600       0x54 ./mongoose/mongoose.o
 .text.mg_queue_write_len
                0x08013654       0x2c ./mongoose/mongoose.o
 .text.mg_queue_book
                0x08013680       0xae ./mongoose/mongoose.o
                0x08013680                mg_queue_book
 *fill*         0x0801372e        0x2 
 .text.mg_queue_next
                0x08013730       0x8c ./mongoose/mongoose.o
                0x08013730                mg_queue_next
 .text.mg_queue_add
                0x080137bc       0x70 ./mongoose/mongoose.o
                0x080137bc                mg_queue_add
 .text.mg_queue_del
                0x0801382c       0x48 ./mongoose/mongoose.o
                0x0801382c                mg_queue_del
 .text.blk0     0x08013874       0x58 ./mongoose/mongoose.o
 .text.mg_sha1_transform
                0x080138cc     0x143c ./mongoose/mongoose.o
 .text.mg_sha1_init
                0x08014d08       0x54 ./mongoose/mongoose.o
                0x08014d08                mg_sha1_init
 .text.mg_sha1_update
                0x08014d5c       0xcc ./mongoose/mongoose.o
                0x08014d5c                mg_sha1_update
 .text.mg_sha1_final
                0x08014e28       0xe4 ./mongoose/mongoose.o
                0x08014e28                mg_sha1_final
 .text.mg_sha256_init
                0x08014f0c       0x78 ./mongoose/mongoose.o
                0x08014f0c                mg_sha256_init
 .text.mg_sha256_chunk
                0x08014f84      0x410 ./mongoose/mongoose.o
 .text.mg_sha256_update
                0x08015394       0x72 ./mongoose/mongoose.o
                0x08015394                mg_sha256_update
 .text.mg_sha256_final
                0x08015406      0x270 ./mongoose/mongoose.o
                0x08015406                mg_sha256_final
 .text.mg_sha256
                0x08015676       0x38 ./mongoose/mongoose.o
                0x08015676                mg_sha256
 .text.mg_hmac_sha256
                0x080156ae      0x1ce ./mongoose/mongoose.o
                0x080156ae                mg_hmac_sha256
 .text.mg_sha384_transform
                0x0801587c      0xa44 ./mongoose/mongoose.o
 .text.mg_sha384_init
                0x080162c0       0xd8 ./mongoose/mongoose.o
                0x080162c0                mg_sha384_init
 .text.mg_sha384_update
                0x08016398       0xaa ./mongoose/mongoose.o
                0x08016398                mg_sha384_update
 .text.mg_sha384_final
                0x08016442      0x3dc ./mongoose/mongoose.o
                0x08016442                mg_sha384_final
 .text.mg_sha384
                0x0801681e       0x38 ./mongoose/mongoose.o
                0x0801681e                mg_sha384
 *fill*         0x08016856        0x2 
 .text.mg_now   0x08016858       0x24 ./mongoose/mongoose.o
                0x08016858                mg_now
 .text.mg_http_serve_ssi
                0x0801687c       0x28 ./mongoose/mongoose.o
                0x0801687c                mg_http_serve_ssi
 .text.mg_str_s
                0x080168a4       0x3a ./mongoose/mongoose.o
                0x080168a4                mg_str_s
 .text.mg_str_n
                0x080168de       0x30 ./mongoose/mongoose.o
                0x080168de                mg_str_n
 .text.mg_tolc  0x0801690e       0x2a ./mongoose/mongoose.o
 .text.mg_strdup
                0x08016938       0x6e ./mongoose/mongoose.o
                0x08016938                mg_strdup
 .text.mg_strcmp
                0x080169a6       0x84 ./mongoose/mongoose.o
                0x080169a6                mg_strcmp
 .text.mg_strcasecmp
                0x08016a2a       0x8e ./mongoose/mongoose.o
                0x08016a2a                mg_strcasecmp
 .text.mg_match
                0x08016ab8      0x1e8 ./mongoose/mongoose.o
                0x08016ab8                mg_match
 .text.mg_span  0x08016ca0       0xba ./mongoose/mongoose.o
                0x08016ca0                mg_span
 .text.mg_str_to_num
                0x08016d5a      0x466 ./mongoose/mongoose.o
                0x08016d5a                mg_str_to_num
 .text.mg_timer_init
                0x080171c0       0x52 ./mongoose/mongoose.o
                0x080171c0                mg_timer_init
 .text.mg_timer_free
                0x08017212       0x42 ./mongoose/mongoose.o
                0x08017212                mg_timer_free
 .text.mg_timer_expired
                0x08017254       0xc8 ./mongoose/mongoose.o
                0x08017254                mg_timer_expired
 .text.mg_timer_poll
                0x0801731c       0xf4 ./mongoose/mongoose.o
                0x0801731c                mg_timer_poll
 .text.mg_tls_hexdump
                0x08017410       0x50 ./mongoose/mongoose.o
 .text.mg_der_parse
                0x08017460       0xc0 ./mongoose/mongoose.o
 .text.mg_der_next
                0x08017520       0x56 ./mongoose/mongoose.o
 .text.mg_der_find_oid
                0x08017576       0xa0 ./mongoose/mongoose.o
 .text.mg_der_to_tlv
                0x08017616       0xa8 ./mongoose/mongoose.o
 .text.mg_tls_got_record
                0x080176be       0x50 ./mongoose/mongoose.o
 .text.mg_tls_drop_record
                0x0801770e       0x44 ./mongoose/mongoose.o
 *fill*         0x08017752        0x2 
 .text.mg_tls_drop_message
                0x08017754       0x98 ./mongoose/mongoose.o
 .text.mg_tls_derive_secret
                0x080177ec      0x138 ./mongoose/mongoose.o
 .text.mg_tls_generate_handshake_keys
                0x08017924      0x2a0 ./mongoose/mongoose.o
 .text.mg_tls_generate_application_keys
                0x08017bc4      0x230 ./mongoose/mongoose.o
 .text.mg_tls_encrypt
                0x08017df4      0x1f8 ./mongoose/mongoose.o
 .text.mg_tls_recv_record
                0x08017fec      0x238 ./mongoose/mongoose.o
 .text.mg_tls_calc_cert_verify_hash
                0x08018224      0x144 ./mongoose/mongoose.o
 .text.mg_tls_server_recv_hello
                0x08018368      0x318 ./mongoose/mongoose.o
 .text.mg_tls_server_send_hello
                0x08018680      0x168 ./mongoose/mongoose.o
 .text.mg_tls_server_send_ext
                0x080187e8       0x44 ./mongoose/mongoose.o
 .text.mg_tls_server_send_cert
                0x0801882c      0x1e4 ./mongoose/mongoose.o
 .text.init_SHA256
                0x08018a10       0x1e ./mongoose/mongoose.o
 .text.update_SHA256
                0x08018a2e       0x26 ./mongoose/mongoose.o
 .text.finish_SHA256
                0x08018a54       0x22 ./mongoose/mongoose.o
 *fill*         0x08018a76        0x2 
 .text.mg_tls_send_cert_verify
                0x08018a78      0x268 ./mongoose/mongoose.o
 .text.mg_tls_server_send_finish
                0x08018ce0       0x90 ./mongoose/mongoose.o
 .text.mg_tls_server_recv_finish
                0x08018d70       0x80 ./mongoose/mongoose.o
 .text.mg_tls_client_send_hello
                0x08018df0      0x3c4 ./mongoose/mongoose.o
 .text.mg_tls_client_recv_hello
                0x080191b4      0x274 ./mongoose/mongoose.o
 .text.mg_tls_client_recv_ext
                0x08019428       0x60 ./mongoose/mongoose.o
 .text.mg_der_debug_cert_name
                0x08019488      0x14c ./mongoose/mongoose.o
 .text.mg_tls_parse_cert_der
                0x080195d4      0x768 ./mongoose/mongoose.o
 .text.mg_tls_verify_cert_san
                0x08019d3c      0x100 ./mongoose/mongoose.o
 .text.mg_tls_verify_cert_signature
                0x08019e3c      0x318 ./mongoose/mongoose.o
 .text.mg_tls_client_recv_cert
                0x0801a154      0x4fc ./mongoose/mongoose.o
 .text.mg_tls_client_recv_cert_verify
                0x0801a650      0x450 ./mongoose/mongoose.o
 .text.mg_tls_client_recv_finish
                0x0801aaa0       0x60 ./mongoose/mongoose.o
 .text.mg_tls_client_send_finish
                0x0801ab00       0x80 ./mongoose/mongoose.o
 .text.mg_tls_client_handshake
                0x0801ab80      0x21c ./mongoose/mongoose.o
 .text.mg_tls_server_handshake
                0x0801ad9c       0xa0 ./mongoose/mongoose.o
 .text.mg_tls_handshake
                0x0801ae3c       0x66 ./mongoose/mongoose.o
                0x0801ae3c                mg_tls_handshake
 *fill*         0x0801aea2        0x2 
 .text.mg_parse_pem
                0x0801aea4      0x140 ./mongoose/mongoose.o
 .text.mg_tls_init
                0x0801afe4      0x2f8 ./mongoose/mongoose.o
                0x0801afe4                mg_tls_init
 .text.mg_tls_free
                0x0801b2dc       0x54 ./mongoose/mongoose.o
                0x0801b2dc                mg_tls_free
 .text.mg_tls_send
                0x0801b330      0x148 ./mongoose/mongoose.o
                0x0801b330                mg_tls_send
 .text.mg_tls_recv
                0x0801b478       0xa8 ./mongoose/mongoose.o
                0x0801b478                mg_tls_recv
 .text.mg_tls_pending
                0x0801b520       0x2a ./mongoose/mongoose.o
                0x0801b520                mg_tls_pending
 .text.mg_tls_flush
                0x0801b54a       0x48 ./mongoose/mongoose.o
                0x0801b54a                mg_tls_flush
 .text.mg_tls_ctx_init
                0x0801b592       0x14 ./mongoose/mongoose.o
                0x0801b592                mg_tls_ctx_init
 *fill*         0x0801b5a6        0x2 
 .text.initialize_state
                0x0801b5a8       0xd0 ./mongoose/mongoose.o
 .text.core_block
                0x0801b678      0x4a4 ./mongoose/mongoose.o
 .text.xor_block
                0x0801bb1c      0x116 ./mongoose/mongoose.o
 .text.chacha20_xor_stream
                0x0801bc32       0xf0 ./mongoose/mongoose.o
 .text.rfc8439_keygen
                0x0801bd22       0x40 ./mongoose/mongoose.o
 .text.U8TO32   0x0801bd62       0x38 ./mongoose/mongoose.o
 .text.U32TO8   0x0801bd9a       0x42 ./mongoose/mongoose.o
 .text.poly1305_init
                0x0801bddc       0xf8 ./mongoose/mongoose.o
 .text.poly1305_blocks
                0x0801bed4      0xe06 ./mongoose/mongoose.o
 .text.poly1305_finish
                0x0801ccda      0x4b8 ./mongoose/mongoose.o
 .text.poly1305_update
                0x0801d192      0x106 ./mongoose/mongoose.o
 .text.pad_if_needed
                0x0801d298       0x34 ./mongoose/mongoose.o
 .text.write_64bit_int
                0x0801d2cc       0xbe ./mongoose/mongoose.o
 .text.poly1305_calculate_mac
                0x0801d38a       0xcc ./mongoose/mongoose.o
 .text.mg_chacha20_poly1305_encrypt
                0x0801d456       0x70 ./mongoose/mongoose.o
                0x0801d456                mg_chacha20_poly1305_encrypt
 .text.mg_chacha20_poly1305_decrypt
                0x0801d4c6       0x54 ./mongoose/mongoose.o
                0x0801d4c6                mg_chacha20_poly1305_decrypt
 .text.bi_initialize
                0x0801d51a       0x4a ./mongoose/mongoose.o
 .text.bi_copy  0x0801d564       0x30 ./mongoose/mongoose.o
 .text.bi_permanent
                0x0801d594       0x28 ./mongoose/mongoose.o
 .text.bi_depermanent
                0x0801d5bc       0x28 ./mongoose/mongoose.o
 .text.bi_free  0x0801d5e4       0x64 ./mongoose/mongoose.o
 .text.int_to_bi
                0x0801d648       0x26 ./mongoose/mongoose.o
 .text.bi_clone
                0x0801d66e       0x3a ./mongoose/mongoose.o
 .text.bi_add   0x0801d6a8       0xba ./mongoose/mongoose.o
 .text.bi_subtract
                0x0801d762       0xb0 ./mongoose/mongoose.o
 .text.bi_int_multiply
                0x0801d812      0x106 ./mongoose/mongoose.o
 .text.bi_divide
                0x0801d918      0x46c ./mongoose/mongoose.o
 .text.bi_int_divide
                0x0801dd84       0xb2 ./mongoose/mongoose.o
 .text.bi_import
                0x0801de36       0xa2 ./mongoose/mongoose.o
 .text.bi_export
                0x0801ded8       0xa0 ./mongoose/mongoose.o
 .text.bi_set_mod
                0x0801df78       0x94 ./mongoose/mongoose.o
 .text.regular_multiply
                0x0801e00c      0x19c ./mongoose/mongoose.o
 .text.bi_multiply
                0x0801e1a8       0x26 ./mongoose/mongoose.o
 .text.bi_compare
                0x0801e1ce       0xaa ./mongoose/mongoose.o
 .text.more_comps
                0x0801e278       0xb8 ./mongoose/mongoose.o
 .text.alloc    0x0801e330       0x90 ./mongoose/mongoose.o
 .text.find_max_exp_index
                0x0801e3c0       0x66 ./mongoose/mongoose.o
 .text.exp_bit_is_one
                0x0801e426       0x6c ./mongoose/mongoose.o
 .text.trim     0x0801e492       0x50 ./mongoose/mongoose.o
 .text.bi_mod_power
                0x0801e4e2      0x1d8 ./mongoose/mongoose.o
 .text.mg_rsa_mod_pow
                0x0801e6ba       0x8a ./mongoose/mongoose.o
                0x0801e6ba                mg_rsa_mod_pow
 .text.mg_uecc_vli_clear
                0x0801e744       0x42 ./mongoose/mongoose.o
 .text.mg_uecc_vli_isZero
                0x0801e786       0x54 ./mongoose/mongoose.o
 .text.mg_uecc_vli_testBit
                0x0801e7da       0x36 ./mongoose/mongoose.o
 .text.vli_numDigits
                0x0801e810       0x4a ./mongoose/mongoose.o
 .text.mg_uecc_vli_numBits
                0x0801e85a       0x72 ./mongoose/mongoose.o
 .text.mg_uecc_vli_set
                0x0801e8cc       0x4e ./mongoose/mongoose.o
 .text.mg_uecc_vli_cmp_unsafe
                0x0801e91a       0x78 ./mongoose/mongoose.o
 .text.mg_uecc_vli_equal
                0x0801e992       0x64 ./mongoose/mongoose.o
 .text.mg_uecc_vli_cmp
                0x0801e9f6       0x62 ./mongoose/mongoose.o
 .text.mg_uecc_vli_rshift1
                0x0801ea58       0x54 ./mongoose/mongoose.o
 .text.mg_uecc_vli_add
                0x0801eaac       0x94 ./mongoose/mongoose.o
 .text.mg_uecc_vli_sub
                0x0801eb40       0x94 ./mongoose/mongoose.o
 .text.muladd   0x0801ebd4       0xd4 ./mongoose/mongoose.o
 .text.mg_uecc_vli_mult
                0x0801eca8      0x140 ./mongoose/mongoose.o
 .text.mg_uecc_vli_modAdd
                0x0801ede8       0x4e ./mongoose/mongoose.o
 .text.mg_uecc_vli_modSub
                0x0801ee36       0x3a ./mongoose/mongoose.o
 .text.mg_uecc_vli_mmod
                0x0801ee70      0x278 ./mongoose/mongoose.o
 .text.mg_uecc_vli_modMult
                0x0801f0e8       0x36 ./mongoose/mongoose.o
 .text.mg_uecc_vli_modMult_fast
                0x0801f11e       0x38 ./mongoose/mongoose.o
 .text.mg_uecc_vli_modSquare_fast
                0x0801f156       0x20 ./mongoose/mongoose.o
 .text.vli_modInv_update
                0x0801f176       0x70 ./mongoose/mongoose.o
 .text.mg_uecc_vli_modInv
                0x0801f1e6      0x1f2 ./mongoose/mongoose.o
 .text.double_jacobian_default
                0x0801f3d8      0x1fe ./mongoose/mongoose.o
 .text.x_side_default
                0x0801f5d6       0x76 ./mongoose/mongoose.o
 .text.mod_sqrt_default
                0x0801f64c       0xca ./mongoose/mongoose.o
 *fill*         0x0801f716        0x2 
 .text.mg_uecc_secp256r1
                0x0801f718       0x14 ./mongoose/mongoose.o
                0x0801f718                mg_uecc_secp256r1
 .text.vli_mmod_fast_secp256r1
                0x0801f72c      0x2b4 ./mongoose/mongoose.o
 .text.apply_z  0x0801f9e0       0x50 ./mongoose/mongoose.o
 .text.XYcZ_initial_double
                0x0801fa30       0x94 ./mongoose/mongoose.o
 .text.XYcZ_add
                0x0801fac4      0x134 ./mongoose/mongoose.o
 .text.XYcZ_addC
                0x0801fbf8      0x1e2 ./mongoose/mongoose.o
 .text.EccPoint_mult
                0x0801fdda      0x2c2 ./mongoose/mongoose.o
 .text.regularize_k
                0x0802009c       0x82 ./mongoose/mongoose.o
 *fill*         0x0802011e        0x2 
 .text.mg_uecc_generate_random_int
                0x08020120       0xd4 ./mongoose/mongoose.o
 .text.mg_uecc_vli_nativeToBytes
                0x080201f4       0x5a ./mongoose/mongoose.o
 .text.mg_uecc_vli_bytesToNative
                0x0802024e       0x78 ./mongoose/mongoose.o
 .text.bits2int
                0x080202c6       0xe4 ./mongoose/mongoose.o
 *fill*         0x080203aa        0x2 
 .text.mg_uecc_sign_with_k_internal
                0x080203ac      0x2d8 ./mongoose/mongoose.o
 .text.HMAC_init
                0x08020684       0x7e ./mongoose/mongoose.o
 .text.HMAC_update
                0x08020702       0x20 ./mongoose/mongoose.o
 .text.HMAC_finish
                0x08020722       0xa2 ./mongoose/mongoose.o
 .text.update_V
                0x080207c4       0x34 ./mongoose/mongoose.o
 .text.mg_uecc_sign_deterministic
                0x080207f8      0x22c ./mongoose/mongoose.o
                0x080207f8                mg_uecc_sign_deterministic
 .text.smax     0x08020a24       0x2c ./mongoose/mongoose.o
 .text.mg_uecc_verify
                0x08020a50      0x598 ./mongoose/mongoose.o
                0x08020a50                mg_uecc_verify
 .text.umaal    0x08020fe8       0x9c ./mongoose/mongoose.o
 .text.adc      0x08021084       0x6e ./mongoose/mongoose.o
 .text.adc0     0x080210f2       0x4c ./mongoose/mongoose.o
 .text.propagate
                0x0802113e       0x74 ./mongoose/mongoose.o
 .text.add      0x080211b2       0x60 ./mongoose/mongoose.o
 .text.sub      0x08021212       0xa2 ./mongoose/mongoose.o
 .text.mul      0x080212b4       0xfa ./mongoose/mongoose.o
 .text.sqr      0x080213ae       0x1e ./mongoose/mongoose.o
 .text.mul1     0x080213cc       0x1e ./mongoose/mongoose.o
 .text.sqr1     0x080213ea       0x18 ./mongoose/mongoose.o
 .text.condswap
                0x08021402       0x78 ./mongoose/mongoose.o
 .text.canon    0x0802147a       0xe4 ./mongoose/mongoose.o
 *fill*         0x0802155e        0x2 
 .text.ladder_part1
                0x08021560       0xa8 ./mongoose/mongoose.o
 .text.ladder_part2
                0x08021608       0x5c ./mongoose/mongoose.o
 .text.x25519_core
                0x08021664      0x15c ./mongoose/mongoose.o
 .text.mg_tls_x25519
                0x080217c0      0x198 ./mongoose/mongoose.o
                0x080217c0                mg_tls_x25519
 .text.mg_url_is_ssl
                0x08021958       0x90 ./mongoose/mongoose.o
                0x08021958                mg_url_is_ssl
 .text.urlparse
                0x080219e8      0x102 ./mongoose/mongoose.o
 .text.mg_url_host
                0x08021aea       0x66 ./mongoose/mongoose.o
                0x08021aea                mg_url_host
 .text.mg_url_port
                0x08021b50       0xc8 ./mongoose/mongoose.o
                0x08021b50                mg_url_port
 .text.mg_bzero
                0x08021c18       0x32 ./mongoose/mongoose.o
                0x08021c18                mg_bzero
 *fill*         0x08021c4a        0x2 
 .text.mg_random_str
                0x08021c4c       0x8c ./mongoose/mongoose.o
                0x08021c4c                mg_random_str
 .text.mg_crc32
                0x08021cd8       0x74 ./mongoose/mongoose.o
                0x08021cd8                mg_crc32
 .text.mg_path_is_sane
                0x08021d4c       0x8c ./mongoose/mongoose.o
                0x08021d4c                mg_path_is_sane
 .text.mg_ntohs
                0x08021dd8       0x2e ./mongoose/mongoose.o
                0x08021dd8                mg_ntohs
 .text.mg_ntohl
                0x08021e06       0x36 ./mongoose/mongoose.o
                0x08021e06                mg_ntohl
 .text.ws_handshake
                0x08021e3c       0xc8 ./mongoose/mongoose.o
 .text.be32     0x08021f04       0x38 ./mongoose/mongoose.o
 .text.ws_process
                0x08021f3c      0x150 ./mongoose/mongoose.o
 .text.mkhdr    0x0802208c       0xe2 ./mongoose/mongoose.o
 .text.mg_ws_mask
                0x0802216e       0x78 ./mongoose/mongoose.o
 *fill*         0x080221e6        0x2 
 .text.mg_ws_send
                0x080221e8       0xb4 ./mongoose/mongoose.o
                0x080221e8                mg_ws_send
 .text.mg_ws_client_handshake
                0x0802229c      0x12c ./mongoose/mongoose.o
 .text.mg_ws_cb
                0x080223c8      0x2b8 ./mongoose/mongoose.o
 .text.mg_ws_upgrade
                0x08022680       0xb4 ./mongoose/mongoose.o
                0x08022680                mg_ws_upgrade
 .text.mg_phy_id_to_str
                0x08022734      0x114 ./mongoose/mongoose.o
 .text.mg_phy_init
                0x08022848      0x170 ./mongoose/mongoose.o
                0x08022848                mg_phy_init
 .text.mg_phy_up
                0x080229b8      0x22a ./mongoose/mongoose.o
                0x080229b8                mg_phy_up
 *fill*         0x08022be2        0x2 
 .text.eth_read_phy
                0x08022be4       0x74 ./mongoose/mongoose.o
 .text.eth_write_phy
                0x08022c58       0x78 ./mongoose/mongoose.o
 .text.mg_tcpip_driver_stm32h_init
                0x08022cd0      0x270 ./mongoose/mongoose.o
 .text.mg_tcpip_driver_stm32h_tx
                0x08022f40      0x1b8 ./mongoose/mongoose.o
 .text.mg_tcpip_driver_stm32h_update_hash_table
                0x080230f8       0x64 ./mongoose/mongoose.o
 .text.mg_tcpip_driver_stm32h_poll
                0x0802315c      0x124 ./mongoose/mongoose.o
 .text.ETH_IRQHandler
                0x08023280      0x120 ./mongoose/mongoose.o
                0x08023280                ETH_IRQHandler
 .text.scmp     0x080233a0       0x44 ./mongoose/mongoose_fs.o
 .text.mg_unlist
                0x080233e4       0x28 ./mongoose/mongoose_fs.o
                0x080233e4                mg_unlist
 .text.mg_unpack
                0x0802340c       0x6c ./mongoose/mongoose_fs.o
                0x0802340c                mg_unpack
 .text.glue_modbus_read_reg
                0x08023478       0x9c ./mongoose/mongoose_glue.o
                0x08023478                glue_modbus_read_reg
 .text.glue_modbus_write_reg
                0x08023514       0x9c ./mongoose/mongoose_glue.o
                0x08023514                glue_modbus_write_reg
 .text.glue_get_local_reg
                0x080235b0       0x50 ./mongoose/mongoose_glue.o
                0x080235b0                glue_get_local_reg
 .text.glue_authenticate
                0x08023600       0x64 ./mongoose/mongoose_glue.o
                0x08023600                glue_authenticate
 .text.glue_check_reboot
                0x08023664       0x24 ./mongoose/mongoose_glue.o
                0x08023664                glue_check_reboot
 .text.glue_start_reboot
                0x08023688       0x60 ./mongoose/mongoose_glue.o
                0x08023688                glue_start_reboot
 .text.glue_check_reformat
                0x080236e8       0x24 ./mongoose/mongoose_glue.o
                0x080236e8                glue_check_reformat
 .text.glue_start_reformat
                0x0802370c       0x60 ./mongoose/mongoose_glue.o
                0x0802370c                glue_start_reformat
 .text.glue_ota_begin_firmware_update
                0x0802376c       0x58 ./mongoose/mongoose_glue.o
                0x0802376c                glue_ota_begin_firmware_update
 .text.glue_ota_end_firmware_update
                0x080237c4       0x34 ./mongoose/mongoose_glue.o
                0x080237c4                glue_ota_end_firmware_update
 .text.glue_ota_write_firmware_update
                0x080237f8       0x50 ./mongoose/mongoose_glue.o
                0x080237f8                glue_ota_write_firmware_update
 .text.glue_upload_open_file_upload
                0x08023848       0x84 ./mongoose/mongoose_glue.o
                0x08023848                glue_upload_open_file_upload
 .text.glue_upload_close_file_upload
                0x080238cc       0x40 ./mongoose/mongoose_glue.o
                0x080238cc                glue_upload_close_file_upload
 .text.glue_upload_write_file_upload
                0x0802390c       0x48 ./mongoose/mongoose_glue.o
                0x0802390c                glue_upload_write_file_upload
 .text.glue_reply_graph_data
                0x08023954       0x38 ./mongoose/mongoose_glue.o
                0x08023954                glue_reply_graph_data
 .text.glue_get_state
                0x0802398c       0x6c ./mongoose/mongoose_glue.o
                0x0802398c                glue_get_state
 .text.glue_get_leds
                0x080239f8       0x74 ./mongoose/mongoose_glue.o
                0x080239f8                glue_get_leds
 .text.glue_set_leds
                0x08023a6c       0x54 ./mongoose/mongoose_glue.o
                0x08023a6c                glue_set_leds
 .text.glue_get_network_settings
                0x08023ac0       0x48 ./mongoose/mongoose_glue.o
                0x08023ac0                glue_get_network_settings
 .text.glue_set_network_settings
                0x08023b08       0x48 ./mongoose/mongoose_glue.o
                0x08023b08                glue_set_network_settings
 .text.glue_get_settings
                0x08023b50       0x24 ./mongoose/mongoose_glue.o
                0x08023b50                glue_get_settings
 .text.glue_set_settings
                0x08023b74       0x24 ./mongoose/mongoose_glue.o
                0x08023b74                glue_set_settings
 .text.glue_get_security
                0x08023b98       0x24 ./mongoose/mongoose_glue.o
                0x08023b98                glue_get_security
 .text.glue_set_security
                0x08023bbc       0x24 ./mongoose/mongoose_glue.o
                0x08023bbc                glue_set_security
 .text.glue_reply_loglevels
                0x08023be0       0x38 ./mongoose/mongoose_glue.o
                0x08023be0                glue_reply_loglevels
 .text.glue_reply_events
                0x08023c18       0x38 ./mongoose/mongoose_glue.o
                0x08023c18                glue_reply_events
 .text.get_api_handler
                0x08023c50       0x9c ./mongoose/mongoose_impl.o
 .text.find_handler
                0x08023cec       0x58 ./mongoose/mongoose_impl.o
 .text.mg_json_get_str2
                0x08023d44       0x58 ./mongoose/mongoose_impl.o
                0x08023d44                mg_json_get_str2
 .text.authenticate
                0x08023d9c      0x1c8 ./mongoose/mongoose_impl.o
 .text.handle_login
                0x08023f64       0xdc ./mongoose/mongoose_impl.o
 .text.handle_logout
                0x08024040       0x70 ./mongoose/mongoose_impl.o
 .text.close_uploaded_file
                0x080240b0       0x42 ./mongoose/mongoose_impl.o
 *fill*         0x080240f2        0x2 
 .text.file_closer
                0x080240f4       0x48 ./mongoose/mongoose_impl.o
 .text.file_writer
                0x0802413c       0x68 ./mongoose/mongoose_impl.o
 .text.upload_handler
                0x080241a4      0x1b4 ./mongoose/mongoose_impl.o
 .text.get_file_name_from_uri
                0x08024358       0x60 ./mongoose/mongoose_impl.o
 .text.prep_upload
                0x080243b8      0x108 ./mongoose/mongoose_impl.o
 .text.handle_uploads
                0x080244c0       0xe4 ./mongoose/mongoose_impl.o
 .text.handle_action
                0x080245a4       0x88 ./mongoose/mongoose_impl.o
 .text.print_struct
                0x0802462c      0x210 ./mongoose/mongoose_impl.o
                0x0802462c                print_struct
 .text.handle_object
                0x0802483c      0x238 ./mongoose/mongoose_impl.o
 .text.print_array
                0x08024a74      0x108 ./mongoose/mongoose_impl.o
 .text.handle_array
                0x08024b7c       0xfc ./mongoose/mongoose_impl.o
 .text.handle_file
                0x08024c78       0x32 ./mongoose/mongoose_impl.o
 *fill*         0x08024caa        0x2 
 .text.handle_api_call
                0x08024cac       0xfc ./mongoose/mongoose_impl.o
 .text.glue_update_state
                0x08024da8       0x1c ./mongoose/mongoose_impl.o
                0x08024da8                glue_update_state
 .text.http_ev_handler
                0x08024dc4      0x46c ./mongoose/mongoose_impl.o
 .text.send_websocket_data
                0x08025230       0xc4 ./mongoose/mongoose_impl.o
 .text.handle_modbus_pdu
                0x080252f4      0x4a0 ./mongoose/mongoose_impl.o
 .text.modbus_ev_handler
                0x08025794       0xa0 ./mongoose/mongoose_impl.o
 .text.mongoose_init
                0x08025834       0xc4 ./mongoose/mongoose_impl.o
                0x08025834                mongoose_init
 .text.mongoose_poll
                0x080258f8       0x18 ./mongoose/mongoose_impl.o
                0x080258f8                mongoose_poll
 .text.abort    0x08025910        0xe C:/ST/STM32CubeIDE_1.18.1/STM32CubeIDE/plugins/com.st.stm32cube.ide.mcu.externaltools.gnu-tools-for-stm32.13.3.rel1.win32_1.0.0.202411081344/tools/bin/../lib/gcc/arm-none-eabi/13.3.1/../../../../arm-none-eabi/lib/thumb/v7e-m+dp/hard\libc_nano.a(libc_a-abort.o)
                0x08025910                abort
 *fill*         0x0802591e        0x2 
 .text.__assert_func
                0x08025920       0x3c C:/ST/STM32CubeIDE_1.18.1/STM32CubeIDE/plugins/com.st.stm32cube.ide.mcu.externaltools.gnu-tools-for-stm32.13.3.rel1.win32_1.0.0.202411081344/tools/bin/../lib/gcc/arm-none-eabi/13.3.1/../../../../arm-none-eabi/lib/thumb/v7e-m+dp/hard\libc_nano.a(libc_a-assert.o)
                0x08025920                __assert_func
 .text.atof     0x0802595c        0x6 C:/ST/STM32CubeIDE_1.18.1/STM32CubeIDE/plugins/com.st.stm32cube.ide.mcu.externaltools.gnu-tools-for-stm32.13.3.rel1.win32_1.0.0.202411081344/tools/bin/../lib/gcc/arm-none-eabi/13.3.1/../../../../arm-none-eabi/lib/thumb/v7e-m+dp/hard\libc_nano.a(libc_a-atof.o)
                0x0802595c                atof
 .text.atoi     0x08025962        0x8 C:/ST/STM32CubeIDE_1.18.1/STM32CubeIDE/plugins/com.st.stm32cube.ide.mcu.externaltools.gnu-tools-for-stm32.13.3.rel1.win32_1.0.0.202411081344/tools/bin/../lib/gcc/arm-none-eabi/13.3.1/../../../../arm-none-eabi/lib/thumb/v7e-m+dp/hard\libc_nano.a(libc_a-atoi.o)
                0x08025962                atoi
 *fill*         0x0802596a        0x2 
 .text.calloc   0x0802596c       0x10 C:/ST/STM32CubeIDE_1.18.1/STM32CubeIDE/plugins/com.st.stm32cube.ide.mcu.externaltools.gnu-tools-for-stm32.13.3.rel1.win32_1.0.0.202411081344/tools/bin/../lib/gcc/arm-none-eabi/13.3.1/../../../../arm-none-eabi/lib/thumb/v7e-m+dp/hard\libc_nano.a(libc_a-calloc.o)
                0x0802596c                calloc
 .text._calloc_r
                0x0802597c       0x28 C:/ST/STM32CubeIDE_1.18.1/STM32CubeIDE/plugins/com.st.stm32cube.ide.mcu.externaltools.gnu-tools-for-stm32.13.3.rel1.win32_1.0.0.202411081344/tools/bin/../lib/gcc/arm-none-eabi/13.3.1/../../../../arm-none-eabi/lib/thumb/v7e-m+dp/hard\libc_nano.a(libc_a-callocr.o)
                0x0802597c                _calloc_r
 .text.malloc   0x080259a4       0x10 C:/ST/STM32CubeIDE_1.18.1/STM32CubeIDE/plugins/com.st.stm32cube.ide.mcu.externaltools.gnu-tools-for-stm32.13.3.rel1.win32_1.0.0.202411081344/tools/bin/../lib/gcc/arm-none-eabi/13.3.1/../../../../arm-none-eabi/lib/thumb/v7e-m+dp/hard\libc_nano.a(libc_a-malloc.o)
                0x080259a4                malloc
 .text.free     0x080259b4       0x10 C:/ST/STM32CubeIDE_1.18.1/STM32CubeIDE/plugins/com.st.stm32cube.ide.mcu.externaltools.gnu-tools-for-stm32.13.3.rel1.win32_1.0.0.202411081344/tools/bin/../lib/gcc/arm-none-eabi/13.3.1/../../../../arm-none-eabi/lib/thumb/v7e-m+dp/hard\libc_nano.a(libc_a-malloc.o)
                0x080259b4                free
 .text.sbrk_aligned
                0x080259c4       0x44 C:/ST/STM32CubeIDE_1.18.1/STM32CubeIDE/plugins/com.st.stm32cube.ide.mcu.externaltools.gnu-tools-for-stm32.13.3.rel1.win32_1.0.0.202411081344/tools/bin/../lib/gcc/arm-none-eabi/13.3.1/../../../../arm-none-eabi/lib/thumb/v7e-m+dp/hard\libc_nano.a(libc_a-mallocr.o)
 .text._malloc_r
                0x08025a08      0x100 C:/ST/STM32CubeIDE_1.18.1/STM32CubeIDE/plugins/com.st.stm32cube.ide.mcu.externaltools.gnu-tools-for-stm32.13.3.rel1.win32_1.0.0.202411081344/tools/bin/../lib/gcc/arm-none-eabi/13.3.1/../../../../arm-none-eabi/lib/thumb/v7e-m+dp/hard\libc_nano.a(libc_a-mallocr.o)
                0x08025a08                _malloc_r
 .text.__malloc_lock
                0x08025b08        0xc C:/ST/STM32CubeIDE_1.18.1/STM32CubeIDE/plugins/com.st.stm32cube.ide.mcu.externaltools.gnu-tools-for-stm32.13.3.rel1.win32_1.0.0.202411081344/tools/bin/../lib/gcc/arm-none-eabi/13.3.1/../../../../arm-none-eabi/lib/thumb/v7e-m+dp/hard\libc_nano.a(libc_a-mlock.o)
                0x08025b08                __malloc_lock
 .text.__malloc_unlock
                0x08025b14        0xc C:/ST/STM32CubeIDE_1.18.1/STM32CubeIDE/plugins/com.st.stm32cube.ide.mcu.externaltools.gnu-tools-for-stm32.13.3.rel1.win32_1.0.0.202411081344/tools/bin/../lib/gcc/arm-none-eabi/13.3.1/../../../../arm-none-eabi/lib/thumb/v7e-m+dp/hard\libc_nano.a(libc_a-mlock.o)
                0x08025b14                __malloc_unlock
 .text.srand    0x08025b20       0x5c C:/ST/STM32CubeIDE_1.18.1/STM32CubeIDE/plugins/com.st.stm32cube.ide.mcu.externaltools.gnu-tools-for-stm32.13.3.rel1.win32_1.0.0.202411081344/tools/bin/../lib/gcc/arm-none-eabi/13.3.1/../../../../arm-none-eabi/lib/thumb/v7e-m+dp/hard\libc_nano.a(libc_a-rand.o)
                0x08025b20                srand
 .text.sulp     0x08025b7c       0x34 C:/ST/STM32CubeIDE_1.18.1/STM32CubeIDE/plugins/com.st.stm32cube.ide.mcu.externaltools.gnu-tools-for-stm32.13.3.rel1.win32_1.0.0.202411081344/tools/bin/../lib/gcc/arm-none-eabi/13.3.1/../../../../arm-none-eabi/lib/thumb/v7e-m+dp/hard\libc_nano.a(libc_a-strtod.o)
 .text._strtod_l
                0x08025bb0      0xb34 C:/ST/STM32CubeIDE_1.18.1/STM32CubeIDE/plugins/com.st.stm32cube.ide.mcu.externaltools.gnu-tools-for-stm32.13.3.rel1.win32_1.0.0.202411081344/tools/bin/../lib/gcc/arm-none-eabi/13.3.1/../../../../arm-none-eabi/lib/thumb/v7e-m+dp/hard\libc_nano.a(libc_a-strtod.o)
                0x08025bb0                _strtod_l
 .text.strtod   0x080266e4       0x18 C:/ST/STM32CubeIDE_1.18.1/STM32CubeIDE/plugins/com.st.stm32cube.ide.mcu.externaltools.gnu-tools-for-stm32.13.3.rel1.win32_1.0.0.202411081344/tools/bin/../lib/gcc/arm-none-eabi/13.3.1/../../../../arm-none-eabi/lib/thumb/v7e-m+dp/hard\libc_nano.a(libc_a-strtod.o)
                0x080266e4                strtod
 .text._strtol_l.isra.0
                0x080266fc       0xf4 C:/ST/STM32CubeIDE_1.18.1/STM32CubeIDE/plugins/com.st.stm32cube.ide.mcu.externaltools.gnu-tools-for-stm32.13.3.rel1.win32_1.0.0.202411081344/tools/bin/../lib/gcc/arm-none-eabi/13.3.1/../../../../arm-none-eabi/lib/thumb/v7e-m+dp/hard\libc_nano.a(libc_a-strtol.o)
 .text.strtol   0x080267f0       0x14 C:/ST/STM32CubeIDE_1.18.1/STM32CubeIDE/plugins/com.st.stm32cube.ide.mcu.externaltools.gnu-tools-for-stm32.13.3.rel1.win32_1.0.0.202411081344/tools/bin/../lib/gcc/arm-none-eabi/13.3.1/../../../../arm-none-eabi/lib/thumb/v7e-m+dp/hard\libc_nano.a(libc_a-strtol.o)
                0x080267f0                strtol
 .text.__cvt    0x08026804       0xa8 C:/ST/STM32CubeIDE_1.18.1/STM32CubeIDE/plugins/com.st.stm32cube.ide.mcu.externaltools.gnu-tools-for-stm32.13.3.rel1.win32_1.0.0.202411081344/tools/bin/../lib/gcc/arm-none-eabi/13.3.1/../../../../arm-none-eabi/lib/thumb/v7e-m+dp/hard\libc_nano.a(libc_a-nano-vfprintf_float.o)
                0x08026804                __cvt
 .text.__exponent
                0x080268ac       0x74 C:/ST/STM32CubeIDE_1.18.1/STM32CubeIDE/plugins/com.st.stm32cube.ide.mcu.externaltools.gnu-tools-for-stm32.13.3.rel1.win32_1.0.0.202411081344/tools/bin/../lib/gcc/arm-none-eabi/13.3.1/../../../../arm-none-eabi/lib/thumb/v7e-m+dp/hard\libc_nano.a(libc_a-nano-vfprintf_float.o)
                0x080268ac                __exponent
 .text._printf_float
                0x08026920      0x434 C:/ST/STM32CubeIDE_1.18.1/STM32CubeIDE/plugins/com.st.stm32cube.ide.mcu.externaltools.gnu-tools-for-stm32.13.3.rel1.win32_1.0.0.202411081344/tools/bin/../lib/gcc/arm-none-eabi/13.3.1/../../../../arm-none-eabi/lib/thumb/v7e-m+dp/hard\libc_nano.a(libc_a-nano-vfprintf_float.o)
                0x08026920                _printf_float
 .text._printf_common
                0x08026d54       0xda C:/ST/STM32CubeIDE_1.18.1/STM32CubeIDE/plugins/com.st.stm32cube.ide.mcu.externaltools.gnu-tools-for-stm32.13.3.rel1.win32_1.0.0.202411081344/tools/bin/../lib/gcc/arm-none-eabi/13.3.1/../../../../arm-none-eabi/lib/thumb/v7e-m+dp/hard\libc_nano.a(libc_a-nano-vfprintf_i.o)
                0x08026d54                _printf_common
 *fill*         0x08026e2e        0x2 
 .text._printf_i
                0x08026e30      0x23c C:/ST/STM32CubeIDE_1.18.1/STM32CubeIDE/plugins/com.st.stm32cube.ide.mcu.externaltools.gnu-tools-for-stm32.13.3.rel1.win32_1.0.0.202411081344/tools/bin/../lib/gcc/arm-none-eabi/13.3.1/../../../../arm-none-eabi/lib/thumb/v7e-m+dp/hard\libc_nano.a(libc_a-nano-vfprintf_i.o)
                0x08026e30                _printf_i
 .text.__sflush_r
                0x0802706c      0x108 C:/ST/STM32CubeIDE_1.18.1/STM32CubeIDE/plugins/com.st.stm32cube.ide.mcu.externaltools.gnu-tools-for-stm32.13.3.rel1.win32_1.0.0.202411081344/tools/bin/../lib/gcc/arm-none-eabi/13.3.1/../../../../arm-none-eabi/lib/thumb/v7e-m+dp/hard\libc_nano.a(libc_a-fflush.o)
                0x0802706c                __sflush_r
 .text._fflush_r
                0x08027174       0x50 C:/ST/STM32CubeIDE_1.18.1/STM32CubeIDE/plugins/com.st.stm32cube.ide.mcu.externaltools.gnu-tools-for-stm32.13.3.rel1.win32_1.0.0.202411081344/tools/bin/../lib/gcc/arm-none-eabi/13.3.1/../../../../arm-none-eabi/lib/thumb/v7e-m+dp/hard\libc_nano.a(libc_a-fflush.o)
                0x08027174                _fflush_r
 .text.std      0x080271c4       0x6c C:/ST/STM32CubeIDE_1.18.1/STM32CubeIDE/plugins/com.st.stm32cube.ide.mcu.externaltools.gnu-tools-for-stm32.13.3.rel1.win32_1.0.0.202411081344/tools/bin/../lib/gcc/arm-none-eabi/13.3.1/../../../../arm-none-eabi/lib/thumb/v7e-m+dp/hard\libc_nano.a(libc_a-findfp.o)
 .text.stdio_exit_handler
                0x08027230       0x18 C:/ST/STM32CubeIDE_1.18.1/STM32CubeIDE/plugins/com.st.stm32cube.ide.mcu.externaltools.gnu-tools-for-stm32.13.3.rel1.win32_1.0.0.202411081344/tools/bin/../lib/gcc/arm-none-eabi/13.3.1/../../../../arm-none-eabi/lib/thumb/v7e-m+dp/hard\libc_nano.a(libc_a-findfp.o)
 .text.cleanup_stdio
                0x08027248       0x40 C:/ST/STM32CubeIDE_1.18.1/STM32CubeIDE/plugins/com.st.stm32cube.ide.mcu.externaltools.gnu-tools-for-stm32.13.3.rel1.win32_1.0.0.202411081344/tools/bin/../lib/gcc/arm-none-eabi/13.3.1/../../../../arm-none-eabi/lib/thumb/v7e-m+dp/hard\libc_nano.a(libc_a-findfp.o)
 .text.global_stdio_init.part.0
                0x08027288       0x3c C:/ST/STM32CubeIDE_1.18.1/STM32CubeIDE/plugins/com.st.stm32cube.ide.mcu.externaltools.gnu-tools-for-stm32.13.3.rel1.win32_1.0.0.202411081344/tools/bin/../lib/gcc/arm-none-eabi/13.3.1/../../../../arm-none-eabi/lib/thumb/v7e-m+dp/hard\libc_nano.a(libc_a-findfp.o)
 .text.__sfp_lock_acquire
                0x080272c4        0xc C:/ST/STM32CubeIDE_1.18.1/STM32CubeIDE/plugins/com.st.stm32cube.ide.mcu.externaltools.gnu-tools-for-stm32.13.3.rel1.win32_1.0.0.202411081344/tools/bin/../lib/gcc/arm-none-eabi/13.3.1/../../../../arm-none-eabi/lib/thumb/v7e-m+dp/hard\libc_nano.a(libc_a-findfp.o)
                0x080272c4                __sfp_lock_acquire
 .text.__sfp_lock_release
                0x080272d0        0xc C:/ST/STM32CubeIDE_1.18.1/STM32CubeIDE/plugins/com.st.stm32cube.ide.mcu.externaltools.gnu-tools-for-stm32.13.3.rel1.win32_1.0.0.202411081344/tools/bin/../lib/gcc/arm-none-eabi/13.3.1/../../../../arm-none-eabi/lib/thumb/v7e-m+dp/hard\libc_nano.a(libc_a-findfp.o)
                0x080272d0                __sfp_lock_release