../Core/Src/frozen.c:116:12:json_append_to_path	32	static
../Core/Src/frozen.c:126:13:json_truncate_path	16	static
../Core/Src/frozen.c:147:12:json_left	16	static
../Core/Src/frozen.c:151:12:json_isspace	16	static
../Core/Src/frozen.c:155:13:json_skip_whitespaces	16	static
../Core/Src/frozen.c:159:12:json_cur	16	static
../Core/Src/frozen.c:164:12:json_test_and_skip	24	static
../Core/Src/frozen.c:173:12:json_isalpha	16	static
../Core/Src/frozen.c:177:12:json_isdigit	16	static
../Core/Src/frozen.c:181:12:json_isxdigit	16	static
../Core/Src/frozen.c:186:12:json_get_escape_len	16	static
../Core/Src/frozen.c:209:12:json_parse_identifier	56	static
../Core/Src/frozen.c:223:12:json_get_utf8_char_len	16	static
../Core/Src/frozen.c:236:12:json_parse_string	72	static
../Core/Src/frozen.c:261:12:json_parse_number	56	static
../Core/Src/frozen.c:296:12:json_parse_array	104	static
../Core/Src/frozen.c:324:12:json_expect	72	static
../Core/Src/frozen.c:341:12:json_parse_value	48	static
../Core/Src/frozen.c:390:12:json_parse_key	32	static
../Core/Src/frozen.c:403:12:json_parse_pair	40	static
../Core/Src/frozen.c:421:12:json_parse_object	80	static
../Core/Src/frozen.c:437:12:json_doit	16	static
../Core/Src/frozen.c:444:5:json_escape	56	static
../Core/Src/frozen.c:473:5:json_printer_buf	40	static
../Core/Src/frozen.c:487:5:json_printer_file	24	static
../Core/Src/frozen.c:492:12:b64idx	16	static
../Core/Src/frozen.c:504:12:b64rev	16	static
../Core/Src/frozen.c:520:12:b64enc	48	static
../Core/Src/frozen.c:536:12:b64dec	48	static
../Core/Src/frozen.c:555:22:hexdec	32	static
../Core/Src/frozen.c:563:5:json_vprintf	192	static
../Core/Src/frozen.c:753:5:json_printf	28	static
../Core/Src/frozen.c:763:5:json_printf_array	48	static
../Core/Src/frozen.c:813:5:json_walk	40	static
../Core/Src/frozen.c:831:5:json_walk_args	320	static
../Core/Src/frozen.c:861:13:json_scanf_array_elem_cb	32	static
../Core/Src/frozen.c:877:5:json_scanf_array_elem	304	static
../Core/Src/frozen.c:898:5:json_unescape	48	static
../Core/Src/frozen.c:931:13:json_scanf_cb	120	static
../Core/Src/frozen.c:1069:5:json_vscanf	360	static
../Core/Src/frozen.c:1125:5:json_scanf	24	static
../Core/Src/frozen.c:1135:5:json_vfprintf	48	static
../Core/Src/frozen.c:1148:5:json_fprintf	28	static
../Core/Src/frozen.c:1158:7:json_fread	32	static
../Core/Src/frozen.c:1189:12:get_matched_prefix_len	24	static
../Core/Src/frozen.c:1195:13:json_vsetf_cb	40	static
../Core/Src/frozen.c:1239:5:json_vsetf	72	static
../Core/Src/frozen.c:1296:5:json_setf	40	static
../Core/Src/frozen.c:1312:13:indent	16	static
../Core/Src/frozen.c:1316:13:print_key	24	static
../Core/Src/frozen.c:1333:13:prettify_cb	32	static
../Core/Src/frozen.c:1372:5:json_prettify	40	static
../Core/Src/frozen.c:1378:5:json_prettify_file	48	static
../Core/Src/frozen.c:1410:13:next_set_key	32	static
../Core/Src/frozen.c:1431:13:json_next_cb	40	static
../Core/Src/frozen.c:1453:14:json_next	96	static
../Core/Src/frozen.c:1465:7:json_next_key	40	static
../Core/Src/frozen.c:1472:7:json_next_elem	40	static
../Core/Src/frozen.c:1477:12:json_sprinter	40	static
../Core/Src/frozen.c:1490:7:json_vasprintf	32	static
../Core/Src/frozen.c:1499:7:json_asprintf	16	static
