../Core/Inc/jsmn.h:106:19:jsmn_alloc_token	32	static
../Core/Inc/jsmn.h:124:13:jsmn_fill_token	24	static
../Core/Inc/jsmn.h:135:12:jsmn_parse_primitive	32	static
../Core/Inc/jsmn.h:193:12:jsmn_parse_string	40	static
../Core/Inc/jsmn.h:268:14:jsmn_parse	56	static
../Core/Inc/jsmn.h:459:15:jsmn_init	16	static
../Core/Src/main.c:119:6:mg_random	24	static
../Core/Src/main.c:128:10:mg_millis	16	static
../Core/Src/main.c:132:5:_write	24	static
../Core/Src/main.c:139:13:http_event_handler	40	static
../Core/Src/main.c:173:6:perform_http_data_read	16	static
../Core/Src/main.c:197:6:wait_for_network_ready	16	static
../Core/Src/main.c:207:8:mg_str_to_d	88	static
../Core/Src/main.c:217:6:write_json_to_nfc	8072	static
../Core/Src/main.c:292:6:parse_float_request_fields	112	static
../Core/Src/main.c:361:6:copy_and_strip_quotes	32	static
../Core/Src/main.c:373:6:read_phone_request_json	1352	static
../Core/Src/main.c:468:6:perform_http_get	10160	static
../Core/Src/main.c:514:5:parse_response_json	272	static
../Core/Src/main.c:585:6:make_compact_json	48	static
../Core/Src/main.c:608:5:main	8	static
../Core/Src/main.c:678:6:SystemClock_Config	120	static
../Core/Src/main.c:739:13:MX_ETH_Init	8	static
../Core/Src/main.c:788:13:MX_I2C1_Init	8	static
../Core/Src/main.c:836:13:MX_RNG_Init	8	static
../Core/Src/main.c:863:13:MX_USART3_UART_Init	8	static
../Core/Src/main.c:911:13:MX_GPIO_Init	56	static
../Core/Src/main.c:994:6:Error_Handler	4	static,ignoring_inline_asm
